Component: ARM Compiler 5.05 update 1 (build 106) Tool: armlink [4d0efa]

==============================================================================

Section Cross References

    startup_stm32f405xx.o(RESET) refers to startup_stm32f405xx.o(STACK) for __initial_sp
    startup_stm32f405xx.o(RESET) refers to startup_stm32f405xx.o(.text) for Reset_Handler
    startup_stm32f405xx.o(RESET) refers to stm32f4xx_it.o(i.NMI_Handler) for NMI_Handler
    startup_stm32f405xx.o(RESET) refers to stm32f4xx_it.o(i.HardFault_Handler) for HardFault_Handler
    startup_stm32f405xx.o(RESET) refers to stm32f4xx_it.o(i.MemManage_Handler) for MemManage_Handler
    startup_stm32f405xx.o(RESET) refers to stm32f4xx_it.o(i.BusFault_Handler) for BusFault_Handler
    startup_stm32f405xx.o(RESET) refers to stm32f4xx_it.o(i.UsageFault_Handler) for UsageFault_Handler
    startup_stm32f405xx.o(RESET) refers to port.o(.emb_text) for SVC_Handler
    startup_stm32f405xx.o(RESET) refers to stm32f4xx_it.o(i.DebugMon_Handler) for DebugMon_Handler
    startup_stm32f405xx.o(RESET) refers to port.o(i.SysTick_Handler) for SysTick_Handler
    startup_stm32f405xx.o(RESET) refers to stm32f4xx_it.o(i.DMA1_Stream0_IRQHandler) for DMA1_Stream0_IRQHandler
    startup_stm32f405xx.o(RESET) refers to stm32f4xx_it.o(i.DMA1_Stream1_IRQHandler) for DMA1_Stream1_IRQHandler
    startup_stm32f405xx.o(RESET) refers to stm32f4xx_it.o(i.CAN1_RX0_IRQHandler) for CAN1_RX0_IRQHandler
    startup_stm32f405xx.o(RESET) refers to stm32f4xx_it.o(i.USART1_IRQHandler) for USART1_IRQHandler
    startup_stm32f405xx.o(RESET) refers to stm32f4xx_it.o(i.USART3_IRQHandler) for USART3_IRQHandler
    startup_stm32f405xx.o(RESET) refers to stm32f4xx_it.o(i.UART5_IRQHandler) for UART5_IRQHandler
    startup_stm32f405xx.o(RESET) refers to stm32f4xx_it.o(i.TIM7_IRQHandler) for TIM7_IRQHandler
    startup_stm32f405xx.o(RESET) refers to stm32f4xx_it.o(i.DMA2_Stream0_IRQHandler) for DMA2_Stream0_IRQHandler
    startup_stm32f405xx.o(RESET) refers to stm32f4xx_it.o(i.DMA2_Stream1_IRQHandler) for DMA2_Stream1_IRQHandler
    startup_stm32f405xx.o(RESET) refers to stm32f4xx_it.o(i.DMA2_Stream2_IRQHandler) for DMA2_Stream2_IRQHandler
    startup_stm32f405xx.o(RESET) refers to stm32f4xx_it.o(i.CAN2_RX0_IRQHandler) for CAN2_RX0_IRQHandler
    startup_stm32f405xx.o(RESET) refers to stm32f4xx_it.o(i.USART6_IRQHandler) for USART6_IRQHandler
    startup_stm32f405xx.o(.text) refers to system_stm32f4xx.o(i.SystemInit) for SystemInit
    startup_stm32f405xx.o(.text) refers to entry.o(.ARM.Collect$$$$00000000) for __main
    main.o(i.HAL_TIM_PeriodElapsedCallback) refers to stm32f4xx_hal.o(i.HAL_IncTick) for HAL_IncTick
    main.o(i.SystemClock_Config) refers to memseta.o(.text) for __aeabi_memclr4
    main.o(i.SystemClock_Config) refers to stm32f4xx_hal_rcc.o(i.HAL_RCC_OscConfig) for HAL_RCC_OscConfig
    main.o(i.SystemClock_Config) refers to stm32f4xx_hal_rcc.o(i.HAL_RCC_ClockConfig) for HAL_RCC_ClockConfig
    main.o(i.main) refers to stm32f4xx_hal.o(i.HAL_Init) for HAL_Init
    main.o(i.main) refers to main.o(i.SystemClock_Config) for SystemClock_Config
    main.o(i.main) refers to gpio.o(i.MX_GPIO_Init) for MX_GPIO_Init
    main.o(i.main) refers to dma.o(i.MX_DMA_Init) for MX_DMA_Init
    main.o(i.main) refers to adc.o(i.MX_ADC1_Init) for MX_ADC1_Init
    main.o(i.main) refers to can.o(i.MX_CAN1_Init) for MX_CAN1_Init
    main.o(i.main) refers to can.o(i.MX_CAN2_Init) for MX_CAN2_Init
    main.o(i.main) refers to dac.o(i.MX_DAC_Init) for MX_DAC_Init
    main.o(i.main) refers to usart.o(i.MX_UART5_Init) for MX_UART5_Init
    main.o(i.main) refers to usart.o(i.MX_USART1_UART_Init) for MX_USART1_UART_Init
    main.o(i.main) refers to usart.o(i.MX_USART3_UART_Init) for MX_USART3_UART_Init
    main.o(i.main) refers to usart.o(i.MX_USART6_UART_Init) for MX_USART6_UART_Init
    main.o(i.main) refers to tim.o(i.MX_TIM2_Init) for MX_TIM2_Init
    main.o(i.main) refers to tim.o(i.MX_TIM3_Init) for MX_TIM3_Init
    main.o(i.main) refers to tim.o(i.MX_TIM4_Init) for MX_TIM4_Init
    main.o(i.main) refers to tim.o(i.MX_TIM5_Init) for MX_TIM5_Init
    main.o(i.main) refers to tim.o(i.MX_TIM1_Init) for MX_TIM1_Init
    main.o(i.main) refers to tim.o(i.MX_TIM8_Init) for MX_TIM8_Init
    main.o(i.main) refers to tim.o(i.MX_TIM9_Init) for MX_TIM9_Init
    main.o(i.main) refers to tim.o(i.MX_TIM12_Init) for MX_TIM12_Init
    main.o(i.main) refers to init_ctrl.o(i.Init_InitAll) for Init_InitAll
    main.o(i.main) refers to freertos.o(i.MX_FREERTOS_Init) for MX_FREERTOS_Init
    main.o(i.main) refers to cmsis_os.o(i.osKernelStart) for osKernelStart
    gpio.o(i.MX_GPIO_Init) refers to memseta.o(.text) for __aeabi_memclr4
    gpio.o(i.MX_GPIO_Init) refers to stm32f4xx_hal_gpio.o(i.HAL_GPIO_WritePin) for HAL_GPIO_WritePin
    gpio.o(i.MX_GPIO_Init) refers to stm32f4xx_hal_gpio.o(i.HAL_GPIO_Init) for HAL_GPIO_Init
[...]
    MX_TIM9_Init                             0x08004019   Thumb Code    66  tim.o(i.MX_TIM9_Init)
    MX_UART5_Init                            0x08004065   Thumb Code    48  usart.o(i.MX_UART5_Init)
    MX_USART1_UART_Init                      0x0800409d   Thumb Code    50  usart.o(i.MX_USART1_UART_Init)
    MX_USART3_UART_Init                      0x080040dd   Thumb Code    48  usart.o(i.MX_USART3_UART_Init)
    MX_USART6_UART_Init                      0x08004115   Thumb Code    52  usart.o(i.MX_USART6_UART_Init)
    Math_CalcSlopeRef                        0x08004151   Thumb Code    90  math_alg.o(i.Math_CalcSlopeRef)
    Math_Differential                        0x080041ab   Thumb Code    44  math_alg.o(i.Math_Differential)
    Math_InitSlopeParam                      0x080041d7   Thumb Code     6  math_alg.o(i.Math_InitSlopeParam)
    MemManage_Handler                        0x080041dd   Thumb Code     2  stm32f4xx_it.o(i.MemManage_Handler)
    MiniPC_ArmorPacketDecode                 0x080041e1   Thumb Code   104  minipc_periph.o(i.MiniPC_ArmorPacketDecode)
    MiniPC_CalcAutoAim                       0x08004255   Thumb Code    18  gim_minipc_ctrl.o(i.MiniPC_CalcAutoAim)
    MiniPC_ChangeAimMode                     0x08004269   Thumb Code    18  gim_minipc_ctrl.o(i.MiniPC_ChangeAimMode)
    MiniPC_DecodeMiniPCPacket                0x08004281   Thumb Code    48  minipc_periph.o(i.MiniPC_DecodeMiniPCPacket)
    MiniPC_GetMiniPCControlDataPtr           0x080042b5   Thumb Code     4  gim_minipc_ctrl.o(i.MiniPC_GetMiniPCControlDataPtr)
    MiniPC_GetMiniPCDataPtr                  0x080042bd   Thumb Code     4  minipc_periph.o(i.MiniPC_GetMiniPCDataPtr)
    MiniPC_HeartPacketDecode                 0x080042c5   Thumb Code    18  minipc_periph.o(i.MiniPC_HeartPacketDecode)
    MiniPC_InitControl                       0x080042dd   Thumb Code    36  gim_minipc_ctrl.o(i.MiniPC_InitControl)
    MiniPC_InitMiniPC                        0x08004305   Thumb Code    28  minipc_periph.o(i.MiniPC_InitMiniPC)
    MiniPC_RXCallback                        0x08004329   Thumb Code    62  minipc_periph.o(i.MiniPC_RXCallback)
    MiniPC_ResetMiniPCData                   0x0800436d   Thumb Code    40  minipc_periph.o(i.MiniPC_ResetMiniPCData)
    MiniPC_SendHeartPacket                   0x0800439d   Thumb Code   112  minipc_periph.o(i.MiniPC_SendHeartPacket)
    MiniPC_SetGimbalRef                      0x08004415   Thumb Code   132  gim_minipc_ctrl.o(i.MiniPC_SetGimbalRef)
    MiniPC_SetTargetFollowMode               0x080044a1   Thumb Code    42  gim_minipc_ctrl.o(i.MiniPC_SetTargetFollowMode)
    MiniPC_Task                              0x080044d9   Thumb Code    12  freertos.o(i.MiniPC_Task)
    MiniPC_Update                            0x080044e5   Thumb Code    68  minipc_periph.o(i.MiniPC_Update)
    MiniPC_UpdateAutoAim                     0x0800452d   Thumb Code     4  gim_minipc_ctrl.o(i.MiniPC_UpdateAutoAim)
    MiniPC_UpdateControlData                 0x08004531   Thumb Code    48  gim_minipc_ctrl.o(i.MiniPC_UpdateControlData)
    Motor_CalcMotorOutput                    0x08004565   Thumb Code   134  motor_periph.o(i.Motor_CalcMotorOutput)
    Motor_CalcMotorOutputRingOverrided       0x080045eb   Thumb Code   110  motor_periph.o(i.Motor_CalcMotorOutputRingOverrided)
    Motor_DecodeEncoder                      0x08004659   Thumb Code    62  motor_periph.o(i.Motor_DecodeEncoder)
    Motor_EncoderDecodeCallback              0x08004699   Thumb Code    34  motor_periph.o(i.Motor_EncoderDecodeCallback)
    Motor_GetMotorOutput                     0x080046c9   Thumb Code    32  motor_periph.o(i.Motor_GetMotorOutput)
    Motor_InitAllMotors                      0x080046ed   Thumb Code   418  motor_periph.o(i.Motor_InitAllMotors)
    Motor_InitMotor                          0x080048b9   Thumb Code   168  motor_periph.o(i.Motor_InitMotor)
    Motor_InitMotorGroup                     0x08004965   Thumb Code    54  motor_periph.o(i.Motor_InitMotorGroup)
    Motor_InitMotorParam                     0x0800499b   Thumb Code   116  motor_periph.o(i.Motor_InitMotorParam)
    Motor_ReadPWMEncoder                     0x08004a11   Thumb Code   100  motor_periph.o(i.Motor_ReadPWMEncoder)
    Motor_ResetMotorPID                      0x08004a79   Thumb Code    42  motor_periph.o(i.Motor_ResetMotorPID)
    Motor_SendMotorGroupOutput               0x08004aa5   Thumb Code   208  motor_periph.o(i.Motor_SendMotorGroupOutput)
    Motor_SendMotorPWMOutput                 0x08004b75   Thumb Code    84  motor_periph.o(i.Motor_SendMotorPWMOutput)
    Motor_SetMotorFdb                        0x08004bd9   Thumb Code    38  motor_periph.o(i.Motor_SetMotorFdb)
    Motor_SetMotorRef                        0x08004bff   Thumb Code    34  motor_periph.o(i.Motor_SetMotorRef)
    NMI_Handler                              0x08004c21   Thumb Code     2  stm32f4xx_it.o(i.NMI_Handler)
    PID_AddPIDRef                            0x08004c23   Thumb Code    14  pid_alg.o(i.PID_AddPIDRef)
    PID_CalcPID                              0x08004c31   Thumb Code   688  pid_alg.o(i.PID_CalcPID)
    PID_ClearPID                             0x08004ee1   Thumb Code    58  pid_alg.o(i.PID_ClearPID)
    PID_GetPIDOutput                         0x08004f21   Thumb Code     6  pid_alg.o(i.PID_GetPIDOutput)
    PID_InitPIDParam                         0x08004f27   Thumb Code    98  pid_alg.o(i.PID_InitPIDParam)
    PID_SetPIDFdb                            0x08004f89   Thumb Code     6  pid_alg.o(i.PID_SetPIDFdb)
    PID_SetPIDRef                            0x08004f8f   Thumb Code     6  pid_alg.o(i.PID_SetPIDRef)
    PWM_InitPWM                              0x08004f95   Thumb Code    58  pwm_util.o(i.PWM_InitPWM)
    PWM_SetPWMDuty                           0x08004fe5   Thumb Code    84  pwm_util.o(i.PWM_SetPWMDuty)
    PWM_SetPWMFreq                           0x08005039   Thumb Code    72  pwm_util.o(i.PWM_SetPWMFreq)
    PWM_StartPWM                             0x08005081   Thumb Code    28  pwm_util.o(i.PWM_StartPWM)
    PWM_StopPWM                              0x0800509d   Thumb Code    28  pwm_util.o(i.PWM_StopPWM)
    Referee_Task                             0x080050b9   Thumb Code     8  freertos.o(i.Referee_Task)
    Remote_CancelChannelOffset               0x080050c1   Thumb Code    10  remote_periph.o(i.Remote_CancelChannelOffset)
    Remote_ControlCom                        0x080050d1   Thumb Code   108  gim_remote_ctrl.o(i.Remote_ControlCom)
    Remote_DecodeKeyboardData                0x08005149   Thumb Code    96  remote_periph.o(i.Remote_DecodeKeyboardData)
    Remote_DecodeRemoteData                  0x080051a9   Thumb Code   198  remote_periph.o(i.Remote_DecodeRemoteData)
    Remote_Gesture                           0x0800526f   Thumb Code    54  gim_remote_ctrl.o(i.Remote_Gesture)
    Remote_GestureFunction_1                 0x080052a5   Thumb Code    16  gim_remote_ctrl.o(i.Remote_GestureFunction_1)
    Remote_GestureFunction_2                 0x080052b9   Thumb Code    16  gim_remote_ctrl.o(i.Remote_GestureFunction_2)
    Remote_GestureFunction_3                 0x080052cd   Thumb Code    10  gim_remote_ctrl.o(i.Remote_GestureFunction_3)
    Remote_GestureFunction_4                 0x080052e1   Thumb Code    10  gim_remote_ctrl.o(i.Remote_GestureFunction_4)
    Remote_Gesturejudge                      0x080052f5   Thumb Code   220  gim_remote_ctrl.o(i.Remote_Gesturejudge)
    Remote_GetRemoteDataPtr                  0x080053d9   Thumb Code     4  remote_periph.o(i.Remote_GetRemoteDataPtr)
    Remote_InitRemote                        0x080053e1   Thumb Code    40  remote_periph.o(i.Remote_InitRemote)
    Remote_IsRemoteError                     0x08005411   Thumb Code    48  remote_periph.o(i.Remote_IsRemoteError)
    Remote_KeyMouseProcess                   0x08005441   Thumb Code   624  gim_remote_ctrl.o(i.Remote_KeyMouseProcess)
    Remote_MouseShooterModeSet               0x080056f9   Thumb Code   104  gim_remote_ctrl.o(i.Remote_MouseShooterModeSet)
    Remote_RXCallback                        0x08005771   Thumb Code    60  remote_periph.o(i.Remote_RXCallback)
    Remote_RemoteProcess                     0x080057b1   Thumb Code   212  gim_remote_ctrl.o(i.Remote_RemoteProcess)
    Remote_RemoteShooterModeSet              0x080058a9   Thumb Code    74  gim_remote_ctrl.o(i.Remote_RemoteShooterModeSet)
    Remote_ResetRemoteData                   0x08005901   Thumb Code    52  remote_periph.o(i.Remote_ResetRemoteData)
    Remote_Task                              0x08005935   Thumb Code    12  freertos.o(i.Remote_Task)
    Remotr_RemotrControlInit                 0x08005941   Thumb Code    40  gim_remote_ctrl.o(i.Remotr_RemotrControlInit)
    Servo_GetServoAngle                      0x08005975   Thumb Code     6  servo_periph.o(i.Servo_GetServoAngle)
    Servo_InitAllServos                      0x0800597d   Thumb Code    10  servo_periph.o(i.Servo_InitAllServos)
    Servo_InitServo                          0x08005991   Thumb Code    44  servo_periph.o(i.Servo_InitServo)
    Servo_SetServoAngle                      0x080059c5   Thumb Code    30  servo_periph.o(i.Servo_SetServoAngle)
    Servo_StartServo                         0x080059f1   Thumb Code    10  servo_periph.o(i.Servo_StartServo)
    Shoot_Task                               0x080059fb   Thumb Code    12  freertos.o(i.Shoot_Task)
    Shooter_AngleCorrect                     0x08005a09   Thumb Code    50  gim_shoot_ctrl.o(i.Shooter_AngleCorrect)
    Shooter_ChangeFeederMode                 0x08005a45   Thumb Code    40  gim_shoot_ctrl.o(i.Shooter_ChangeFeederMode)
    Shooter_ChangeShooterMode                0x08005a71   Thumb Code     6  gim_shoot_ctrl.o(i.Shooter_ChangeShooterMode)
    Shooter_Control                          0x08005a7d   Thumb Code    22  gim_shoot_ctrl.o(i.Shooter_Control)
    Shooter_FeederControl                    0x08005a95   Thumb Code   104  gim_shoot_ctrl.o(i.Shooter_FeederControl)
    Shooter_FeederMotorLockedJudge           0x08005b11   Thumb Code   124  gim_shoot_ctrl.o(i.Shooter_FeederMotorLockedJudge)
    Shooter_GetRefereeSpeed                  0x08005ba5   Thumb Code    36  gim_shoot_ctrl.o(i.Shooter_GetRefereeSpeed)
    Shooter_GetShooterControlPtr             0x08005bd5   Thumb Code     4  gim_shoot_ctrl.o(i.Shooter_GetShooterControlPtr)
    Shooter_HeatCtrl                         0x08005bdd   Thumb Code   212  gim_shoot_ctrl.o(i.Shooter_HeatCtrl)
    Shooter_InitShooter                      0x08005cd5   Thumb Code    50  gim_shoot_ctrl.o(i.Shooter_InitShooter)
    Shooter_InitShooterMotor                 0x08005d11   Thumb Code   112  gim_shoot_ctrl.o(i.Shooter_InitShooterMotor)
    Shooter_MotorLockedHandle                0x08005d95   Thumb Code    54  gim_shoot_ctrl.o(i.Shooter_MotorLockedHandle)
    Shooter_SetFeederSpeed                   0x08005ddd   Thumb Code     8  gim_shoot_ctrl.o(i.Shooter_SetFeederSpeed)
    Shooter_SetShooterSpeed                  0x08005de9   Thumb Code    12  gim_shoot_ctrl.o(i.Shooter_SetShooterSpeed)
    Shooter_ShootControl                     0x08005df9   Thumb Code   136  gim_shoot_ctrl.o(i.Shooter_ShootControl)
    Shooter_ShooterMotorOutput               0x08005ea5   Thumb Code    28  gim_shoot_ctrl.o(i.Shooter_ShooterMotorOutput)
    Shooter_SingleShootCtrl                  0x08005ecd   Thumb Code    32  gim_shoot_ctrl.o(i.Shooter_SingleShootCtrl)
    Shooter_SingleShootReset                 0x08005ef9   Thumb Code     8  gim_shoot_ctrl.o(i.Shooter_SingleShootReset)
    Shooter_UpdataControlData                0x08005f05   Thumb Code    56  gim_shoot_ctrl.o(i.Shooter_UpdataControlData)
    StartDefaultTask                         0x08005f49   Thumb Code     8  freertos.o(i.StartDefaultTask)
    SuperCap_Task                            0x08005f51   Thumb Code     8  freertos.o(i.SuperCap_Task)
    SysTick_Handler                          0x08005f59   Thumb Code    38  port.o(i.SysTick_Handler)
    SystemClock_Config                       0x08005f85   Thumb Code   140  main.o(i.SystemClock_Config)
    SystemInit                               0x08006019   Thumb Code    22  system_stm32f4xx.o(i.SystemInit)
    TIM7_IRQHandler                          0x08006035   Thumb Code     6  stm32f4xx_it.o(i.TIM7_IRQHandler)
    TIM_Base_SetConfig                       0x08006041   Thumb Code   156  stm32f4xx_hal_tim.o(i.TIM_Base_SetConfig)
    TIM_CCxChannelCmd                        0x08006109   Thumb Code    26  stm32f4xx_hal_tim.o(i.TIM_CCxChannelCmd)
    TIM_ETR_SetConfig                        0x08006123   Thumb Code    20  stm32f4xx_hal_tim.o(i.TIM_ETR_SetConfig)
    TIM_OC2_SetConfig                        0x080061a9   Thumb Code    98  stm32f4xx_hal_tim.o(i.TIM_OC2_SetConfig)
    UART5_IRQHandler                         0x08006315   Thumb Code    18  stm32f4xx_it.o(i.UART5_IRQHandler)
    USART1_IRQHandler                        0x0800657d   Thumb Code    18  stm32f4xx_it.o(i.USART1_IRQHandler)
    USART3_IRQHandler                        0x08006595   Thumb Code    18  stm32f4xx_it.o(i.USART3_IRQHandler)
    USART6_IRQHandler                        0x080065ad   Thumb Code    18  stm32f4xx_it.o(i.USART6_IRQHandler)
    Uart_DMACurrentDataCounter               0x080065c5   Thumb Code     6  uart_util.o(i.Uart_DMACurrentDataCounter)
    Uart_InitUartDMA                         0x080065cb   Thumb Code    20  uart_util.o(i.Uart_InitUartDMA)
    Uart_ReceiveDMA                          0x080065df   Thumb Code    56  uart_util.o(i.Uart_ReceiveDMA)
    Uart_ReceiveHandler                      0x08006617   Thumb Code    32  uart_util.o(i.Uart_ReceiveHandler)
    Uart_RxIdleCallback                      0x08006639   Thumb Code    52  uart_util.o(i.Uart_RxIdleCallback)
    Uart_SendMessage_IT                      0x08006679   Thumb Code     4  uart_util.o(i.Uart_SendMessage_IT)
    UsageFault_Handler                       0x0800667d   Thumb Code     2  stm32f4xx_it.o(i.UsageFault_Handler)
    WatchDog_FeedDog                         0x0800667f   Thumb Code     2  watchdog_ctrl.o(i.WatchDog_FeedDog)
    WatchDog_Task                            0x08006681   Thumb Code    12  freertos.o(i.WatchDog_Task)
    __scatterload_copy                       0x080066ad   Thumb Code    14  handlers.o(i.__scatterload_copy)
    __scatterload_null                       0x080066bb   Thumb Code     2  handlers.o(i.__scatterload_null)
    __scatterload_zeroinit                   0x080066bd   Thumb Code    14  handlers.o(i.__scatterload_zeroinit)
    _cmd_mode_control                        0x080066cb   Thumb Code     2  buscomm_ctrl.o(i._cmd_mode_control)
    _cmd_ui_mode_control                     0x080066cd   Thumb Code     2  buscomm_ctrl.o(i._cmd_ui_mode_control)
    buff2float                               0x08006d7d   Thumb Code     8  buff_lib.o(i.buff2float)
    buff2i16                                 0x08006d85   Thumb Code     6  buff_lib.o(i.buff2i16)
    buff2ui16                                0x08006d8b   Thumb Code     4  buff_lib.o(i.buff2ui16)
    chassis_encoder_callback                 0x08006d8f   Thumb Code    26  motor_periph.o(i.chassis_encoder_callback)
    crc16_verify                             0x08006da9   Thumb Code    46  crc_alg.o(i.crc16_verify)
    feeder_encoder_callback                  0x08006dd9   Thumb Code   250  motor_periph.o(i.feeder_encoder_callback)
    float2buff                               0x08006edd   Thumb Code     8  buff_lib.o(i.float2buff)
    gimbal_encoder_callback                  0x08006ee5   Thumb Code   224  motor_periph.o(i.gimbal_encoder_callback)
    main                                     0x08006fdd   Thumb Code    94  main.o(i.main)
    osDelay                                  0x08007047   Thumb Code    14  cmsis_os.o(i.osDelay)
    osKernelStart                            0x08007055   Thumb Code    10  cmsis_os.o(i.osKernelStart)
    osMessageCreate                          0x0800705f   Thumb Code    38  cmsis_os.o(i.osMessageCreate)
    osThreadCreate                           0x08007085   Thumb Code    84  cmsis_os.o(i.osThreadCreate)
    pvPortMalloc                             0x08007461   Thumb Code   210  heap_4.o(i.pvPortMalloc)
    pxPortInitialiseStack                    0x08007539   Thumb Code    40  port.o(i.pxPortInitialiseStack)
    shooter_encoder_callback                 0x08007565   Thumb Code     2  motor_periph.o(i.shooter_encoder_callback)
    ui162buff                                0x08007567   Thumb Code    10  buff_lib.o(i.ui162buff)
    uxListRemove                             0x08007571   Thumb Code    38  list.o(i.uxListRemove)
    vApplicationGetIdleTaskMemory            0x08007599   Thumb Code    16  freertos.o(i.vApplicationGetIdleTaskMemory)
    vListInitialise                          0x080075ad   Thumb Code    22  list.o(i.vListInitialise)
    vListInitialiseItem                      0x080075c3   Thumb Code     6  list.o(i.vListInitialiseItem)
    vListInsert                              0x080075c9   Thumb Code    48  list.o(i.vListInsert)
    vListInsertEnd                           0x080075f9   Thumb Code    24  list.o(i.vListInsertEnd)
    vPortEnterCritical                       0x08007611   Thumb Code    54  port.o(i.vPortEnterCritical)
    vPortExitCritical                        0x08007651   Thumb Code    34  port.o(i.vPortExitCritical)
    vPortFree                                0x08007679   Thumb Code    88  heap_4.o(i.vPortFree)
    vPortSetupTimerInterrupt                 0x080076d5   Thumb Code    32  port.o(i.vPortSetupTimerInterrupt)
    vTaskDelay                               0x080076f9   Thumb Code    66  tasks.o(i.vTaskDelay)
    vTaskStartScheduler                      0x08007745   Thumb Code    90  tasks.o(i.vTaskStartScheduler)
    vTaskSuspendAll                          0x080077b1   Thumb Code    10  tasks.o(i.vTaskSuspendAll)
    vTaskSwitchContext                       0x080077c1   Thumb Code    82  tasks.o(i.vTaskSwitchContext)
    xPortStartScheduler                      0x0800781d   Thumb Code   222  port.o(i.xPortStartScheduler)
    xQueueGenericCreate                      0x08007911   Thumb Code    72  queue.o(i.xQueueGenericCreate)
    xQueueGenericCreateStatic                0x08007959   Thumb Code   102  queue.o(i.xQueueGenericCreateStatic)
    xQueueGenericReset                       0x080079c1   Thumb Code   132  queue.o(i.xQueueGenericReset)
    xTaskCreate                              0x08007a49   Thumb Code    90  tasks.o(i.xTaskCreate)
    xTaskCreateStatic                        0x08007aa3   Thumb Code    86  tasks.o(i.xTaskCreateStatic)
    xTaskIncrementTick                       0x08007af9   Thumb Code   192  tasks.o(i.xTaskIncrementTick)
    xTaskRemoveFromEventList                 0x08007bc1   Thumb Code   108  tasks.o(i.xTaskRemoveFromEventList)
    xTaskResumeAll                           0x08007c35   Thumb Code   182  tasks.o(i.xTaskResumeAll)
    AHBPrescTable                            0x08007e28   Data          16  system_stm32f4xx.o(.constdata)
    APBPrescTable                            0x08007e38   Data           8  system_stm32f4xx.o(.constdata)
    REMOTE_PITCH_ANGLE_TO_REF                0x08007e40   Data           4  const_lib.o(.constdata)
    REMOTE_YAW_ANGLE_TO_REF                  0x08007e44   Data           4  const_lib.o(.constdata)
    MOUSE_PITCH_ANGLE_TO_FACT                0x08007e48   Data           4  const_lib.o(.constdata)
    MOUSE_YAW_ANGLE_TO_FACT                  0x08007e4c   Data           4  const_lib.o(.constdata)
    MOUSE_CHASSIS_ACCELERATE                 0x08007e50   Data           4  const_lib.o(.constdata)
    MOUSE_CHASSIS_SLOWDOWN                   0x08007e54   Data           4  const_lib.o(.constdata)
    MOUSE_CHASSIS_MAX_SPEED                  0x08007e58   Data           4  const_lib.o(.constdata)
    MOUSE_CHASSIS_MAX_GYRO_SPEED             0x08007e5c   Data           4  const_lib.o(.constdata)
    Const_MiniPC_Follow_Target_Time          0x08007e60   Data           4  const_lib.o(.constdata)
    Const_MiniPC_Lost_Target_Time            0x08007e64   Data           4  const_lib.o(.constdata)
    Const_PITCH_UMAXANGLE                    0x08007e68   Data           4  const_lib.o(.constdata)
    Const_PITCH_DMAXANGLE                    0x08007e6c   Data           4  const_lib.o(.constdata)
    Const_YAW_MAXANGLE                       0x08007e70   Data           4  const_lib.o(.constdata)
    Const_PITCH_MOTOR_INIT_OFFSET            0x08007e74   Data           4  const_lib.o(.constdata)
    Const_SERVO_INIT_OFFSET                  0x08007e78   Data           4  const_lib.o(.constdata)
    Const_YAW_MOTOR_INIT_OFFSET              0x08007e7c   Data           4  const_lib.o(.constdata)
    Const_BusComm_FRAME_HEADER_SOF           0x08008600   Data           1  buscomm_ctrl.o(.constdata)
    POWER_LIMITED                            0x08008601   Data           1  buscomm_ctrl.o(.constdata)
    POWER_UNLIMIT                            0x08008602   Data           1  buscomm_ctrl.o(.constdata)
    CHASSIS_CTRL_STOP                        0x08008603   Data           1  buscomm_ctrl.o(.constdata)
    CHASSIS_CTRL_NORMAL                      0x08008604   Data           1  buscomm_ctrl.o(.constdata)
    CHASSIS_CTRL_GYRO                        0x08008605   Data           1  buscomm_ctrl.o(.constdata)
    SUPERCAP_CTRL_OFF                        0x08008606   Data           1  buscomm_ctrl.o(.constdata)
    SUPERCAP_CTRL_ON                         0x08008607   Data           1  buscomm_ctrl.o(.constdata)
    SUPERCAP_CHARGE                          0x08008608   Data           1  buscomm_ctrl.o(.constdata)
    SUPERCAP_UNCHARGE                        0x08008609   Data           1  buscomm_ctrl.o(.constdata)
    SUPERCAP_MODE_ON                         0x0800860a   Data           1  buscomm_ctrl.o(.constdata)
    Region$$Table$$Base                      0x08008668   Number         0  anon$$obj.o(Region$$Table)
    Region$$Table$$Limit                     0x08008688   Number         0  anon$$obj.o(Region$$Table)
    defaultTaskHandle                        0x20000000   Data           4  freertos.o(.data)
    GimbalHandle                             0x20000004   Data           4  freertos.o(.data)
    BusCommHandle                            0x20000008   Data           4  freertos.o(.data)
    RemoteHandle                             0x2000000c   Data           4  freertos.o(.data)
    ChassisHandle                            0x20000010   Data           4  freertos.o(.data)
    SuperCapHandle                           0x20000014   Data           4  freertos.o(.data)
    ShootHandle                              0x20000018   Data           4  freertos.o(.data)
    MiniPCHandle                             0x2000001c   Data           4  freertos.o(.data)
    RefereeHandle                            0x20000020   Data           4  freertos.o(.data)
    WatchDogHandle                           0x20000024   Data           4  freertos.o(.data)
    BusCommSend_QueueHandle                  0x20000028   Data           4  freertos.o(.data)
    uwTickFreq                               0x20000030   Data           1  stm32f4xx_hal.o(.data)
    uwTickPrio                               0x20000034   Data           4  stm32f4xx_hal.o(.data)
    uwTick                                   0x20000038   Data           4  stm32f4xx_hal.o(.data)
    SystemCoreClock                          0x2000003c   Data           4  system_stm32f4xx.o(.data)
    pxCurrentTCB                             0x20000040   Data           4  tasks.o(.data)
    LASER_START                              0x200000a0   Data           8  gpio_util.o(.data)
    BULLET_CHARGING_START                    0x200000a8   Data           8  gpio_util.o(.data)
    LASER                                    0x200000b0   Data           4  gpio_util.o(.data)
    BULLET_CHARGING                          0x200000b4   Data           4  gpio_util.o(.data)
    CRC_IMUEnum                              0x200000b8   Data           1  imu_periph.o(.data)
    Const_IMU_UART_HANDLER                   0x200000c0   Data           4  const_lib.o(.data)
    Const_Remote_UART_HANDLER                0x200000c4   Data           4  const_lib.o(.data)
    Const_MiniPC_UART_HANDLER                0x200000c8   Data           4  const_lib.o(.data)
    Const_BusComm_CAN_HANDLER                0x200000cc   Data           4  const_lib.o(.data)
    Const_ShooterLockedCurrent               0x200000d0   Data           4  const_lib.o(.data)
    Const_ShooterLockedSpeed                 0x200000d4   Data           4  const_lib.o(.data)
    Const_ShooterLockedTime                  0x200000d8   Data           4  const_lib.o(.data)
    Const_ShooterRelockedTime                0x200000dc   Data           4  const_lib.o(.data)
    Const_ShooterLockedReverseSpeed          0x200000e0   Data           4  const_lib.o(.data)
    Const_ShooterSlowSpeed                   0x200000e4   Data           4  const_lib.o(.data)
    Const_ShooterFastSpeed                   0x200000e8   Data           4  const_lib.o(.data)
    Const_Shooter15mpers                     0x200000ec   Data           4  const_lib.o(.data)
    Const_Shooter18mpers                     0x200000f0   Data           4  const_lib.o(.data)
    Const_Shooter30mpers                     0x200000f4   Data           4  const_lib.o(.data)
    Const_FeederSlowSpeed                    0x200000f8   Data           4  const_lib.o(.data)
    Const_FeederFastSpeed                    0x200000fc   Data           4  const_lib.o(.data)
    Const_HeatCtrlFastLimit                  0x20000100   Data           2  const_lib.o(.data)
    Const_HeatCtrlSlowLimit                  0x20000102   Data           2  const_lib.o(.data)
    Const_HeatCtrlSingleCount                0x20000104   Data           2  const_lib.o(.data)
    Const_HeatCtrlStopLimit                  0x20000106   Data           2  const_lib.o(.data)
    Remote_remoteControlData                 0x20000124   Data           8  gim_remote_ctrl.o(.data)
    Remote_ChassisFBSlope                    0x2000012c   Data           8  gim_remote_ctrl.o(.data)
    Remote_ChassisRLSlope                    0x20000134   Data           8  gim_remote_ctrl.o(.data)
    Buscmd_Receive                           0x20000144   Data         104  buscomm_cmd.o(.data)
    Buscmd_GimSend                           0x200001ac   Data          56  buscomm_cmd.o(.data)
    count1a                                  0x200001e4   Data           4  buscomm_cmd.o(.data)
    count2a                                  0x200001e8   Data           4  buscomm_cmd.o(.data)
    count3a                                  0x200001ec   Data           4  buscomm_cmd.o(.data)
    count4a                                  0x200001f0   Data           4  buscomm_cmd.o(.data)
    count5a                                  0x200001f4   Data           4  buscomm_cmd.o(.data)
    count6a                                  0x200001f8   Data           4  buscomm_cmd.o(.data)
    count7a                                  0x200001fc   Data           4  buscomm_cmd.o(.data)
    count8a                                  0x20000200   Data           4  buscomm_cmd.o(.data)
    count9a                                  0x20000204   Data           4  buscomm_cmd.o(.data)
    count10a                                 0x20000208   Data           4  buscomm_cmd.o(.data)
    count11a                                 0x2000020c   Data           4  buscomm_cmd.o(.data)
    count12a                                 0x20000210   Data           4  buscomm_cmd.o(.data)
    rate1a                                   0x20000214   Data           4  buscomm_cmd.o(.data)
    rate2a                                   0x20000218   Data           4  buscomm_cmd.o(.data)
    rate3a                                   0x2000021c   Data           4  buscomm_cmd.o(.data)
    rate4a                                   0x20000220   Data           4  buscomm_cmd.o(.data)
    rate5a                                   0x20000224   Data           4  buscomm_cmd.o(.data)
    rate6a                                   0x20000228   Data           4  buscomm_cmd.o(.data)
    rate7a                                   0x2000022c   Data           4  buscomm_cmd.o(.data)
    rate8a                                   0x20000230   Data           4  buscomm_cmd.o(.data)
    rate9a                                   0x20000234   Data           4  buscomm_cmd.o(.data)
    rate10a                                  0x20000238   Data           4  buscomm_cmd.o(.data)
    rate11a                                  0x2000023c   Data           4  buscomm_cmd.o(.data)
    rate12a                                  0x20000240   Data           4  buscomm_cmd.o(.data)
    count6                                   0x20000244   Data           4  buscomm_cmd.o(.data)
    rate6                                    0x20000248   Data           4  buscomm_cmd.o(.data)
    count7                                   0x2000024c   Data           4  buscomm_cmd.o(.data)
    rate7                                    0x20000250   Data           4  buscomm_cmd.o(.data)
    count8                                   0x20000254   Data           4  buscomm_cmd.o(.data)
    rate8                                    0x20000258   Data           4  buscomm_cmd.o(.data)
    count9                                   0x2000025c   Data           4  buscomm_cmd.o(.data)
    rate9                                    0x20000260   Data           4  buscomm_cmd.o(.data)
    count10                                  0x20000264   Data           4  buscomm_cmd.o(.data)
    rate10                                   0x20000268   Data           4  buscomm_cmd.o(.data)
    count11                                  0x2000026c   Data           4  buscomm_cmd.o(.data)
    rate11                                   0x20000270   Data           4  buscomm_cmd.o(.data)
    count1                                   0x20000274   Data           4  buscomm_cmd.o(.data)
    rate1                                    0x20000278   Data           4  buscomm_cmd.o(.data)
    count2                                   0x2000027c   Data           4  buscomm_cmd.o(.data)
    rate2                                    0x20000280   Data           4  buscomm_cmd.o(.data)
    count3                                   0x20000284   Data           4  buscomm_cmd.o(.data)
    rate3                                    0x20000288   Data           4  buscomm_cmd.o(.data)
    count4                                   0x2000028c   Data           4  buscomm_cmd.o(.data)
    rate4                                    0x20000290   Data           4  buscomm_cmd.o(.data)
    count5                                   0x20000294   Data           4  buscomm_cmd.o(.data)
    rate5                                    0x20000298   Data           4  buscomm_cmd.o(.data)
    count12                                  0x2000029c   Data           4  buscomm_cmd.o(.data)
    rate12                                   0x200002a0   Data           4  buscomm_cmd.o(.data)
    hadc1                                    0x200004f8   Data          72  adc.o(.bss)
    hdma_adc1                                0x20000540   Data          96  adc.o(.bss)
    hcan1                                    0x200005a0   Data          40  can.o(.bss)
    hcan2                                    0x200005c8   Data          40  can.o(.bss)
    hdac                                     0x200005f0   Data          20  dac.o(.bss)
    htim1                                    0x20000604   Data          64  tim.o(.bss)
    htim2                                    0x20000644   Data          64  tim.o(.bss)
    htim3                                    0x20000684   Data          64  tim.o(.bss)
    htim4                                    0x200006c4   Data          64  tim.o(.bss)
    htim5                                    0x20000704   Data          64  tim.o(.bss)
    htim8                                    0x20000744   Data          64  tim.o(.bss)
    htim9                                    0x20000784   Data          64  tim.o(.bss)
    htim12                                   0x200007c4   Data          64  tim.o(.bss)
    huart5                                   0x20000804   Data          64  usart.o(.bss)
    huart1                                   0x20000844   Data          64  usart.o(.bss)
    huart3                                   0x20000884   Data          64  usart.o(.bss)
    huart6                                   0x200008c4   Data          64  usart.o(.bss)
    hdma_uart5_rx                            0x20000904   Data          96  usart.o(.bss)
    hdma_usart1_rx                           0x20000964   Data          96  usart.o(.bss)
    hdma_usart3_rx                           0x200009c4   Data          96  usart.o(.bss)
    hdma_usart6_rx                           0x20000a24   Data          96  usart.o(.bss)
    htim7                                    0x20000a84   Data          64  stm32f4xx_hal_timebase_tim.o(.bss)
    Can_RxHeader                             0x200047b4   Data          28  can_util.o(.bss)
    Can_RxData                               0x200047d0   Data         200  can_util.o(.bss)
    IMU_RxData                               0x20004898   Data          20  imu_periph.o(.bss)
    IMU_IMUData                              0x200048ac   Data          56  imu_periph.o(.bss)
    speed                                    0x200048e4   Data          12  imu_periph.o(.bss)
    angle                                    0x200048f0   Data          12  imu_periph.o(.bss)
    LED_LED1                                 0x200048fc   Data          12  led_periph.o(.bss)
    LED_LED2                                 0x20004908   Data          12  led_periph.o(.bss)
    MiniPC_MiniPCData                        0x20004914   Data          24  minipc_periph.o(.bss)
    MiniPC_RxData                            0x2000492c   Data         200  minipc_periph.o(.bss)
    MiniPC_TxData                            0x200049f4   Data         200  minipc_periph.o(.bss)
    Motor_groupHandle                        0x20004abc   Data          16  motor_periph.o(.bss)
    Motor_chassisMotors                      0x20004acc   Data          52  motor_periph.o(.bss)
    Motor_gimbalMotors                       0x20004b00   Data          52  motor_periph.o(.bss)
    Motor_feederMotors                       0x20004b34   Data          52  motor_periph.o(.bss)
    Motor_shooterMotors                      0x20004b68   Data          52  motor_periph.o(.bss)
    Motor_chassisMotor1                      0x20004b9c   Data         384  motor_periph.o(.bss)
    Motor_chassisMotor2                      0x20004d1c   Data         384  motor_periph.o(.bss)
    Motor_chassisMotor3                      0x20004e9c   Data         384  motor_periph.o(.bss)
    Motor_chassisMotor4                      0x2000501c   Data         384  motor_periph.o(.bss)
    Motor_gimbalMotorYaw                     0x2000519c   Data         384  motor_periph.o(.bss)
    Motor_gimbalMotorPitch                   0x2000531c   Data         384  motor_periph.o(.bss)
    Motor_feederMotor                        0x2000549c   Data         384  motor_periph.o(.bss)
    Motor_shooterMotorLeft                   0x2000561c   Data         384  motor_periph.o(.bss)
    Motor_shooterMotorRight                  0x2000579c   Data         384  motor_periph.o(.bss)
    Remote_RxData                            0x2000591c   Data          54  remote_periph.o(.bss)
    Remote_RemoteData                        0x20005954   Data          44  remote_periph.o(.bss)
    Servo_ammoContainerCapServo              0x20005980   Data          64  servo_periph.o(.bss)
    Remote_forward_backFilter                0x200059c0   Data          72  const_lib.o(.bss)
    Remote_right_leftFilter                  0x20005a08   Data          72  const_lib.o(.bss)
    Remote_mouse_y_Filter                    0x20005a50   Data          72  const_lib.o(.bss)
    GimbalPitch_gimbalPitchMotorParamBigEnergy 0x20005a98   Data         240  gim_gimbal_ctrl.o(.bss)
    GimbalPitch_gimbalPitchMotorParamSmallEnergy 0x20005b88   Data         240  gim_gimbal_ctrl.o(.bss)
    GimbalPitch_gimbalPitchMotorParamArmor   0x20005c78   Data         240  gim_gimbal_ctrl.o(.bss)
    GimbalPitch_gimbalPitchMotorParamIMUDebug 0x20005d68   Data         240  gim_gimbal_ctrl.o(.bss)
    GimbalPitch_gimbalPitchMotorParamNoAuto  0x20005e58   Data         240  gim_gimbal_ctrl.o(.bss)
    Gimbal_gambalControlData                 0x20005f48   Data          24  gim_gimbal_ctrl.o(.bss)
    MiniPC_MiniPCContrlData                  0x20005f60   Data          72  gim_minipc_ctrl.o(.bss)
    Shooter_shooterLeftMotorParam            0x20005fa8   Data         240  gim_shoot_ctrl.o(.bss)
    Shooter_shooterRightMotorParam           0x20006098   Data         240  gim_shoot_ctrl.o(.bss)
    Shooter_feederMotorParam                 0x20006188   Data         240  gim_shoot_ctrl.o(.bss)
    Shooter_ShooterControl                   0x20006278   Data          40  gim_shoot_ctrl.o(.bss)
    BusComm_TxData                           0x200062a0   Data         200  buscomm_ctrl.o(.bss)
    BusComm_RxData                           0x20006368   Data         200  buscomm_ctrl.o(.bss)
    BusComm_BusCommData                      0x20006430   Data          60  buscomm_ctrl.o(.bss)
    BusComm_ChassisCanTxHeader               0x2000646c   Data          24  buscomm_ctrl.o(.bss)
    BusComm_GimbalCanTxHeader                0x20006484   Data          24  buscomm_ctrl.o(.bss)
    BusComm_SuperCapCanTxHeader              0x2000649c   Data          24  buscomm_ctrl.o(.bss)
    __initial_sp                             0x200068b8   Data           0  startup_stm32f405xx.o(STACK)



==============================================================================

Memory Map of the image

  Image Entry point : 0x08000189

  Load Region LR_IROM1 (Base: 0x08000000, Size: 0x0000892c, Max: 0x00100000, ABSOLUTE, COMPRESSED[0x00008748])

    Execution Region ER_IROM1 (Base: 0x08000000, Size: 0x00008688, Max: 0x00100000, ABSOLUTE)

    Base Addr    Size         Type   Attr      Idx    E Section Name        Object

    0x08000000   0x00000188   Data   RO            3    RESET               startup_stm32f405xx.o
    0x08000188   0x00000000   Code   RO         7579  * .ARM.Collect$$$$00000000  mc_w.l(entry.o)
    0x08000188   0x00000004   Code   RO         7610    .ARM.Collect$$$$00000001  mc_w.l(entry2.o)
    0x0800018c   0x00000004   Code   RO         7613    .ARM.Collect$$$$00000004  mc_w.l(entry5.o)
    0x08000190   0x00000000   Code   RO         7615    .ARM.Collect$$$$00000008  mc_w.l(entry7b.o)
    0x08000190   0x00000000   Code   RO         7617    .ARM.Collect$$$$0000000A  mc_w.l(entry8b.o)
    0x08000190   0x00000008   Code   RO         7618    .ARM.Collect$$$$0000000B  mc_w.l(entry9a.o)
    0x08000198   0x00000000   Code   RO         7620    .ARM.Collect$$$$0000000D  mc_w.l(entry10a.o)
    0x08000198   0x00000000   Code   RO         7622    .ARM.Collect$$$$0000000F  mc_w.l(entry11a.o)
    0x08000198   0x00000004   Code   RO         7611    .ARM.Collect$$$$00002712  mc_w.l(entry2.o)
    0x0800019c   0x000000be   Code   RO         5411    .emb_text           port.o
    0x0800025a   0x00000002   PAD
    0x0800025c   0x00000024   Code   RO            4    .text               startup_stm32f405xx.o
    0x08000280   0x00000062   Code   RO         7582    .text               mc_w.l(uldiv.o)
    0x080002e2   0x00000024   Code   RO         7584    .text               mc_w.l(memcpya.o)
    0x08000306   0x00000024   Code   RO         7588    .text               mc_w.l(memseta.o)
    0x0800032a   0x0000014e   Code   RO         7594    .text               mf_w.l(dadd.o)
    0x08000478   0x000000e4   Code   RO         7596    .text               mf_w.l(dmul.o)
    0x0800055c   0x000000de   Code   RO         7598    .text               mf_w.l(ddiv.o)
    0x0800063a   0x00000022   Code   RO         7600    .text               mf_w.l(dflti.o)
    0x0800065c   0x0000001a   Code   RO         7602    .text               mf_w.l(dfltui.o)
    0x08000676   0x00000032   Code   RO         7604    .text               mf_w.l(dfixui.o)
    0x080006a8   0x00000026   Code   RO         7606    .text               mf_w.l(f2d.o)
    0x080006ce   0x00000038   Code   RO         7608    .text               mf_w.l(d2f.o)
    0x08000706   0x0000001e   Code   RO         7624    .text               mc_w.l(llshl.o)
    0x08000724   0x00000020   Code   RO         7626    .text               mc_w.l(llushr.o)
    0x08000744   0x00000024   Code   RO         7628    .text               mc_w.l(llsshr.o)
    0x08000768   0x00000000   Code   RO         7630    .text               mc_w.l(iusefp.o)
    0x08000768   0x0000006e   Code   RO         7631    .text               mf_w.l(fepilogue.o)
    0x080007d6   0x000000ba   Code   RO         7633    .text               mf_w.l(depilogue.o)
    0x08000890   0x00000024   Code   RO         7635    .text               mc_w.l(init.o)
    0x080008b4   0x00000056   Code   RO         7645    .text               mc_w.l(__dczerorl2.o)
    0x0800090a   0x00000002   PAD
    0x0800090c   0x00000128   Code   RO          987    i.ADC_Init          stm32f4xx_hal_adc.o
    0x08000a34   0x00000018   Code   RO         7220    i.BusComm_CANRxCallback  buscomm_ctrl.o
    0x08000a4c   0x00000068   Code   RO         7221    i.BusComm_DecodeBusCommData  buscomm_ctrl.o
    0x08000ab4   0x00000008   Code   RO         7222    i.BusComm_GetBusDataPtr  buscomm_ctrl.o
    0x08000abc   0x00000038   Code   RO         7223    i.BusComm_InitBusComm  buscomm_ctrl.o
    0x08000af4   0x00000050   Code   RO         7225    i.BusComm_ResetBusCommData  buscomm_ctrl.o
    0x08000b44   0x00000060   Code   RO         7226    i.BusComm_SendBusCommData  buscomm_ctrl.o
    0x08000ba4   0x0000000c   Code   RO          265    i.BusComm_Task      freertos.o
    0x08000bb0   0x0000003c   Code   RO         7227    i.BusComm_Update    buscomm_ctrl.o
    0x08000bec   0x00000030   Code   RO         7228    i.BusComm_VerifyBusCommData  buscomm_ctrl.o
    0x08000c1c   0x00000002   Code   RO          791    i.BusFault_Handler  stm32f4xx_it.o
    0x08000c1e   0x00000002   PAD
    0x08000c20   0x0000000c   Code   RO          792    i.CAN1_RX0_IRQHandler  stm32f4xx_it.o
    0x08000c2c   0x0000000c   Code   RO          793    i.CAN2_RX0_IRQHandler  stm32f4xx_it.o
    0x08000c38   0x0000003e   Code   RO         6678    i.CRC_VerifyIMU_HI229  crc_alg.o
    0x08000c76   0x00000002   PAD
    0x08000c78   0x00000058   Code   RO         5492    i.Can_InitFilterAndStart  can_util.o
    0x08000cd0   0x00000010   Code   RO         5493    i.Can_InitTxHeader  can_util.o
    0x08000ce0   0x00000020   Code   RO         5494    i.Can_RxMessageCallback  can_util.o
    0x08000d00   0x00000010   Code   RO         5495    i.Can_SendMessage   can_util.o
    0x08000d10   0x00000008   Code   RO          266    i.Chassis_Task      freertos.o
    0x08000d18   0x00000070   Code   RO         6335    i.Const_SetGimbalPitchMotorParam  const_lib.o
    0x08000d88   0x00000048   Code   RO         6336    i.Const_SetShooterPIDParam  const_lib.o
    0x08000dd0   0x0000000c   Code   RO          794    i.DMA1_Stream0_IRQHandler  stm32f4xx_it.o
    0x08000ddc   0x0000000c   Code   RO          795    i.DMA1_Stream1_IRQHandler  stm32f4xx_it.o
    0x08000de8   0x0000000c   Code   RO          796    i.DMA2_Stream0_IRQHandler  stm32f4xx_it.o
    0x08000df4   0x0000000c   Code   RO          797    i.DMA2_Stream1_IRQHandler  stm32f4xx_it.o
    0x08000e00   0x0000000c   Code   RO          798    i.DMA2_Stream2_IRQHandler  stm32f4xx_it.o
    0x08000e0c   0x00000028   Code   RO         1718    i.DMA_CalcBaseAndBitshift  stm32f4xx_hal_dma.o
    0x08000e34   0x00000054   Code   RO         1719    i.DMA_CheckFifoParam  stm32f4xx_hal_dma.o
    0x08000e88   0x00000028   Code   RO         1720    i.DMA_SetConfig     stm32f4xx_hal_dma.o
    0x08000eb0   0x00000002   Code   RO          799    i.DebugMon_Handler  stm32f4xx_it.o
    0x08000eb2   0x00000004   Code   RO           13    i.Error_Handler     main.o
    0x08000eb6   0x00000002   PAD
    0x08000eb8   0x00000130   Code   RO         6610    i.Filter_Bessel     filter_alg.o
    0x08000fe8   0x0000006c   Code   RO         6611    i.Filter_LowPass    filter_alg.o
    0x08001054   0x00000006   Code   RO         6612    i.Filter_LowPassInit  filter_alg.o
    0x0800105a   0x0000000a   Code   RO         5684    i.GPIO_Close        gpio_util.o
    0x08001064   0x0000000a   Code   RO         5685    i.GPIO_Open         gpio_util.o
    0x0800106e   0x00000002   PAD
    0x08001070   0x00000018   Code   RO         6746    i.GimbalPitch_Output  gim_gimbal_ctrl.o
    0x08001088   0x00000018   Code   RO         6747    i.Gimbal_ChangeMode  gim_gimbal_ctrl.o
    0x080010a0   0x000000cc   Code   RO         6748    i.Gimbal_CtrlPitch  gim_gimbal_ctrl.o
    0x0800116c   0x00000034   Code   RO         6749    i.Gimbal_CtrlYaw    gim_gimbal_ctrl.o
    0x080011a0   0x00000008   Code   RO         6750    i.Gimbal_GetGimbalControlPtr  gim_gimbal_ctrl.o
    0x080011a8   0x0000004c   Code   RO         6751    i.Gimbal_Init_Offset  gim_gimbal_ctrl.o
    0x080011f4   0x00000050   Code   RO         6752    i.Gimbal_LimitPitch  gim_gimbal_ctrl.o
    0x08001244   0x00000070   Code   RO         6753    i.Gimbal_LimitYaw   gim_gimbal_ctrl.o
    0x080012b4   0x00000038   Code   RO         6754    i.Gimbal_SetPitchAutoRef  gim_gimbal_ctrl.o
    0x080012ec   0x00000014   Code   RO         6755    i.Gimbal_SetPitchRef  gim_gimbal_ctrl.o
    0x08001300   0x00000030   Code   RO         6756    i.Gimbal_SetYawAutoRef  gim_gimbal_ctrl.o
    0x08001330   0x00000014   Code   RO         6757    i.Gimbal_SetYawRef  gim_gimbal_ctrl.o
    0x08001344   0x00000018   Code   RO          267    i.Gimbal_Task       freertos.o
    0x0800135c   0x0000014c   Code   RO          989    i.HAL_ADC_ConfigChannel  stm32f4xx_hal_adc.o
    0x080014a8   0x00000054   Code   RO          998    i.HAL_ADC_Init      stm32f4xx_hal_adc.o
    0x080014fc   0x000000a0   Code   RO          473    i.HAL_ADC_MspInit   adc.o
    0x0800159c   0x00000024   Code   RO         2392    i.HAL_CAN_ActivateNotification  stm32f4xx_hal_can.o
    0x080015c0   0x000000c8   Code   RO         2393    i.HAL_CAN_AddTxMessage  stm32f4xx_hal_can.o
    0x08001688   0x0000010c   Code   RO         2394    i.HAL_CAN_ConfigFilter  stm32f4xx_hal_can.o
    0x08001794   0x00000002   Code   RO         2397    i.HAL_CAN_ErrorCallback  stm32f4xx_hal_can.o
    0x08001796   0x000000e8   Code   RO         2400    i.HAL_CAN_GetRxMessage  stm32f4xx_hal_can.o
    0x0800187e   0x0000002c   Code   RO         2402    i.HAL_CAN_GetTxMailboxesFreeLevel  stm32f4xx_hal_can.o
    0x080018aa   0x000001fc   Code   RO         2404    i.HAL_CAN_IRQHandler  stm32f4xx_hal_can.o
    0x08001aa6   0x0000011a   Code   RO         2405    i.HAL_CAN_Init      stm32f4xx_hal_can.o
    0x08001bc0   0x00000100   Code   RO          515    i.HAL_CAN_MspInit   can.o
    0x08001cc0   0x00000002   Code   RO         2412    i.HAL_CAN_RxFifo0FullCallback  stm32f4xx_hal_can.o
    0x08001cc2   0x00000002   PAD
    0x08001cc4   0x00000028   Code   RO         5496    i.HAL_CAN_RxFifo0MsgPendingCallback  can_util.o
    0x08001cec   0x00000002   Code   RO         2414    i.HAL_CAN_RxFifo1FullCallback  stm32f4xx_hal_can.o
    0x08001cee   0x00000002   Code   RO         2415    i.HAL_CAN_RxFifo1MsgPendingCallback  stm32f4xx_hal_can.o
    0x08001cf0   0x00000002   Code   RO         2416    i.HAL_CAN_SleepCallback  stm32f4xx_hal_can.o
    0x08001cf2   0x00000002   PAD
    0x08001cf4   0x00000058   Code   RO         2417    i.HAL_CAN_Start     stm32f4xx_hal_can.o
    0x08001d4c   0x00000002   Code   RO         2419    i.HAL_CAN_TxMailbox0AbortCallback  stm32f4xx_hal_can.o
    0x08001d4e   0x00000002   Code   RO         2420    i.HAL_CAN_TxMailbox0CompleteCallback  stm32f4xx_hal_can.o
    0x08001d50   0x00000002   Code   RO         2421    i.HAL_CAN_TxMailbox1AbortCallback  stm32f4xx_hal_can.o
    0x08001d52   0x00000002   Code   RO         2422    i.HAL_CAN_TxMailbox1CompleteCallback  stm32f4xx_hal_can.o
    0x08001d54   0x00000002   Code   RO         2423    i.HAL_CAN_TxMailbox2AbortCallback  stm32f4xx_hal_can.o
    0x08001d56   0x00000002   Code   RO         2424    i.HAL_CAN_TxMailbox2CompleteCallback  stm32f4xx_hal_can.o
    0x08001d58   0x00000002   Code   RO         2426    i.HAL_CAN_WakeUpFromRxMsgCallback  stm32f4xx_hal_can.o
    0x08001d5a   0x00000042   Code   RO         2628    i.HAL_DAC_ConfigChannel  stm32f4xx_hal_dac.o
    0x08001d9c   0x00000028   Code   RO         2638    i.HAL_DAC_Init      stm32f4xx_hal_dac.o
    0x08001dc4   0x00000060   Code   RO          564    i.HAL_DAC_MspInit   dac.o
    0x08001e24   0x00000024   Code   RO         1722    i.HAL_DMA_Abort_IT  stm32f4xx_hal_dma.o
    0x08001e48   0x000001a0   Code   RO         1726    i.HAL_DMA_IRQHandler  stm32f4xx_hal_dma.o
    0x08001fe8   0x000000d4   Code   RO         1727    i.HAL_DMA_Init      stm32f4xx_hal_dma.o
    0x080020bc   0x00000046   Code   RO         1730    i.HAL_DMA_Start     stm32f4xx_hal_dma.o
    0x08002102   0x00000002   PAD
    0x08002104   0x00000024   Code   RO         2140    i.HAL_Delay         stm32f4xx_hal.o
    0x08002128   0x000001b8   Code   RO         1614    i.HAL_GPIO_Init     stm32f4xx_hal_gpio.o
    0x080022e0   0x0000000a   Code   RO         1618    i.HAL_GPIO_WritePin  stm32f4xx_hal_gpio.o
    0x080022ea   0x00000002   PAD
    0x080022ec   0x0000000c   Code   RO         2146    i.HAL_GetTick       stm32f4xx_hal.o
    0x080022f8   0x00000010   Code   RO         2152    i.HAL_IncTick       stm32f4xx_hal.o
    0x08002308   0x00000034   Code   RO         2153    i.HAL_Init          stm32f4xx_hal.o
    0x0800233c   0x00000074   Code   RO          945    i.HAL_InitTick      stm32f4xx_hal_timebase_tim.o
    0x080023b0   0x00000038   Code   RO          921    i.HAL_MspInit       stm32f4xx_hal_msp.o
    0x080023e8   0x0000001a   Code   RO         2003    i.HAL_NVIC_EnableIRQ  stm32f4xx_hal_cortex.o
    0x08002402   0x00000002   PAD
    0x08002404   0x00000040   Code   RO         2009    i.HAL_NVIC_SetPriority  stm32f4xx_hal_cortex.o
    0x08002444   0x00000024   Code   RO         2010    i.HAL_NVIC_SetPriorityGrouping  stm32f4xx_hal_cortex.o
    0x08002468   0x00000134   Code   RO         1260    i.HAL_RCC_ClockConfig  stm32f4xx_hal_rcc.o
    0x0800259c   0x00000040   Code   RO         1264    i.HAL_RCC_GetClockConfig  stm32f4xx_hal_rcc.o
    0x080025dc   0x00000020   Code   RO         1267    i.HAL_RCC_GetPCLK1Freq  stm32f4xx_hal_rcc.o
    0x080025fc   0x00000020   Code   RO         1268    i.HAL_RCC_GetPCLK2Freq  stm32f4xx_hal_rcc.o
    0x0800261c   0x00000064   Code   RO         1269    i.HAL_RCC_GetSysClockFreq  stm32f4xx_hal_rcc.o
    0x08002680   0x0000035c   Code   RO         1272    i.HAL_RCC_OscConfig  stm32f4xx_hal_rcc.o
    0x080029dc   0x00000002   Code   RO         3527    i.HAL_TIMEx_BreakCallback  stm32f4xx_hal_tim_ex.o
    0x080029de   0x00000002   Code   RO         3528    i.HAL_TIMEx_CommutCallback  stm32f4xx_hal_tim_ex.o
    0x080029e0   0x00000090   Code   RO         3545    i.HAL_TIMEx_MasterConfigSynchronization  stm32f4xx_hal_tim_ex.o
    0x08002a70   0x00000036   Code   RO         2852    i.HAL_TIM_Base_Init  stm32f4xx_hal_tim.o
    0x08002aa6   0x00000002   PAD
    0x08002aa8   0x000000a0   Code   RO          630    i.HAL_TIM_Base_MspInit  tim.o
    0x08002b48   0x00000022   Code   RO         2857    i.HAL_TIM_Base_Start_IT  stm32f4xx_hal_tim.o
    0x08002b6a   0x000000d6   Code   RO         2861    i.HAL_TIM_ConfigClockSource  stm32f4xx_hal_tim.o
    0x08002c40   0x00000098   Code   RO         2870    i.HAL_TIM_Encoder_Init  stm32f4xx_hal_tim.o
    0x08002cd8   0x000000a0   Code   RO          632    i.HAL_TIM_Encoder_MspInit  tim.o
    0x08002d78   0x00000034   Code   RO         2873    i.HAL_TIM_Encoder_Start  stm32f4xx_hal_tim.o
    0x08002dac   0x00000002   Code   RO         2881    i.HAL_TIM_IC_CaptureCallback  stm32f4xx_hal_tim.o
    0x08002dae   0x00000166   Code   RO         2895    i.HAL_TIM_IRQHandler  stm32f4xx_hal_tim.o
    0x08002f14   0x000000ac   Code   RO          633    i.HAL_TIM_MspPostInit  tim.o
    0x08002fc0   0x00000002   Code   RO         2898    i.HAL_TIM_OC_DelayElapsedCallback  stm32f4xx_hal_tim.o
    0x08002fc2   0x000000d0   Code   RO         2919    i.HAL_TIM_PWM_ConfigChannel  stm32f4xx_hal_tim.o
    0x08003092   0x00000036   Code   RO         2922    i.HAL_TIM_PWM_Init  stm32f4xx_hal_tim.o
    0x080030c8   0x00000002   Code   RO         2924    i.HAL_TIM_PWM_MspInit  stm32f4xx_hal_tim.o
    0x080030ca   0x00000002   Code   RO         2925    i.HAL_TIM_PWM_PulseFinishedCallback  stm32f4xx_hal_tim.o
    0x080030cc   0x00000044   Code   RO         2927    i.HAL_TIM_PWM_Start  stm32f4xx_hal_tim.o
    0x08003110   0x0000005c   Code   RO         2930    i.HAL_TIM_PWM_Stop  stm32f4xx_hal_tim.o
    0x0800316c   0x00000014   Code   RO           14    i.HAL_TIM_PeriodElapsedCallback  main.o
    0x08003180   0x00000002   Code   RO         2938    i.HAL_TIM_TriggerCallback  stm32f4xx_hal_tim.o
    0x08003182   0x00000002   Code   RO         3799    i.HAL_UART_ErrorCallback  stm32f4xx_hal_uart.o
    0x08003184   0x0000000a   Code   RO         3801    i.HAL_UART_GetState  stm32f4xx_hal_uart.o
    0x0800318e   0x00000002   PAD
    0x08003190   0x00000114   Code   RO         3802    i.HAL_UART_IRQHandler  stm32f4xx_hal_uart.o
    0x080032a4   0x00000062   Code   RO         3803    i.HAL_UART_Init     stm32f4xx_hal_uart.o
    0x08003306   0x00000002   PAD
    0x08003308   0x000002c4   Code   RO          732    i.HAL_UART_MspInit  usart.o
    0x080035cc   0x00000002   Code   RO         3809    i.HAL_UART_RxCpltCallback  stm32f4xx_hal_uart.o
    0x080035ce   0x0000003e   Code   RO         3813    i.HAL_UART_Transmit_IT  stm32f4xx_hal_uart.o
    0x0800360c   0x00000002   Code   RO         3814    i.HAL_UART_TxCpltCallback  stm32f4xx_hal_uart.o
    0x0800360e   0x00000002   Code   RO          800    i.HardFault_Handler  stm32f4xx_it.o
    0x08003610   0x00000198   Code   RO         5741    i.IMU_DecodeIMUData  imu_periph.o
    0x080037a8   0x00000008   Code   RO         5742    i.IMU_GetIMUDataPtr  imu_periph.o
    0x080037b0   0x00000034   Code   RO         5743    i.IMU_InitAngelOffset  imu_periph.o
    0x080037e4   0x00000030   Code   RO         5744    i.IMU_InitIMU       imu_periph.o
    0x08003814   0x00000040   Code   RO         5746    i.IMU_RXCallback    imu_periph.o
    0x08003854   0x0000002c   Code   RO         5747    i.IMU_ResetIMUData  imu_periph.o
    0x08003880   0x00000048   Code   RO         7348    i.Init_InitAll      init_ctrl.o
    0x080038c8   0x00000038   Code   RO         5819    i.LED_InitAllLEDs   led_periph.o
    0x08003900   0x00000016   Code   RO         5820    i.LED_InitLED       led_periph.o
    0x08003916   0x00000020   Code   RO         5821    i.LED_SetLEDState   led_periph.o
    0x08003936   0x00000002   PAD
    0x08003938   0x0000008c   Code   RO          474    i.MX_ADC1_Init      adc.o
    0x080039c4   0x00000044   Code   RO          516    i.MX_CAN1_Init      can.o
    0x08003a08   0x00000044   Code   RO          517    i.MX_CAN2_Init      can.o
    0x08003a4c   0x0000003c   Code   RO          565    i.MX_DAC_Init       dac.o
    0x08003a88   0x0000007c   Code   RO          605    i.MX_DMA_Init       dma.o
    0x08003b04   0x00000104   Code   RO          268    i.MX_FREERTOS_Init  freertos.o
    0x08003c08   0x000000e0   Code   RO          241    i.MX_GPIO_Init      gpio.o
    0x08003ce8   0x0000004c   Code   RO          634    i.MX_TIM12_Init     tim.o
    0x08003d34   0x00000068   Code   RO          635    i.MX_TIM1_Init      tim.o
    0x08003d9c   0x00000094   Code   RO          636    i.MX_TIM2_Init      tim.o
    0x08003e30   0x000000a8   Code   RO          637    i.MX_TIM3_Init      tim.o
    0x08003ed8   0x0000006c   Code   RO          638    i.MX_TIM4_Init      tim.o
    0x08003f44   0x0000006c   Code   RO          639    i.MX_TIM5_Init      tim.o
    0x08003fb0   0x00000068   Code   RO          640    i.MX_TIM8_Init      tim.o
    0x08004018   0x0000004c   Code   RO          641    i.MX_TIM9_Init      tim.o
    0x08004064   0x00000038   Code   RO          733    i.MX_UART5_Init     usart.o
    0x0800409c   0x00000040   Code   RO          734    i.MX_USART1_UART_Init  usart.o
    0x080040dc   0x00000038   Code   RO          735    i.MX_USART3_UART_Init  usart.o
    0x08004114   0x0000003c   Code   RO          736    i.MX_USART6_UART_Init  usart.o
    0x08004150   0x0000005a   Code   RO         6568    i.Math_CalcSlopeRef  math_alg.o
    0x080041aa   0x0000002c   Code   RO         6569    i.Math_Differential  math_alg.o
    0x080041d6   0x00000006   Code   RO         6570    i.Math_InitSlopeParam  math_alg.o
    0x080041dc   0x00000002   Code   RO          801    i.MemManage_Handler  stm32f4xx_it.o
    0x080041de   0x00000002   PAD
    0x080041e0   0x00000074   Code   RO         5871    i.MiniPC_ArmorPacketDecode  minipc_periph.o
    0x08004254   0x00000012   Code   RO         6844    i.MiniPC_CalcAutoAim  gim_minipc_ctrl.o
    0x08004266   0x00000002   PAD
    0x08004268   0x00000018   Code   RO         6845    i.MiniPC_ChangeAimMode  gim_minipc_ctrl.o
    0x08004280   0x00000034   Code   RO         5872    i.MiniPC_DecodeMiniPCPacket  minipc_periph.o
    0x080042b4   0x00000008   Code   RO         6846    i.MiniPC_GetMiniPCControlDataPtr  gim_minipc_ctrl.o
    0x080042bc   0x00000008   Code   RO         5873    i.MiniPC_GetMiniPCDataPtr  minipc_periph.o
    0x080042c4   0x00000018   Code   RO         5874    i.MiniPC_HeartPacketDecode  minipc_periph.o
    0x080042dc   0x00000028   Code   RO         6847    i.MiniPC_InitControl  gim_minipc_ctrl.o
    0x08004304   0x00000024   Code   RO         5875    i.MiniPC_InitMiniPC  minipc_periph.o
    0x08004328   0x00000044   Code   RO         5877    i.MiniPC_RXCallback  minipc_periph.o
    0x0800436c   0x00000030   Code   RO         5878    i.MiniPC_ResetMiniPCData  minipc_periph.o
    0x0800439c   0x00000078   Code   RO         5879    i.MiniPC_SendHeartPacket  minipc_periph.o
    0x08004414   0x0000008c   Code   RO         6850    i.MiniPC_SetGimbalRef  gim_minipc_ctrl.o
    0x080044a0   0x00000038   Code   RO         6851    i.MiniPC_SetTargetFollowMode  gim_minipc_ctrl.o
    0x080044d8   0x0000000c   Code   RO          269    i.MiniPC_Task       freertos.o
    0x080044e4   0x00000048   Code   RO         5880    i.MiniPC_Update     minipc_periph.o
    0x0800452c   0x00000004   Code   RO         6852    i.MiniPC_UpdateAutoAim  gim_minipc_ctrl.o
    0x08004530   0x00000034   Code   RO         6853    i.MiniPC_UpdateControlData  gim_minipc_ctrl.o
    0x08004564   0x00000086   Code   RO         5982    i.Motor_CalcMotorOutput  motor_periph.o
    0x080045ea   0x0000006e   Code   RO         5983    i.Motor_CalcMotorOutputRingOverrided  motor_periph.o
    0x08004658   0x0000003e   Code   RO         5984    i.Motor_DecodeEncoder  motor_periph.o
    0x08004696   0x00000002   PAD
    0x08004698   0x00000030   Code   RO         5985    i.Motor_EncoderDecodeCallback  motor_periph.o
    0x080046c8   0x00000024   Code   RO         5987    i.Motor_GetMotorOutput  motor_periph.o
    0x080046ec   0x000001cc   Code   RO         5989    i.Motor_InitAllMotors  motor_periph.o
    0x080048b8   0x000000ac   Code   RO         5990    i.Motor_InitMotor   motor_periph.o
    0x08004964   0x00000036   Code   RO         5991    i.Motor_InitMotorGroup  motor_periph.o
    0x0800499a   0x00000074   Code   RO         5992    i.Motor_InitMotorParam  motor_periph.o
    0x08004a0e   0x00000002   PAD
    0x08004a10   0x00000068   Code   RO         5995    i.Motor_ReadPWMEncoder  motor_periph.o
    0x08004a78   0x0000002a   Code   RO         5997    i.Motor_ResetMotorPID  motor_periph.o
    0x08004aa2   0x00000002   PAD
    0x08004aa4   0x000000d0   Code   RO         5998    i.Motor_SendMotorGroupOutput  motor_periph.o
    0x08004b74   0x00000064   Code   RO         5999    i.Motor_SendMotorPWMOutput  motor_periph.o
    0x08004bd8   0x00000026   Code   RO         6000    i.Motor_SetMotorFdb  motor_periph.o
    0x08004bfe   0x00000022   Code   RO         6001    i.Motor_SetMotorRef  motor_periph.o
    0x08004c20   0x00000002   Code   RO          802    i.NMI_Handler       stm32f4xx_it.o
    0x08004c22   0x0000000e   Code   RO         6495    i.PID_AddPIDRef     pid_alg.o
    0x08004c30   0x000002b0   Code   RO         6496    i.PID_CalcPID       pid_alg.o
    0x08004ee0   0x00000040   Code   RO         6497    i.PID_ClearPID      pid_alg.o
    0x08004f20   0x00000006   Code   RO         6499    i.PID_GetPIDOutput  pid_alg.o
    0x08004f26   0x00000062   Code   RO         6501    i.PID_InitPIDParam  pid_alg.o
    0x08004f88   0x00000006   Code   RO         6502    i.PID_SetPIDFdb     pid_alg.o
    0x08004f8e   0x00000006   Code   RO         6503    i.PID_SetPIDRef     pid_alg.o
    0x08004f94   0x00000050   Code   RO         5637    i.PWM_InitPWM       pwm_util.o
    0x08004fe4   0x00000054   Code   RO         5638    i.PWM_SetPWMDuty    pwm_util.o
    0x08005038   0x00000048   Code   RO         5639    i.PWM_SetPWMFreq    pwm_util.o
    0x08005080   0x0000001c   Code   RO         5640    i.PWM_StartPWM      pwm_util.o
    0x0800509c   0x0000001c   Code   RO         5641    i.PWM_StopPWM       pwm_util.o
    0x080050b8   0x00000008   Code   RO          270    i.Referee_Task      freertos.o
    0x080050c0   0x00000010   Code   RO         6170    i.Remote_CancelChannelOffset  remote_periph.o
    0x080050d0   0x00000078   Code   RO         6926    i.Remote_ControlCom  gim_remote_ctrl.o
    0x08005148   0x00000060   Code   RO         6171    i.Remote_DecodeKeyboardData  remote_periph.o
    0x080051a8   0x000000c6   Code   RO         6172    i.Remote_DecodeRemoteData  remote_periph.o
    0x0800526e   0x00000036   Code   RO         6927    i.Remote_Gesture    gim_remote_ctrl.o
    0x080052a4   0x00000014   Code   RO         6928    i.Remote_GestureFunction_1  gim_remote_ctrl.o
    0x080052b8   0x00000014   Code   RO         6929    i.Remote_GestureFunction_2  gim_remote_ctrl.o
    0x080052cc   0x00000014   Code   RO         6930    i.Remote_GestureFunction_3  gim_remote_ctrl.o
    0x080052e0   0x00000014   Code   RO         6931    i.Remote_GestureFunction_4  gim_remote_ctrl.o
    0x080052f4   0x000000e4   Code   RO         6932    i.Remote_Gesturejudge  gim_remote_ctrl.o
    0x080053d8   0x00000008   Code   RO         6173    i.Remote_GetRemoteDataPtr  remote_periph.o
    0x080053e0   0x00000030   Code   RO         6174    i.Remote_InitRemote  remote_periph.o
    0x08005410   0x00000030   Code   RO         6175    i.Remote_IsRemoteError  remote_periph.o
    0x08005440   0x000002b8   Code   RO         6934    i.Remote_KeyMouseProcess  gim_remote_ctrl.o
    0x080056f8   0x00000078   Code   RO         6935    i.Remote_MouseShooterModeSet  gim_remote_ctrl.o
    0x08005770   0x00000040   Code   RO         6177    i.Remote_RXCallback  remote_periph.o
    0x080057b0   0x000000f8   Code   RO         6936    i.Remote_RemoteProcess  gim_remote_ctrl.o
    0x080058a8   0x00000058   Code   RO         6937    i.Remote_RemoteShooterModeSet  gim_remote_ctrl.o
    0x08005900   0x00000034   Code   RO         6178    i.Remote_ResetRemoteData  remote_periph.o
    0x08005934   0x0000000c   Code   RO          271    i.Remote_Task       freertos.o
    0x08005940   0x00000034   Code   RO         6938    i.Remotr_RemotrControlInit  gim_remote_ctrl.o
    0x08005974   0x00000006   Code   RO         6271    i.Servo_GetServoAngle  servo_periph.o
    0x0800597a   0x00000002   PAD
    0x0800597c   0x00000014   Code   RO         6273    i.Servo_InitAllServos  servo_periph.o
    0x08005990   0x00000034   Code   RO         6274    i.Servo_InitServo   servo_periph.o
    0x080059c4   0x0000002c   Code   RO         6275    i.Servo_SetServoAngle  servo_periph.o
    0x080059f0   0x0000000a   Code   RO         6276    i.Servo_StartServo  servo_periph.o
    0x080059fa   0x0000000c   Code   RO          272    i.Shoot_Task        freertos.o
    0x08005a06   0x00000002   PAD
    0x08005a08   0x0000003c   Code   RO         7025    i.Shooter_AngleCorrect  gim_shoot_ctrl.o
    0x08005a44   0x0000002c   Code   RO         7026    i.Shooter_ChangeFeederMode  gim_shoot_ctrl.o
    0x08005a70   0x0000000c   Code   RO         7027    i.Shooter_ChangeShooterMode  gim_shoot_ctrl.o
    0x08005a7c   0x00000016   Code   RO         7028    i.Shooter_Control   gim_shoot_ctrl.o
    0x08005a92   0x00000002   PAD
    0x08005a94   0x0000007c   Code   RO         7029    i.Shooter_FeederControl  gim_shoot_ctrl.o
    0x08005b10   0x00000094   Code   RO         7030    i.Shooter_FeederMotorLockedJudge  gim_shoot_ctrl.o
    0x08005ba4   0x00000030   Code   RO         7032    i.Shooter_GetRefereeSpeed  gim_shoot_ctrl.o
    0x08005bd4   0x00000008   Code   RO         7033    i.Shooter_GetShooterControlPtr  gim_shoot_ctrl.o
    0x08005bdc   0x000000f8   Code   RO         7034    i.Shooter_HeatCtrl  gim_shoot_ctrl.o
    0x08005cd4   0x0000003c   Code   RO         7036    i.Shooter_InitShooter  gim_shoot_ctrl.o
    0x08005d10   0x00000084   Code   RO         7037    i.Shooter_InitShooterMotor  gim_shoot_ctrl.o
    0x08005d94   0x00000048   Code   RO         7038    i.Shooter_MotorLockedHandle  gim_shoot_ctrl.o
    0x08005ddc   0x0000000c   Code   RO         7039    i.Shooter_SetFeederSpeed  gim_shoot_ctrl.o
    0x08005de8   0x00000010   Code   RO         7040    i.Shooter_SetShooterSpeed  gim_shoot_ctrl.o
    0x08005df8   0x000000ac   Code   RO         7041    i.Shooter_ShootControl  gim_shoot_ctrl.o
    0x08005ea4   0x00000028   Code   RO         7042    i.Shooter_ShooterMotorOutput  gim_shoot_ctrl.o
    0x08005ecc   0x0000002c   Code   RO         7043    i.Shooter_SingleShootCtrl  gim_shoot_ctrl.o
    0x08005ef8   0x0000000c   Code   RO         7044    i.Shooter_SingleShootReset  gim_shoot_ctrl.o
    0x08005f04   0x00000044   Code   RO         7045    i.Shooter_UpdataControlData  gim_shoot_ctrl.o
    0x08005f48   0x00000008   Code   RO          273    i.StartDefaultTask  freertos.o
    0x08005f50   0x00000008   Code   RO          274    i.SuperCap_Task     freertos.o
    0x08005f58   0x0000002c   Code   RO         5412    i.SysTick_Handler   port.o
    0x08005f84   0x00000094   Code   RO           15    i.SystemClock_Config  main.o
    0x08006018   0x0000001c   Code   RO         4105    i.SystemInit        system_stm32f4xx.o
    0x08006034   0x0000000c   Code   RO          803    i.TIM7_IRQHandler   stm32f4xx_it.o
    0x08006040   0x000000c8   Code   RO         2940    i.TIM_Base_SetConfig  stm32f4xx_hal_tim.o
    0x08006108   0x0000001a   Code   RO         2941    i.TIM_CCxChannelCmd  stm32f4xx_hal_tim.o
    0x08006122   0x00000014   Code   RO         2951    i.TIM_ETR_SetConfig  stm32f4xx_hal_tim.o
    0x08006136   0x00000010   Code   RO         2952    i.TIM_ITRx_SetConfig  stm32f4xx_hal_tim.o
    0x08006146   0x00000002   PAD
    0x08006148   0x00000060   Code   RO         2953    i.TIM_OC1_SetConfig  stm32f4xx_hal_tim.o
    0x080061a8   0x0000006c   Code   RO         2954    i.TIM_OC2_SetConfig  stm32f4xx_hal_tim.o
    0x08006214   0x00000068   Code   RO         2955    i.TIM_OC3_SetConfig  stm32f4xx_hal_tim.o
    0x0800627c   0x00000050   Code   RO         2956    i.TIM_OC4_SetConfig  stm32f4xx_hal_tim.o
    0x080062cc   0x00000022   Code   RO         2958    i.TIM_TI1_ConfigInputStage  stm32f4xx_hal_tim.o
    0x080062ee   0x00000024   Code   RO         2960    i.TIM_TI2_ConfigInputStage  stm32f4xx_hal_tim.o
    0x08006312   0x00000002   PAD
    0x08006314   0x00000018   Code   RO          804    i.UART5_IRQHandler  stm32f4xx_it.o
    0x0800632c   0x00000010   Code   RO         3816    i.UART_DMAAbortOnError  stm32f4xx_hal_uart.o
    0x0800633c   0x0000001c   Code   RO         3826    i.UART_EndRxTransfer  stm32f4xx_hal_uart.o
    0x08006358   0x00000096   Code   RO         3828    i.UART_Receive_IT   stm32f4xx_hal_uart.o
    0x080063ee   0x00000002   PAD
    0x080063f0   0x00000128   Code   RO         3829    i.UART_SetConfig    stm32f4xx_hal_uart.o
    0x08006518   0x00000062   Code   RO         3830    i.UART_Transmit_IT  stm32f4xx_hal_uart.o
    0x0800657a   0x00000002   PAD
    0x0800657c   0x00000018   Code   RO          805    i.USART1_IRQHandler  stm32f4xx_it.o
    0x08006594   0x00000018   Code   RO          806    i.USART3_IRQHandler  stm32f4xx_it.o
    0x080065ac   0x00000018   Code   RO          807    i.USART6_IRQHandler  stm32f4xx_it.o
    0x080065c4   0x00000006   Code   RO         5555    i.Uart_DMACurrentDataCounter  uart_util.o
    0x080065ca   0x00000014   Code   RO         5557    i.Uart_InitUartDMA  uart_util.o
    0x080065de   0x00000038   Code   RO         5558    i.Uart_ReceiveDMA   uart_util.o
    0x08006616   0x00000020   Code   RO         5559    i.Uart_ReceiveHandler  uart_util.o
    0x08006636   0x00000002   PAD
    0x08006638   0x00000040   Code   RO         5560    i.Uart_RxIdleCallback  uart_util.o
    0x08006678   0x00000004   Code   RO         5562    i.Uart_SendMessage_IT  uart_util.o
    0x0800667c   0x00000002   Code   RO          808    i.UsageFault_Handler  stm32f4xx_it.o
    0x0800667e   0x00000002   Code   RO         7381    i.WatchDog_FeedDog  watchdog_ctrl.o
    0x08006680   0x0000000c   Code   RO          275    i.WatchDog_Task     freertos.o
    0x0800668c   0x00000020   Code   RO         2016    i.__NVIC_SetPriority  stm32f4xx_hal_cortex.o
    0x080066ac   0x0000000e   Code   RO         7639    i.__scatterload_copy  mc_w.l(handlers.o)
    0x080066ba   0x00000002   Code   RO         7640    i.__scatterload_null  mc_w.l(handlers.o)
    0x080066bc   0x0000000e   Code   RO         7641    i.__scatterload_zeroinit  mc_w.l(handlers.o)
    0x080066ca   0x00000002   Code   RO         7229    i._cmd_mode_control  buscomm_ctrl.o
    0x080066cc   0x00000002   Code   RO         7230    i._cmd_ui_mode_control  buscomm_ctrl.o
    0x080066ce   0x00000002   PAD
    0x080066d0   0x00000080   Code   RO         7411    i._send_chassis_fb  buscomm_cmd.o
    0x08006750   0x00000080   Code   RO         7412    i._send_chassis_lr  buscomm_cmd.o
    0x080067d0   0x00000080   Code   RO         7414    i._send_imu_pos     buscomm_cmd.o
    0x08006850   0x00000080   Code   RO         7415    i._send_imu_spd     buscomm_cmd.o
    0x080068d0   0x0000008c   Code   RO         7416    i._send_mode        buscomm_cmd.o
    0x0800695c   0x00000084   Code   RO         7418    i._send_ui_data     buscomm_cmd.o
    0x080069e0   0x00000080   Code   RO         7419    i._send_yaw_ref     buscomm_cmd.o
    0x08006a60   0x00000044   Code   RO         7421    i._set_17mm_data    buscomm_cmd.o
    0x08006aa4   0x0000003c   Code   RO         7422    i._set_cap_state    buscomm_cmd.o
    0x08006ae0   0x00000040   Code   RO         7423    i._set_cha_fb       buscomm_cmd.o
    0x08006b20   0x00000040   Code   RO         7424    i._set_cha_lr       buscomm_cmd.o
    0x08006b60   0x00000044   Code   RO         7425    i._set_colling_data  buscomm_cmd.o
    0x08006ba4   0x00000040   Code   RO         7426    i._set_imu_pos      buscomm_cmd.o
    0x08006be4   0x00000040   Code   RO         7427    i._set_imu_spd      buscomm_cmd.o
    0x08006c24   0x00000050   Code   RO         7428    i._set_mode         buscomm_cmd.o
    0x08006c74   0x0000003c   Code   RO         7429    i._set_robot_id_power_limit  buscomm_cmd.o
    0x08006cb0   0x0000004c   Code   RO         7430    i._set_ui_data      buscomm_cmd.o
    0x08006cfc   0x00000040   Code   RO         7431    i._set_yaw_ref      buscomm_cmd.o
    0x08006d3c   0x00000040   Code   RO         7432    i._set_yaw_relative_angle  buscomm_cmd.o
    0x08006d7c   0x00000008   Code   RO         6435    i.buff2float        buff_lib.o
    0x08006d84   0x00000006   Code   RO         6436    i.buff2i16          buff_lib.o
    0x08006d8a   0x00000004   Code   RO         6437    i.buff2ui16         buff_lib.o
    0x08006d8e   0x0000001a   Code   RO         6002    i.chassis_encoder_callback  motor_periph.o
    0x08006da8   0x0000002e   Code   RO         6679    i.crc16_verify      crc_alg.o
    0x08006dd6   0x00000002   PAD
    0x08006dd8   0x00000104   Code   RO         6003    i.feeder_encoder_callback  motor_periph.o
    0x08006edc   0x00000008   Code   RO         6439    i.float2buff        buff_lib.o
    0x08006ee4   0x000000f8   Code   RO         6004    i.gimbal_encoder_callback  motor_periph.o
    0x08006fdc   0x0000005e   Code   RO           16    i.main              main.o
    0x0800703a   0x0000000c   Code   RO         4971    i.makeFreeRtosPriority  cmsis_os.o
    0x08007046   0x0000000e   Code   RO         4973    i.osDelay           cmsis_os.o
    0x08007054   0x0000000a   Code   RO         4976    i.osKernelStart     cmsis_os.o
    0x0800705e   0x00000026   Code   RO         4985    i.osMessageCreate   cmsis_os.o
    0x08007084   0x00000054   Code   RO         5010    i.osThreadCreate    cmsis_os.o
    0x080070d8   0x00000078   Code   RO         4620    i.prvAddCurrentTaskToDelayedList  tasks.o
    0x08007150   0x000000d0   Code   RO         4621    i.prvAddNewTaskToReadyList  tasks.o
    0x08007220   0x00000034   Code   RO         4622    i.prvDeleteTCB      tasks.o
    0x08007254   0x0000004c   Code   RO         5350    i.prvHeapInit       heap_4.o
    0x080072a0   0x00000060   Code   RO         4623    i.prvIdleTask       tasks.o
    0x08007300   0x00000016   Code   RO         4286    i.prvInitialiseNewQueue  queue.o
    0x08007316   0x00000002   PAD
    0x08007318   0x000000b4   Code   RO         4624    i.prvInitialiseNewTask  tasks.o
    0x080073cc   0x0000004c   Code   RO         5351    i.prvInsertBlockIntoFreeList  heap_4.o
    0x08007418   0x00000020   Code   RO         4625    i.prvResetNextTaskUnblockTime  tasks.o
    0x08007438   0x00000028   Code   RO         5413    i.prvTaskExitError  port.o
    0x08007460   0x000000d8   Code   RO         5352    i.pvPortMalloc      heap_4.o
    0x08007538   0x0000002c   Code   RO         5414    i.pxPortInitialiseStack  port.o
    0x08007564   0x00000002   Code   RO         6005    i.shooter_encoder_callback  motor_periph.o
    0x08007566   0x0000000a   Code   RO         6440    i.ui162buff         buff_lib.o
    0x08007570   0x00000026   Code   RO         4243    i.uxListRemove      list.o
    0x08007596   0x00000002   PAD
    0x08007598   0x00000014   Code   RO          276    i.vApplicationGetIdleTaskMemory  freertos.o
    0x080075ac   0x00000016   Code   RO         4244    i.vListInitialise   list.o
    0x080075c2   0x00000006   Code   RO         4245    i.vListInitialiseItem  list.o
    0x080075c8   0x00000030   Code   RO         4246    i.vListInsert       list.o
    0x080075f8   0x00000018   Code   RO         4247    i.vListInsertEnd    list.o
    0x08007610   0x00000040   Code   RO         5416    i.vPortEnterCritical  port.o
    0x08007650   0x00000028   Code   RO         5417    i.vPortExitCritical  port.o
    0x08007678   0x0000005c   Code   RO         5353    i.vPortFree         heap_4.o
    0x080076d4   0x00000024   Code   RO         5418    i.vPortSetupTimerInterrupt  port.o
    0x080076f8   0x0000004c   Code   RO         4637    i.vTaskDelay        tasks.o
    0x08007744   0x0000006c   Code   RO         4651    i.vTaskStartScheduler  tasks.o
    0x080077b0   0x00000010   Code   RO         4653    i.vTaskSuspendAll   tasks.o
    0x080077c0   0x0000005c   Code   RO         4654    i.vTaskSwitchContext  tasks.o
    0x0800781c   0x000000f4   Code   RO         5420    i.xPortStartScheduler  port.o
    0x08007910   0x00000048   Code   RO         4297    i.xQueueGenericCreate  queue.o
    0x08007958   0x00000066   Code   RO         4298    i.xQueueGenericCreateStatic  queue.o
    0x080079be   0x00000002   PAD
    0x080079c0   0x00000088   Code   RO         4299    i.xQueueGenericReset  queue.o
    0x08007a48   0x0000005a   Code   RO         4657    i.xTaskCreate       tasks.o
    0x08007aa2   0x00000056   Code   RO         4658    i.xTaskCreateStatic  tasks.o
    0x08007af8   0x000000c8   Code   RO         4666    i.xTaskIncrementTick  tasks.o
    0x08007bc0   0x00000074   Code   RO         4671    i.xTaskRemoveFromEventList  tasks.o
    0x08007c34   0x000000c4   Code   RO         4672    i.xTaskResumeAll    tasks.o
    0x08007cf8   0x00000128   Data   RO          278    .constdata          freertos.o
    0x08007e20   0x00000008   Data   RO         1733    .constdata          stm32f4xx_hal_dma.o
    0x08007e28   0x00000010   Data   RO         4106    .constdata          system_stm32f4xx.o
    0x08007e38   0x00000008   Data   RO         4107    .constdata          system_stm32f4xx.o
    0x08007e40   0x00000004   Data   RO         6340    .constdata          const_lib.o
    0x08007e44   0x00000004   Data   RO         6341    .constdata          const_lib.o
    0x08007e48   0x00000004   Data   RO         6342    .constdata          const_lib.o
    0x08007e4c   0x00000004   Data   RO         6343    .constdata          const_lib.o
    0x08007e50   0x00000004   Data   RO         6344    .constdata          const_lib.o
    0x08007e54   0x00000004   Data   RO         6345    .constdata          const_lib.o
    0x08007e58   0x00000004   Data   RO         6346    .constdata          const_lib.o
    0x08007e5c   0x00000004   Data   RO         6347    .constdata          const_lib.o
    0x08007e60   0x00000004   Data   RO         6348    .constdata          const_lib.o
    0x08007e64   0x00000004   Data   RO         6349    .constdata          const_lib.o
    0x08007e68   0x00000004   Data   RO         6351    .constdata          const_lib.o
    0x08007e6c   0x00000004   Data   RO         6352    .constdata          const_lib.o
    0x08007e70   0x00000004   Data   RO         6353    .constdata          const_lib.o
    0x08007e74   0x00000004   Data   RO         6354    .constdata          const_lib.o
    0x08007e78   0x00000004   Data   RO         6355    .constdata          const_lib.o
    0x08007e7c   0x00000004   Data   RO         6356    .constdata          const_lib.o
    0x08007e80   0x00000780   Data   RO         6357    .constdata          const_lib.o
    0x08008600   0x00000001   Data   RO         7239    .constdata          buscomm_ctrl.o
    0x08008601   0x00000001   Data   RO         7240    .constdata          buscomm_ctrl.o
    0x08008602   0x00000001   Data   RO         7241    .constdata          buscomm_ctrl.o
    0x08008603   0x00000001   Data   RO         7247    .constdata          buscomm_ctrl.o
    0x08008604   0x00000001   Data   RO         7248    .constdata          buscomm_ctrl.o
    0x08008605   0x00000001   Data   RO         7249    .constdata          buscomm_ctrl.o
    0x08008606   0x00000001   Data   RO         7250    .constdata          buscomm_ctrl.o
    0x08008607   0x00000001   Data   RO         7251    .constdata          buscomm_ctrl.o
    0x08008608   0x00000001   Data   RO         7252    .constdata          buscomm_ctrl.o
    0x08008609   0x00000001   Data   RO         7253    .constdata          buscomm_ctrl.o
    0x0800860a   0x00000001   Data   RO         7255    .constdata          buscomm_ctrl.o
    0x0800860b   0x00000001   PAD
    0x0800860c   0x0000005a   Data   RO          279    .conststring        freertos.o
    0x08008666   0x00000002   PAD
    0x08008668   0x00000020   Data   RO         7637    Region$$Table       anon$$obj.o


    Execution Region RW_IRAM2 (Base: 0x10000000, Size: 0x00000000, Max: 0x00010000, ABSOLUTE)

    **** No section assigned to this execution region ****


    Execution Region RW_IRAM1 (Base: 0x20000000, Size: 0x000068b8, Max: 0x00020000, ABSOLUTE, COMPRESSED[0x000000c0])

    Base Addr    Size         Type   Attr      Idx    E Section Name        Object

    0x20000000   0x0000002c   Data   RW          280    .data               freertos.o
    0x2000002c   0x00000004   Data   RW          519    .data               can.o
    0x20000030   0x0000000c   Data   RW         2160    .data               stm32f4xx_hal.o
    0x2000003c   0x00000004   Data   RW         4108    .data               system_stm32f4xx.o
    0x20000040   0x0000003c   Data   RW         4675    .data               tasks.o
    0x2000007c   0x00000018   Data   RW         5358    .data               heap_4.o
    0x20000094   0x0000000c   Data   RW         5421    .data               port.o
    0x200000a0   0x00000008   Data   RW         5686    .data               gpio_util.o
    0x200000a8   0x00000008   Data   RW         5687    .data               gpio_util.o
    0x200000b0   0x00000004   Data   RW         5688    .data               gpio_util.o
    0x200000b4   0x00000004   Data   RW         5689    .data               gpio_util.o
    0x200000b8   0x00000001   Data   RW         5751    .data               imu_periph.o
    0x200000b9   0x00000003   PAD
    0x200000bc   0x00000004   Data   RW         6012    .data               motor_periph.o
    0x200000c0   0x00000004   Data   RW         6358    .data               const_lib.o
    0x200000c4   0x00000004   Data   RW         6359    .data               const_lib.o
    0x200000c8   0x00000004   Data   RW         6360    .data               const_lib.o
    0x200000cc   0x00000004   Data   RW         6361    .data               const_lib.o
    0x200000d0   0x00000004   Data   RW         6362    .data               const_lib.o
    0x200000d4   0x00000004   Data   RW         6363    .data               const_lib.o
    0x200000d8   0x00000004   Data   RW         6364    .data               const_lib.o
    0x200000dc   0x00000004   Data   RW         6365    .data               const_lib.o
    0x200000e0   0x00000004   Data   RW         6366    .data               const_lib.o
    0x200000e4   0x00000004   Data   RW         6367    .data               const_lib.o
    0x200000e8   0x00000004   Data   RW         6368    .data               const_lib.o
    0x200000ec   0x00000004   Data   RW         6369    .data               const_lib.o
    0x200000f0   0x00000004   Data   RW         6370    .data               const_lib.o
    0x200000f4   0x00000004   Data   RW         6371    .data               const_lib.o
    0x200000f8   0x00000004   Data   RW         6372    .data               const_lib.o
    0x200000fc   0x00000004   Data   RW         6373    .data               const_lib.o
    0x20000100   0x00000002   Data   RW         6374    .data               const_lib.o
    0x20000102   0x00000002   Data   RW         6375    .data               const_lib.o
    0x20000104   0x00000002   Data   RW         6376    .data               const_lib.o
    0x20000106   0x00000002   Data   RW         6377    .data               const_lib.o
    0x20000108   0x00000034   Data   RW         6939    .data               gim_remote_ctrl.o
    0x2000013c   0x00000008   Data   RW         7047    .data               gim_shoot_ctrl.o
    0x20000144   0x00000068   Data   RW         7457    .data               buscomm_cmd.o
    0x200001ac   0x00000038   Data   RW         7458    .data               buscomm_cmd.o
    0x200001e4   0x000000c0   Data   RW         7461    .data               buscomm_cmd.o
    0x200002a4   0x00000254   Zero   RW          277    .bss                freertos.o
    0x200004f8   0x000000a8   Zero   RW          475    .bss                adc.o
    0x200005a0   0x00000050   Zero   RW          518    .bss                can.o
    0x200005f0   0x00000014   Zero   RW          566    .bss                dac.o
    0x20000604   0x00000200   Zero   RW          642    .bss                tim.o
    0x20000804   0x00000280   Zero   RW          737    .bss                usart.o
    0x20000a84   0x00000040   Zero   RW          948    .bss                stm32f4xx_hal_timebase_tim.o
    0x20000ac4   0x000000f0   Zero   RW         4674    .bss                tasks.o
    0x20000bb4   0x00003c00   Zero   RW         5357    .bss                heap_4.o
    0x200047b4   0x000000e4   Zero   RW         5497    .bss                can_util.o
    0x20004898   0x00000064   Zero   RW         5748    .bss                imu_periph.o
    0x200048fc   0x00000018   Zero   RW         5822    .bss                led_periph.o
    0x20004914   0x000001a8   Zero   RW         5882    .bss                minipc_periph.o
    0x20004abc   0x00000e60   Zero   RW         6006    .bss                motor_periph.o
    0x2000591c   0x00000064   Zero   RW         6180    .bss                remote_periph.o
    0x20005980   0x00000040   Zero   RW         6278    .bss                servo_periph.o
    0x200059c0   0x00000048   Zero   RW         6337    .bss                const_lib.o
    0x20005a08   0x00000048   Zero   RW         6338    .bss                const_lib.o
    0x20005a50   0x00000048   Zero   RW         6339    .bss                const_lib.o
    0x20005a98   0x000004c8   Zero   RW         6758    .bss                gim_gimbal_ctrl.o
    0x20005f60   0x00000048   Zero   RW         6854    .bss                gim_minipc_ctrl.o
    0x20005fa8   0x000002f8   Zero   RW         7046    .bss                gim_shoot_ctrl.o
    0x200062a0   0x00000214   Zero   RW         7231    .bss                buscomm_ctrl.o
    0x200064b4   0x00000004   PAD
    0x200064b8   0x00000400   Zero   RW            1    STACK               startup_stm32f405xx.o


==============================================================================

Image component sizes


      Code (inc. data)   RO Data    RW Data    ZI Data      Debug   Object Name

       300         32          0          0        168       1759   adc.o
        36          0          0          0          0       2897   buff_lib.o
      1708        190          0        352          0      15534   buscomm_cmd.o
       480         58         11          0        532      10699   buscomm_ctrl.o
       392         40          0          4         80       2442   can.o
       192         10          0          0        228       6497   can_util.o
       158          0          0          0          0      23475   cmsis_os.o
       184         54       1984         72        216       4761   const_lib.o
       108          0          0          0          0       2380   crc_alg.o
       156         22          0          0         20       1607   dac.o
       124          4          0          0          0        834   dma.o
         0          0          0          0          0      18548   event_groups.o
       418         58          0          0          0       2166   filter_alg.o
       396         16        386         44        596      26197   freertos.o
       724        110          0          0       1224       9959   gim_gimbal_ctrl.o
       342         40          0          0         72       5852   gim_minipc_ctrl.o
      1686        204          0         52          0       9933   gim_remote_ctrl.o
      1342        256          0          8        760      13986   gim_shoot_ctrl.o
       224         16          0          0          0       1019   gpio.o
        20          0          0         24          0       2007   gpio_util.o
       460         24          0         24      15360       7047   heap_4.o
       624         60          0          1        100       5880   imu_periph.o
        72         10          0          0          0        571   init_ctrl.o
       110         14          0          0         24       2810   led_periph.o
       138          0          0          0          0       3326   list.o
       266         14          0          0          0     699068   main.o
       140          0          0          0          0       2122   math_alg.o
       544         60          0          0        424       8462   minipc_periph.o
      2254        118          0          4       3680      15508   motor_periph.o
       882          6          0          0          0       4703   pid_alg.o
       702         72          0         12          0      10992   port.o
       292         22          0          0          0       3167   pwm_util.o
       332          4          0          0          0       8191   queue.o
       530         22          0          0        100       7552   remote_periph.o
       132         32          0          0         64       3749   servo_periph.o
        36          8        392          0       1024        832   startup_stm32f405xx.o
       116         18          0         12          0       8654   stm32f4xx_hal.o
       712         28          0          0          0       2671   stm32f4xx_hal_adc.o
      1682          6          0          0          0      13909   stm32f4xx_hal_can.o
       158         14          0          0          0      32802   stm32f4xx_hal_cortex.o
       106          0          0          0          0       1775   stm32f4xx_hal_dac.o
       898         16          8          0          0       5695   stm32f4xx_hal_dma.o
       450         46          0          0          0       2160   stm32f4xx_hal_gpio.o
        56          4          0          0          0        858   stm32f4xx_hal_msp.o
      1396         86          0          0          0       5585   stm32f4xx_hal_rcc.o
      2016         98          0          0          0      17512   stm32f4xx_hal_tim.o
       148         28          0          0          0       2381   stm32f4xx_hal_tim_ex.o
       116         16          0          0         64       1383   stm32f4xx_hal_timebase_tim.o
      1040         16          0          0          0       8318   stm32f4xx_hal_uart.o
       204         72          0          0          0       8556   stm32f4xx_it.o
         0          0          0          0          0        392   stream_buffer.o
        28          6         24          4          0       1143   system_stm32f4xx.o
      1668        118          0         60        240      19461   tasks.o
      1384        136          0          0        512       7883   tim.o
       182         12          0          0          0       4084   uart_util.o
       944         92          0          0        640       4122   usart.o
         2          0          0          0          0        495   watchdog_ctrl.o

    ----------------------------------------------------------------------
     29874       2388       2840        676      26132    1096371   Object Totals
         0          0         32          0          0          0   (incl. Generated)
        64          0          3          3          4          0   (incl. Padding)

    ----------------------------------------------------------------------

      Code (inc. data)   RO Data    RW Data    ZI Data      Debug   Library Member Name

        86          0          0          0          0          0   __dczerorl2.o
         0          0          0          0          0          0   entry.o
         0          0          0          0          0          0   entry10a.o
         0          0          0          0          0          0   entry11a.o
         8          4          0          0          0          0   entry2.o
         4          0          0          0          0          0   entry5.o
         0          0          0          0          0          0   entry7b.o
         0          0          0          0          0          0   entry8b.o
         8          4          0          0          0          0   entry9a.o
        30          0          0          0          0          0   handlers.o
        36          8          0          0          0         68   init.o
         0          0          0          0          0          0   iusefp.o
        30          0          0          0          0         68   llshl.o
        36          0          0          0          0         68   llsshr.o
        32          0          0          0          0         68   llushr.o
        36          0          0          0          0         68   memcpya.o
        36          0          0          0          0        108   memseta.o
        98          0          0          0          0         92   uldiv.o
        56          0          0          0          0         88   d2f.o
       334          0          0          0          0        148   dadd.o
       222          0          0          0          0        100   ddiv.o
       186          0          0          0          0        176   depilogue.o
        50          0          0          0          0         76   dfixui.o
        34          0          0          0          0         76   dflti.o
        26          0          0          0          0         76   dfltui.o
       228          0          0          0          0         96   dmul.o
        38          0          0          0          0         68   f2d.o
       110          0          0          0          0        168   fepilogue.o

    ----------------------------------------------------------------------
      1726         16          0          0          0       1612   Library Totals
         2          0          0          0          0          0   (incl. Padding)

    ----------------------------------------------------------------------

      Code (inc. data)   RO Data    RW Data    ZI Data      Debug   Library Name

       440         16          0          0          0        540   mc_w.l
      1284          0          0          0          0       1072   mf_w.l

    ----------------------------------------------------------------------
      1726         16          0          0          0       1612   Library Totals

    ----------------------------------------------------------------------

==============================================================================


      Code (inc. data)   RO Data    RW Data    ZI Data      Debug   

     31600       2404       2840        676      26132    1062939   Grand Totals
     31600       2404       2840        192      26132    1062939   ELF Image Totals (compressed)
     31600       2404       2840        192          0          0   ROM Totals

==============================================================================

    Total RO  Size (Code + RO Data)                34440 (  33.63kB)
    Total RW  Size (RW Data + ZI Data)             26808 (  26.18kB)
    Total ROM Size (Code + RO Data + RW Data)      34632 (  33.82kB)

==============================================================================

