Component: ARM Compiler 5.05 update 1 (build 106) Tool: armlink [4d0efa]

==============================================================================

Section Cross References

    startup_stm32f405xx.o(RESET) refers to startup_stm32f405xx.o(STACK) for __initial_sp
    startup_stm32f405xx.o(RESET) refers to startup_stm32f405xx.o(.text) for Reset_Handler
    startup_stm32f405xx.o(RESET) refers to stm32f4xx_it.o(i.NMI_Handler) for NMI_Handler
    startup_stm32f405xx.o(RESET) refers to stm32f4xx_it.o(i.HardFault_Handler) for HardFault_Handler
    startup_stm32f405xx.o(RESET) refers to stm32f4xx_it.o(i.MemManage_Handler) for MemManage_Handler
    startup_stm32f405xx.o(RESET) refers to stm32f4xx_it.o(i.BusFault_Handler) for BusFault_Handler
    startup_stm32f405xx.o(RESET) refers to stm32f4xx_it.o(i.UsageFault_Handler) for UsageFault_Handler
    startup_stm32f405xx.o(RESET) refers to port.o(.emb_text) for SVC_Handler
    startup_stm32f405xx.o(RESET) refers to stm32f4xx_it.o(i.DebugMon_Handler) for DebugMon_Handler
    startup_stm32f405xx.o(RESET) refers to port.o(i.SysTick_Handler) for SysTick_Handler
    startup_stm32f405xx.o(RESET) refers to stm32f4xx_it.o(i.DMA1_Stream0_IRQHandler) for DMA1_Stream0_IRQHandler
    startup_stm32f405xx.o(RESET) refers to stm32f4xx_it.o(i.DMA1_Stream1_IRQHandler) for DMA1_Stream1_IRQHandler
    startup_stm32f405xx.o(RESET) refers to stm32f4xx_it.o(i.CAN1_RX0_IRQHandler) for CAN1_RX0_IRQHandler
    startup_stm32f405xx.o(RESET) refers to stm32f4xx_it.o(i.USART1_IRQHandler) for USART1_IRQHandler
    startup_stm32f405xx.o(RESET) refers to stm32f4xx_it.o(i.USART3_IRQHandler) for USART3_IRQHandler
    startup_stm32f405xx.o(RESET) refers to stm32f4xx_it.o(i.UART5_IRQHandler) for UART5_IRQHandler
    startup_stm32f405xx.o(RESET) refers to stm32f4xx_it.o(i.TIM7_IRQHandler) for TIM7_IRQHandler
    startup_stm32f405xx.o(RESET) refers to stm32f4xx_it.o(i.DMA2_Stream0_IRQHandler) for DMA2_Stream0_IRQHandler
    startup_stm32f405xx.o(RESET) refers to stm32f4xx_it.o(i.DMA2_Stream1_IRQHandler) for DMA2_Stream1_IRQHandler
    startup_stm32f405xx.o(RESET) refers to stm32f4xx_it.o(i.DMA2_Stream2_IRQHandler) for DMA2_Stream2_IRQHandler
    startup_stm32f405xx.o(RESET) refers to stm32f4xx_it.o(i.CAN2_RX0_IRQHandler) for CAN2_RX0_IRQHandler
    startup_stm32f405xx.o(RESET) refers to stm32f4xx_it.o(i.USART6_IRQHandler) for USART6_IRQHandler
    startup_stm32f405xx.o(.text) refers to system_stm32f4xx.o(i.SystemInit) for SystemInit
    startup_stm32f405xx.o(.text) refers to entry.o(.ARM.Collect$$$$00000000) for __main
    main.o(i.HAL_TIM_PeriodElapsedCallback) refers to stm32f4xx_hal.o(i.HAL_IncTick) for HAL_IncTick
    main.o(i.SystemClock_Config) refers to memseta.o(.text) for __aeabi_memclr4
    main.o(i.SystemClock_Config) refers to stm32f4xx_hal_rcc.o(i.HAL_RCC_OscConfig) for HAL_RCC_OscConfig
    main.o(i.SystemClock_Config) refers to stm32f4xx_hal_rcc.o(i.HAL_RCC_ClockConfig) for HAL_RCC_ClockConfig
    main.o(i.main) refers to stm32f4xx_hal.o(i.HAL_Init) for HAL_Init
    main.o(i.main) refers to main.o(i.SystemClock_Config) for SystemClock_Config
    main.o(i.main) refers to gpio.o(i.MX_GPIO_Init) for MX_GPIO_Init
    main.o(i.main) refers to dma.o(i.MX_DMA_Init) for MX_DMA_Init
    main.o(i.main) refers to adc.o(i.MX_ADC1_Init) for MX_ADC1_Init
    main.o(i.main) refers to can.o(i.MX_CAN1_Init) for MX_CAN1_Init
    main.o(i.main) refers to can.o(i.MX_CAN2_Init) for MX_CAN2_Init
    main.o(i.main) refers to dac.o(i.MX_DAC_Init) for MX_DAC_Init
    main.o(i.main) refers to usart.o(i.MX_UART5_Init) for MX_UART5_Init
    main.o(i.main) refers to usart.o(i.MX_USART1_UART_Init) for MX_USART1_UART_Init
    main.o(i.main) refers to usart.o(i.MX_USART3_UART_Init) for MX_USART3_UART_Init
    main.o(i.main) refers to usart.o(i.MX_USART6_UART_Init) for MX_USART6_UART_Init
    main.o(i.main) refers to tim.o(i.MX_TIM2_Init) for MX_TIM2_Init
    main.o(i.main) refers to tim.o(i.MX_TIM3_Init) for MX_TIM3_Init
    main.o(i.main) refers to tim.o(i.MX_TIM4_Init) for MX_TIM4_Init
    main.o(i.main) refers to tim.o(i.MX_TIM5_Init) for MX_TIM5_Init
    main.o(i.main) refers to tim.o(i.MX_TIM1_Init) for MX_TIM1_Init
    main.o(i.main) refers to tim.o(i.MX_TIM8_Init) for MX_TIM8_Init
    main.o(i.main) refers to tim.o(i.MX_TIM9_Init) for MX_TIM9_Init
    main.o(i.main) refers to tim.o(i.MX_TIM12_Init) for MX_TIM12_Init
    main.o(i.main) refers to init_ctrl.o(i.Init_InitAll) for Init_InitAll
    main.o(i.main) refers to freertos.o(i.MX_FREERTOS_Init) for MX_FREERTOS_Init
    main.o(i.main) refers to cmsis_os.o(i.osKernelStart) for osKernelStart
    gpio.o(i.MX_GPIO_Init) refers to memseta.o(.text) for __aeabi_memclr4
    gpio.o(i.MX_GPIO_Init) refers to stm32f4xx_hal_gpio.o(i.HAL_GPIO_WritePin) for HAL_GPIO_WritePin
    gpio.o(i.MX_GPIO_Init) refers to stm32f4xx_hal_gpio.o(i.HAL_GPIO_Init) for HAL_GPIO_Init
[...]
    Motor_InitMotor                          0x0800589d   Thumb Code   168  motor_periph.o(i.Motor_InitMotor)
    Motor_InitMotorGroup                     0x08005949   Thumb Code    54  motor_periph.o(i.Motor_InitMotorGroup)
    Motor_InitMotorParam                     0x0800597f   Thumb Code   116  motor_periph.o(i.Motor_InitMotorParam)
    Motor_ReadPWMEncoder                     0x080059f5   Thumb Code   100  motor_periph.o(i.Motor_ReadPWMEncoder)
    Motor_ResetMotorPID                      0x08005a5d   Thumb Code    42  motor_periph.o(i.Motor_ResetMotorPID)
    Motor_SendMotorGroupOutput               0x08005a89   Thumb Code   208  motor_periph.o(i.Motor_SendMotorGroupOutput)
    Motor_SendMotorPWMOutput                 0x08005b59   Thumb Code    84  motor_periph.o(i.Motor_SendMotorPWMOutput)
    Motor_SetMotorFdb                        0x08005bbd   Thumb Code    38  motor_periph.o(i.Motor_SetMotorFdb)
    Motor_SetMotorRef                        0x08005be3   Thumb Code    34  motor_periph.o(i.Motor_SetMotorRef)
    NMI_Handler                              0x08005c05   Thumb Code     2  stm32f4xx_it.o(i.NMI_Handler)
    PID_AddPIDRef                            0x08005c07   Thumb Code    14  pid_alg.o(i.PID_AddPIDRef)
    PID_CalcPID                              0x08005c15   Thumb Code   688  pid_alg.o(i.PID_CalcPID)
    PID_ClearPID                             0x08005ec5   Thumb Code    58  pid_alg.o(i.PID_ClearPID)
    PID_GetPIDOutput                         0x08005f05   Thumb Code     6  pid_alg.o(i.PID_GetPIDOutput)
    PID_InitPIDParam                         0x08005f0b   Thumb Code    98  pid_alg.o(i.PID_InitPIDParam)
    PID_SetPIDFdb                            0x08005f6d   Thumb Code     6  pid_alg.o(i.PID_SetPIDFdb)
    PID_SetPIDRef                            0x08005f73   Thumb Code     6  pid_alg.o(i.PID_SetPIDRef)
    PWM_InitPWM                              0x08005f79   Thumb Code    58  pwm_util.o(i.PWM_InitPWM)
    PWM_SetPWMDuty                           0x08005fc9   Thumb Code    84  pwm_util.o(i.PWM_SetPWMDuty)
    PWM_SetPWMFreq                           0x0800601d   Thumb Code    72  pwm_util.o(i.PWM_SetPWMFreq)
    PWM_StartPWM                             0x08006065   Thumb Code    28  pwm_util.o(i.PWM_StartPWM)
    PWM_StopPWM                              0x08006081   Thumb Code    28  pwm_util.o(i.PWM_StopPWM)
    Referee_Task                             0x0800609d   Thumb Code     8  freertos.o(i.Referee_Task)
    Remote_CancelChannelOffset               0x080060a5   Thumb Code    10  remote_periph.o(i.Remote_CancelChannelOffset)
    Remote_ControlCom                        0x080060b5   Thumb Code   108  gim_remote_ctrl.o(i.Remote_ControlCom)
    Remote_DecodeKeyboardData                0x0800612d   Thumb Code    96  remote_periph.o(i.Remote_DecodeKeyboardData)
    Remote_DecodeRemoteData                  0x0800618d   Thumb Code   198  remote_periph.o(i.Remote_DecodeRemoteData)
    Remote_Gesture                           0x08006253   Thumb Code    54  gim_remote_ctrl.o(i.Remote_Gesture)
    Remote_GestureFunction_1                 0x08006289   Thumb Code    16  gim_remote_ctrl.o(i.Remote_GestureFunction_1)
    Remote_GestureFunction_2                 0x0800629d   Thumb Code    16  gim_remote_ctrl.o(i.Remote_GestureFunction_2)
    Remote_GestureFunction_3                 0x080062b1   Thumb Code    10  gim_remote_ctrl.o(i.Remote_GestureFunction_3)
    Remote_GestureFunction_4                 0x080062c5   Thumb Code    10  gim_remote_ctrl.o(i.Remote_GestureFunction_4)
    Remote_Gesturejudge                      0x080062d9   Thumb Code   220  gim_remote_ctrl.o(i.Remote_Gesturejudge)
    Remote_GetRemoteDataPtr                  0x080063bd   Thumb Code     4  remote_periph.o(i.Remote_GetRemoteDataPtr)
    Remote_InitRemote                        0x080063c5   Thumb Code    40  remote_periph.o(i.Remote_InitRemote)
    Remote_IsRemoteError                     0x080063f5   Thumb Code    48  remote_periph.o(i.Remote_IsRemoteError)
    Remote_KeyMouseProcess                   0x08006425   Thumb Code   624  gim_remote_ctrl.o(i.Remote_KeyMouseProcess)
    Remote_MouseShooterModeSet               0x080066dd   Thumb Code   104  gim_remote_ctrl.o(i.Remote_MouseShooterModeSet)
    Remote_RXCallback                        0x08006755   Thumb Code    60  remote_periph.o(i.Remote_RXCallback)
    Remote_RemoteProcess                     0x08006795   Thumb Code   220  gim_remote_ctrl.o(i.Remote_RemoteProcess)
    Remote_RemoteShooterModeSet              0x08006899   Thumb Code    74  gim_remote_ctrl.o(i.Remote_RemoteShooterModeSet)
    Remote_ResetRemoteData                   0x080068f1   Thumb Code    52  remote_periph.o(i.Remote_ResetRemoteData)
    Remote_Task                              0x08006925   Thumb Code    12  freertos.o(i.Remote_Task)
    Remotr_RemotrControlInit                 0x08006931   Thumb Code    40  gim_remote_ctrl.o(i.Remotr_RemotrControlInit)
    Servo_GetServoAngle                      0x08006965   Thumb Code     6  servo_periph.o(i.Servo_GetServoAngle)
    Servo_InitAllServos                      0x0800696d   Thumb Code    10  servo_periph.o(i.Servo_InitAllServos)
    Servo_InitServo                          0x08006981   Thumb Code    44  servo_periph.o(i.Servo_InitServo)
    Servo_SetServoAngle                      0x080069b5   Thumb Code    30  servo_periph.o(i.Servo_SetServoAngle)
    Servo_StartServo                         0x080069e1   Thumb Code    10  servo_periph.o(i.Servo_StartServo)
    Shoot_Task                               0x080069eb   Thumb Code    12  freertos.o(i.Shoot_Task)
    Shooter_AngleCorrect                     0x080069f9   Thumb Code    50  gim_shoot_ctrl.o(i.Shooter_AngleCorrect)
    Shooter_ChangeFeederMode                 0x08006a35   Thumb Code    40  gim_shoot_ctrl.o(i.Shooter_ChangeFeederMode)
    Shooter_ChangeShooterMode                0x08006a61   Thumb Code     6  gim_shoot_ctrl.o(i.Shooter_ChangeShooterMode)
    Shooter_Control                          0x08006a6d   Thumb Code    18  gim_shoot_ctrl.o(i.Shooter_Control)
    Shooter_FeederControl                    0x08006a81   Thumb Code   104  gim_shoot_ctrl.o(i.Shooter_FeederControl)
    Shooter_FeederMotorLockedJudge           0x08006afd   Thumb Code   124  gim_shoot_ctrl.o(i.Shooter_FeederMotorLockedJudge)
    Shooter_GetRefereeSpeed                  0x08006b91   Thumb Code    36  gim_shoot_ctrl.o(i.Shooter_GetRefereeSpeed)
    Shooter_GetShooterControlPtr             0x08006bc1   Thumb Code     4  gim_shoot_ctrl.o(i.Shooter_GetShooterControlPtr)
    Shooter_HeatCtrl                         0x08006bc9   Thumb Code   212  gim_shoot_ctrl.o(i.Shooter_HeatCtrl)
    Shooter_InitShooter                      0x08006cc1   Thumb Code    50  gim_shoot_ctrl.o(i.Shooter_InitShooter)
    Shooter_InitShooterMotor                 0x08006cfd   Thumb Code   112  gim_shoot_ctrl.o(i.Shooter_InitShooterMotor)
    Shooter_MotorLockedHandle                0x08006d81   Thumb Code    54  gim_shoot_ctrl.o(i.Shooter_MotorLockedHandle)
    Shooter_SetFeederSpeed                   0x08006dc9   Thumb Code     8  gim_shoot_ctrl.o(i.Shooter_SetFeederSpeed)
    Shooter_SetShooterSpeed                  0x08006dd5   Thumb Code    12  gim_shoot_ctrl.o(i.Shooter_SetShooterSpeed)
    Shooter_ShootControl                     0x08006de5   Thumb Code   136  gim_shoot_ctrl.o(i.Shooter_ShootControl)
    Shooter_SingleShootCtrl                  0x08006e91   Thumb Code    32  gim_shoot_ctrl.o(i.Shooter_SingleShootCtrl)
    Shooter_SingleShootReset                 0x08006ebd   Thumb Code     8  gim_shoot_ctrl.o(i.Shooter_SingleShootReset)
    Shooter_UpdataControlData                0x08006ec9   Thumb Code    56  gim_shoot_ctrl.o(i.Shooter_UpdataControlData)
    StartDefaultTask                         0x08006f0d   Thumb Code     8  freertos.o(i.StartDefaultTask)
    SuperCap_Task                            0x08006f15   Thumb Code     8  freertos.o(i.SuperCap_Task)
    SysTick_Handler                          0x08006f1d   Thumb Code    38  port.o(i.SysTick_Handler)
    SystemClock_Config                       0x08006f49   Thumb Code   140  main.o(i.SystemClock_Config)
    SystemInit                               0x08006fdd   Thumb Code    22  system_stm32f4xx.o(i.SystemInit)
    TIM7_IRQHandler                          0x08006ff9   Thumb Code     6  stm32f4xx_it.o(i.TIM7_IRQHandler)
    TIM_Base_SetConfig                       0x08007005   Thumb Code   156  stm32f4xx_hal_tim.o(i.TIM_Base_SetConfig)
    TIM_CCxChannelCmd                        0x080070cd   Thumb Code    26  stm32f4xx_hal_tim.o(i.TIM_CCxChannelCmd)
    TIM_ETR_SetConfig                        0x080070e7   Thumb Code    20  stm32f4xx_hal_tim.o(i.TIM_ETR_SetConfig)
    TIM_OC2_SetConfig                        0x0800716d   Thumb Code    98  stm32f4xx_hal_tim.o(i.TIM_OC2_SetConfig)
    UART5_IRQHandler                         0x080072d9   Thumb Code    18  stm32f4xx_it.o(i.UART5_IRQHandler)
    USART1_IRQHandler                        0x08007541   Thumb Code    18  stm32f4xx_it.o(i.USART1_IRQHandler)
    USART3_IRQHandler                        0x08007559   Thumb Code    18  stm32f4xx_it.o(i.USART3_IRQHandler)
    USART6_IRQHandler                        0x08007571   Thumb Code    18  stm32f4xx_it.o(i.USART6_IRQHandler)
    Uart_DMACurrentDataCounter               0x08007589   Thumb Code     6  uart_util.o(i.Uart_DMACurrentDataCounter)
    Uart_InitUartDMA                         0x0800758f   Thumb Code    20  uart_util.o(i.Uart_InitUartDMA)
    Uart_ReceiveDMA                          0x080075a3   Thumb Code    56  uart_util.o(i.Uart_ReceiveDMA)
    Uart_ReceiveHandler                      0x080075db   Thumb Code    32  uart_util.o(i.Uart_ReceiveHandler)
    Uart_RxIdleCallback                      0x080075fd   Thumb Code    52  uart_util.o(i.Uart_RxIdleCallback)
    Uart_SendMessage_IT                      0x0800763d   Thumb Code     4  uart_util.o(i.Uart_SendMessage_IT)
    UsageFault_Handler                       0x08007641   Thumb Code     2  stm32f4xx_it.o(i.UsageFault_Handler)
    WatchDog_FeedDog                         0x08007643   Thumb Code     2  watchdog_ctrl.o(i.WatchDog_FeedDog)
    WatchDog_Task                            0x08007645   Thumb Code    12  freertos.o(i.WatchDog_Task)
    __scatterload_copy                       0x08007671   Thumb Code    14  handlers.o(i.__scatterload_copy)
    __scatterload_null                       0x0800767f   Thumb Code     2  handlers.o(i.__scatterload_null)
    __scatterload_zeroinit                   0x08007681   Thumb Code    14  handlers.o(i.__scatterload_zeroinit)
    _cmd_mode_control                        0x0800768f   Thumb Code     2  buscomm_ctrl.o(i._cmd_mode_control)
    _cmd_ui_mode_control                     0x08007691   Thumb Code     2  buscomm_ctrl.o(i._cmd_ui_mode_control)
    buff2float                               0x08007d41   Thumb Code     8  buff_lib.o(i.buff2float)
    buff2i16                                 0x08007d49   Thumb Code     6  buff_lib.o(i.buff2i16)
    buff2ui16                                0x08007d4f   Thumb Code     4  buff_lib.o(i.buff2ui16)
    chassis_encoder_callback                 0x08007d53   Thumb Code    26  motor_periph.o(i.chassis_encoder_callback)
    crc16_verify                             0x08007d6d   Thumb Code    46  crc_alg.o(i.crc16_verify)
    feeder_encoder_callback                  0x08007d9d   Thumb Code   250  motor_periph.o(i.feeder_encoder_callback)
    float2buff                               0x08007ea1   Thumb Code     8  buff_lib.o(i.float2buff)
    gimbal_encoder_callback                  0x08007ea9   Thumb Code   224  motor_periph.o(i.gimbal_encoder_callback)
    main                                     0x08007fa1   Thumb Code    94  main.o(i.main)
    osDelay                                  0x0800800b   Thumb Code    14  cmsis_os.o(i.osDelay)
    osKernelStart                            0x08008019   Thumb Code    10  cmsis_os.o(i.osKernelStart)
    osMessageCreate                          0x08008023   Thumb Code    38  cmsis_os.o(i.osMessageCreate)
    osThreadCreate                           0x08008049   Thumb Code    84  cmsis_os.o(i.osThreadCreate)
    pvPortMalloc                             0x08008425   Thumb Code   210  heap_4.o(i.pvPortMalloc)
    pxPortInitialiseStack                    0x080084fd   Thumb Code    40  port.o(i.pxPortInitialiseStack)
    shooter_encoder_callback                 0x08008529   Thumb Code     2  motor_periph.o(i.shooter_encoder_callback)
    ui162buff                                0x0800852b   Thumb Code    10  buff_lib.o(i.ui162buff)
    uxListRemove                             0x08008535   Thumb Code    38  list.o(i.uxListRemove)
    vApplicationGetIdleTaskMemory            0x0800855d   Thumb Code    16  freertos.o(i.vApplicationGetIdleTaskMemory)
    vListInitialise                          0x08008571   Thumb Code    22  list.o(i.vListInitialise)
    vListInitialiseItem                      0x08008587   Thumb Code     6  list.o(i.vListInitialiseItem)
    vListInsert                              0x0800858d   Thumb Code    48  list.o(i.vListInsert)
    vListInsertEnd                           0x080085bd   Thumb Code    24  list.o(i.vListInsertEnd)
    vPortEnterCritical                       0x080085d5   Thumb Code    54  port.o(i.vPortEnterCritical)
    vPortExitCritical                        0x08008615   Thumb Code    34  port.o(i.vPortExitCritical)
    vPortFree                                0x0800863d   Thumb Code    88  heap_4.o(i.vPortFree)
    vPortSetupTimerInterrupt                 0x08008699   Thumb Code    32  port.o(i.vPortSetupTimerInterrupt)
    vTaskDelay                               0x080086bd   Thumb Code    66  tasks.o(i.vTaskDelay)
    vTaskStartScheduler                      0x08008709   Thumb Code    90  tasks.o(i.vTaskStartScheduler)
    vTaskSuspendAll                          0x08008775   Thumb Code    10  tasks.o(i.vTaskSuspendAll)
    vTaskSwitchContext                       0x08008785   Thumb Code    82  tasks.o(i.vTaskSwitchContext)
    xPortStartScheduler                      0x080087e1   Thumb Code   222  port.o(i.xPortStartScheduler)
    xQueueGenericCreate                      0x080088d5   Thumb Code    72  queue.o(i.xQueueGenericCreate)
    xQueueGenericCreateStatic                0x0800891d   Thumb Code   102  queue.o(i.xQueueGenericCreateStatic)
    xQueueGenericReset                       0x08008985   Thumb Code   132  queue.o(i.xQueueGenericReset)
    xTaskCreate                              0x08008a0d   Thumb Code    90  tasks.o(i.xTaskCreate)
    xTaskCreateStatic                        0x08008a67   Thumb Code    86  tasks.o(i.xTaskCreateStatic)
    xTaskIncrementTick                       0x08008abd   Thumb Code   192  tasks.o(i.xTaskIncrementTick)
    xTaskRemoveFromEventList                 0x08008b85   Thumb Code   108  tasks.o(i.xTaskRemoveFromEventList)
    xTaskResumeAll                           0x08008bf9   Thumb Code   182  tasks.o(i.xTaskResumeAll)
    AHBPrescTable                            0x08008dec   Data          16  system_stm32f4xx.o(.constdata)
    APBPrescTable                            0x08008dfc   Data           8  system_stm32f4xx.o(.constdata)
    REMOTE_PITCH_ANGLE_TO_REF                0x08008e04   Data           4  const_lib.o(.constdata)
    REMOTE_YAW_ANGLE_TO_REF                  0x08008e08   Data           4  const_lib.o(.constdata)
    MOUSE_PITCH_ANGLE_TO_FACT                0x08008e0c   Data           4  const_lib.o(.constdata)
    MOUSE_YAW_ANGLE_TO_FACT                  0x08008e10   Data           4  const_lib.o(.constdata)
    MOUSE_CHASSIS_ACCELERATE                 0x08008e14   Data           4  const_lib.o(.constdata)
    MOUSE_CHASSIS_SLOWDOWN                   0x08008e18   Data           4  const_lib.o(.constdata)
    MOUSE_CHASSIS_MAX_SPEED                  0x08008e1c   Data           4  const_lib.o(.constdata)
    MOUSE_CHASSIS_MAX_GYRO_SPEED             0x08008e20   Data           4  const_lib.o(.constdata)
    Const_MiniPC_Follow_Target_Time          0x08008e24   Data           4  const_lib.o(.constdata)
    Const_MiniPC_Lost_Target_Time            0x08008e28   Data           4  const_lib.o(.constdata)
    Const_PITCH_UMAXANGLE                    0x08008e2c   Data           4  const_lib.o(.constdata)
    Const_PITCH_DMAXANGLE                    0x08008e30   Data           4  const_lib.o(.constdata)
    Const_YAW_MAXANGLE                       0x08008e34   Data           4  const_lib.o(.constdata)
    Const_PITCH_MOTOR_INIT_OFFSET            0x08008e38   Data           4  const_lib.o(.constdata)
    Const_SERVO_INIT_OFFSET                  0x08008e3c   Data           4  const_lib.o(.constdata)
    Const_YAW_MOTOR_INIT_OFFSET              0x08008e40   Data           4  const_lib.o(.constdata)
    Const_BusComm_FRAME_HEADER_SOF           0x0800965c   Data           1  buscomm_ctrl.o(.constdata)
    POWER_LIMITED                            0x0800965d   Data           1  buscomm_ctrl.o(.constdata)
    POWER_UNLIMIT                            0x0800965e   Data           1  buscomm_ctrl.o(.constdata)
    CHASSIS_CTRL_STOP                        0x0800965f   Data           1  buscomm_ctrl.o(.constdata)
    CHASSIS_CTRL_NORMAL                      0x08009660   Data           1  buscomm_ctrl.o(.constdata)
    CHASSIS_CTRL_GYRO                        0x08009661   Data           1  buscomm_ctrl.o(.constdata)
    SUPERCAP_CTRL_OFF                        0x08009662   Data           1  buscomm_ctrl.o(.constdata)
    SUPERCAP_CTRL_ON                         0x08009663   Data           1  buscomm_ctrl.o(.constdata)
    SUPERCAP_CHARGE                          0x08009664   Data           1  buscomm_ctrl.o(.constdata)
    SUPERCAP_UNCHARGE                        0x08009665   Data           1  buscomm_ctrl.o(.constdata)
    SUPERCAP_MODE_ON                         0x08009666   Data           1  buscomm_ctrl.o(.constdata)
    Region$$Table$$Base                      0x080096c4   Number         0  anon$$obj.o(Region$$Table)
    Region$$Table$$Limit                     0x080096e4   Number         0  anon$$obj.o(Region$$Table)
    defaultTaskHandle                        0x20000000   Data           4  freertos.o(.data)
    GimbalHandle                             0x20000004   Data           4  freertos.o(.data)
    BusCommHandle                            0x20000008   Data           4  freertos.o(.data)
    RemoteHandle                             0x2000000c   Data           4  freertos.o(.data)
    ChassisHandle                            0x20000010   Data           4  freertos.o(.data)
    SuperCapHandle                           0x20000014   Data           4  freertos.o(.data)
    ShootHandle                              0x20000018   Data           4  freertos.o(.data)
    MiniPCHandle                             0x2000001c   Data           4  freertos.o(.data)
    RefereeHandle                            0x20000020   Data           4  freertos.o(.data)
    WatchDogHandle                           0x20000024   Data           4  freertos.o(.data)
    BusCommSend_QueueHandle                  0x20000028   Data           4  freertos.o(.data)
    uwTickFreq                               0x20000030   Data           1  stm32f4xx_hal.o(.data)
    uwTickPrio                               0x20000034   Data           4  stm32f4xx_hal.o(.data)
    uwTick                                   0x20000038   Data           4  stm32f4xx_hal.o(.data)
    SystemCoreClock                          0x2000003c   Data           4  system_stm32f4xx.o(.data)
    pxCurrentTCB                             0x20000040   Data           4  tasks.o(.data)
    LASER_START                              0x200000a0   Data           8  gpio_util.o(.data)
    BULLET_CHARGING_START                    0x200000a8   Data           8  gpio_util.o(.data)
    LASER                                    0x200000b0   Data           4  gpio_util.o(.data)
    BULLET_CHARGING                          0x200000b4   Data           4  gpio_util.o(.data)
    CRC_IMUEnum                              0x200000b8   Data           1  imu_periph.o(.data)
    Const_IMU_UART_HANDLER                   0x200000c0   Data           4  const_lib.o(.data)
    Const_Remote_UART_HANDLER                0x200000c4   Data           4  const_lib.o(.data)
    Const_MiniPC_UART_HANDLER                0x200000c8   Data           4  const_lib.o(.data)
    Const_BusComm_CAN_HANDLER                0x200000cc   Data           4  const_lib.o(.data)
    Const_ShooterLockedCurrent               0x200000d0   Data           4  const_lib.o(.data)
    Const_ShooterLockedSpeed                 0x200000d4   Data           4  const_lib.o(.data)
    Const_ShooterLockedTime                  0x200000d8   Data           4  const_lib.o(.data)
    Const_ShooterRelockedTime                0x200000dc   Data           4  const_lib.o(.data)
    Const_ShooterLockedReverseSpeed          0x200000e0   Data           4  const_lib.o(.data)
    Const_ShooterSlowSpeed                   0x200000e4   Data           4  const_lib.o(.data)
    Const_ShooterFastSpeed                   0x200000e8   Data           4  const_lib.o(.data)
    Const_Shooter15mpers                     0x200000ec   Data           4  const_lib.o(.data)
    Const_Shooter18mpers                     0x200000f0   Data           4  const_lib.o(.data)
    Const_Shooter30mpers                     0x200000f4   Data           4  const_lib.o(.data)
    Const_FeederSlowSpeed                    0x200000f8   Data           4  const_lib.o(.data)
    Const_FeederFastSpeed                    0x200000fc   Data           4  const_lib.o(.data)
    Const_HeatCtrlFastLimit                  0x20000100   Data           2  const_lib.o(.data)
    Const_HeatCtrlSlowLimit                  0x20000102   Data           2  const_lib.o(.data)
    Const_HeatCtrlSingleCount                0x20000104   Data           2  const_lib.o(.data)
    Const_HeatCtrlStopLimit                  0x20000106   Data           2  const_lib.o(.data)
    CVKF_NT_YAW                              0x20000138   Data           4  gim_minipc_ctrl.o(.data)
    CVKF_NT_PITCH                            0x2000013c   Data           4  gim_minipc_ctrl.o(.data)
    before_cvkf_yaw                          0x20000140   Data           4  gim_minipc_ctrl.o(.data)
    before_cvkf_pitch                        0x20000144   Data           4  gim_minipc_ctrl.o(.data)
    Remote_remoteControlData                 0x20000164   Data           8  gim_remote_ctrl.o(.data)
    Remote_ChassisFBSlope                    0x2000016c   Data           8  gim_remote_ctrl.o(.data)
    Remote_ChassisRLSlope                    0x20000174   Data           8  gim_remote_ctrl.o(.data)
    Buscmd_Receive                           0x20000184   Data         104  buscomm_cmd.o(.data)
    Buscmd_GimSend                           0x200001ec   Data          56  buscomm_cmd.o(.data)
    count1a                                  0x20000224   Data           4  buscomm_cmd.o(.data)
    count2a                                  0x20000228   Data           4  buscomm_cmd.o(.data)
    count3a                                  0x2000022c   Data           4  buscomm_cmd.o(.data)
    count4a                                  0x20000230   Data           4  buscomm_cmd.o(.data)
    count5a                                  0x20000234   Data           4  buscomm_cmd.o(.data)
    count6a                                  0x20000238   Data           4  buscomm_cmd.o(.data)
    count7a                                  0x2000023c   Data           4  buscomm_cmd.o(.data)
    count8a                                  0x20000240   Data           4  buscomm_cmd.o(.data)
    count9a                                  0x20000244   Data           4  buscomm_cmd.o(.data)
    count10a                                 0x20000248   Data           4  buscomm_cmd.o(.data)
    count11a                                 0x2000024c   Data           4  buscomm_cmd.o(.data)
    count12a                                 0x20000250   Data           4  buscomm_cmd.o(.data)
    rate1a                                   0x20000254   Data           4  buscomm_cmd.o(.data)
    rate2a                                   0x20000258   Data           4  buscomm_cmd.o(.data)
    rate3a                                   0x2000025c   Data           4  buscomm_cmd.o(.data)
    rate4a                                   0x20000260   Data           4  buscomm_cmd.o(.data)
    rate5a                                   0x20000264   Data           4  buscomm_cmd.o(.data)
    rate6a                                   0x20000268   Data           4  buscomm_cmd.o(.data)
    rate7a                                   0x2000026c   Data           4  buscomm_cmd.o(.data)
    rate8a                                   0x20000270   Data           4  buscomm_cmd.o(.data)
    rate9a                                   0x20000274   Data           4  buscomm_cmd.o(.data)
    rate10a                                  0x20000278   Data           4  buscomm_cmd.o(.data)
    rate11a                                  0x2000027c   Data           4  buscomm_cmd.o(.data)
    rate12a                                  0x20000280   Data           4  buscomm_cmd.o(.data)
    count6                                   0x20000284   Data           4  buscomm_cmd.o(.data)
    rate6                                    0x20000288   Data           4  buscomm_cmd.o(.data)
    count7                                   0x2000028c   Data           4  buscomm_cmd.o(.data)
    rate7                                    0x20000290   Data           4  buscomm_cmd.o(.data)
    count8                                   0x20000294   Data           4  buscomm_cmd.o(.data)
    rate8                                    0x20000298   Data           4  buscomm_cmd.o(.data)
    count9                                   0x2000029c   Data           4  buscomm_cmd.o(.data)
    rate9                                    0x200002a0   Data           4  buscomm_cmd.o(.data)
    count10                                  0x200002a4   Data           4  buscomm_cmd.o(.data)
    rate10                                   0x200002a8   Data           4  buscomm_cmd.o(.data)
    count11                                  0x200002ac   Data           4  buscomm_cmd.o(.data)
    rate11                                   0x200002b0   Data           4  buscomm_cmd.o(.data)
    count1                                   0x200002b4   Data           4  buscomm_cmd.o(.data)
    rate1                                    0x200002b8   Data           4  buscomm_cmd.o(.data)
    count2                                   0x200002bc   Data           4  buscomm_cmd.o(.data)
    rate2                                    0x200002c0   Data           4  buscomm_cmd.o(.data)
    count3                                   0x200002c4   Data           4  buscomm_cmd.o(.data)
    rate3                                    0x200002c8   Data           4  buscomm_cmd.o(.data)
    count4                                   0x200002cc   Data           4  buscomm_cmd.o(.data)
    rate4                                    0x200002d0   Data           4  buscomm_cmd.o(.data)
    count5                                   0x200002d4   Data           4  buscomm_cmd.o(.data)
    rate5                                    0x200002d8   Data           4  buscomm_cmd.o(.data)
    count12                                  0x200002dc   Data           4  buscomm_cmd.o(.data)
    rate12                                   0x200002e0   Data           4  buscomm_cmd.o(.data)
    hadc1                                    0x20000538   Data          72  adc.o(.bss)
    hdma_adc1                                0x20000580   Data          96  adc.o(.bss)
    hcan1                                    0x200005e0   Data          40  can.o(.bss)
    hcan2                                    0x20000608   Data          40  can.o(.bss)
    hdac                                     0x20000630   Data          20  dac.o(.bss)
    htim1                                    0x20000644   Data          64  tim.o(.bss)
    htim2                                    0x20000684   Data          64  tim.o(.bss)
    htim3                                    0x200006c4   Data          64  tim.o(.bss)
    htim4                                    0x20000704   Data          64  tim.o(.bss)
    htim5                                    0x20000744   Data          64  tim.o(.bss)
    htim8                                    0x20000784   Data          64  tim.o(.bss)
    htim9                                    0x200007c4   Data          64  tim.o(.bss)
    htim12                                   0x20000804   Data          64  tim.o(.bss)
    huart5                                   0x20000844   Data          64  usart.o(.bss)
    huart1                                   0x20000884   Data          64  usart.o(.bss)
    huart3                                   0x200008c4   Data          64  usart.o(.bss)
    huart6                                   0x20000904   Data          64  usart.o(.bss)
    hdma_uart5_rx                            0x20000944   Data          96  usart.o(.bss)
    hdma_usart1_rx                           0x200009a4   Data          96  usart.o(.bss)
    hdma_usart3_rx                           0x20000a04   Data          96  usart.o(.bss)
    hdma_usart6_rx                           0x20000a64   Data          96  usart.o(.bss)
    htim7                                    0x20000ac4   Data          64  stm32f4xx_hal_timebase_tim.o(.bss)
    Can_RxHeader                             0x200047f4   Data          28  can_util.o(.bss)
    Can_RxData                               0x20004810   Data         200  can_util.o(.bss)
    IMU_RxData                               0x200048d8   Data          20  imu_periph.o(.bss)
    IMU_IMUData                              0x200048ec   Data          56  imu_periph.o(.bss)
    speed                                    0x20004924   Data          12  imu_periph.o(.bss)
    angle                                    0x20004930   Data          12  imu_periph.o(.bss)
    LED_LED1                                 0x2000493c   Data          12  led_periph.o(.bss)
    LED_LED2                                 0x20004948   Data          12  led_periph.o(.bss)
    MiniPC_MiniPCData                        0x20004954   Data          24  minipc_periph.o(.bss)
    MiniPC_RxData                            0x2000496c   Data         200  minipc_periph.o(.bss)
    MiniPC_TxData                            0x20004a34   Data         200  minipc_periph.o(.bss)
    Motor_groupHandle                        0x20004afc   Data          16  motor_periph.o(.bss)
    Motor_chassisMotors                      0x20004b0c   Data          52  motor_periph.o(.bss)
    Motor_gimbalMotors                       0x20004b40   Data          52  motor_periph.o(.bss)
    Motor_feederMotors                       0x20004b74   Data          52  motor_periph.o(.bss)
    Motor_shooterMotors                      0x20004ba8   Data          52  motor_periph.o(.bss)
    Motor_chassisMotor1                      0x20004bdc   Data         384  motor_periph.o(.bss)
    Motor_chassisMotor2                      0x20004d5c   Data         384  motor_periph.o(.bss)
    Motor_chassisMotor3                      0x20004edc   Data         384  motor_periph.o(.bss)
    Motor_chassisMotor4                      0x2000505c   Data         384  motor_periph.o(.bss)
    Motor_gimbalMotorYaw                     0x200051dc   Data         384  motor_periph.o(.bss)
    Motor_gimbalMotorPitch                   0x2000535c   Data         384  motor_periph.o(.bss)
    Motor_feederMotor                        0x200054dc   Data         384  motor_periph.o(.bss)
    Motor_shooterMotorLeft                   0x2000565c   Data         384  motor_periph.o(.bss)
    Motor_shooterMotorRight                  0x200057dc   Data         384  motor_periph.o(.bss)
    Remote_RxData                            0x2000595c   Data          54  remote_periph.o(.bss)
    Remote_RemoteData                        0x20005994   Data          44  remote_periph.o(.bss)
    Servo_ammoContainerCapServo              0x200059c0   Data          64  servo_periph.o(.bss)
    Remote_forward_backFilter                0x20005a00   Data          72  const_lib.o(.bss)
    Remote_right_leftFilter                  0x20005a48   Data          72  const_lib.o(.bss)
    Remote_mouse_y_Filter                    0x20005a90   Data          72  const_lib.o(.bss)
    GimbalPitch_gimbalPitchMotorParamBigEnergy 0x20005ae8   Data         240  gim_gimbal_ctrl.o(.bss)
    GimbalPitch_gimbalPitchMotorParamSmallEnergy 0x20005bd8   Data         240  gim_gimbal_ctrl.o(.bss)
    GimbalPitch_gimbalPitchMotorParamArmor   0x20005cc8   Data         240  gim_gimbal_ctrl.o(.bss)
    GimbalPitch_gimbalPitchMotorParamIMUDebug 0x20005db8   Data         240  gim_gimbal_ctrl.o(.bss)
    GimbalPitch_gimbalPitchMotorParamNoAuto  0x20005ea8   Data         240  gim_gimbal_ctrl.o(.bss)
    Gimbal_gambalControlData                 0x20005f98   Data          24  gim_gimbal_ctrl.o(.bss)
    MiniPC_MiniPCContrlData                  0x20005fb0   Data         572  gim_minipc_ctrl.o(.bss)
    Shooter_shooterLeftMotorParam            0x200061ec   Data         240  gim_shoot_ctrl.o(.bss)
    Shooter_shooterRightMotorParam           0x200062dc   Data         240  gim_shoot_ctrl.o(.bss)
    Shooter_feederMotorParam                 0x200063cc   Data         240  gim_shoot_ctrl.o(.bss)
    Shooter_ShooterControl                   0x200064bc   Data          40  gim_shoot_ctrl.o(.bss)
    BusComm_TxData                           0x200064e4   Data         200  buscomm_ctrl.o(.bss)
    BusComm_RxData                           0x200065ac   Data         200  buscomm_ctrl.o(.bss)
    BusComm_BusCommData                      0x20006674   Data          60  buscomm_ctrl.o(.bss)
    BusComm_ChassisCanTxHeader               0x200066b0   Data          24  buscomm_ctrl.o(.bss)
    BusComm_GimbalCanTxHeader                0x200066c8   Data          24  buscomm_ctrl.o(.bss)
    BusComm_SuperCapCanTxHeader              0x200066e0   Data          24  buscomm_ctrl.o(.bss)
    __initial_sp                             0x2000d6f8   Data           0  startup_stm32f405xx.o(STACK)



==============================================================================

Memory Map of the image

  Image Entry point : 0x08000189

  Load Region LR_IROM1 (Base: 0x08000000, Size: 0x000099c8, Max: 0x00100000, ABSOLUTE, COMPRESSED[0x000097b0])

    Execution Region ER_IROM1 (Base: 0x08000000, Size: 0x000096e4, Max: 0x00100000, ABSOLUTE)

    Base Addr    Size         Type   Attr      Idx    E Section Name        Object

    0x08000000   0x00000188   Data   RO            3    RESET               startup_stm32f405xx.o
    0x08000188   0x00000000   Code   RO         7753  * .ARM.Collect$$$$00000000  mc_w.l(entry.o)
    0x08000188   0x00000004   Code   RO         7786    .ARM.Collect$$$$00000001  mc_w.l(entry2.o)
    0x0800018c   0x00000004   Code   RO         7789    .ARM.Collect$$$$00000004  mc_w.l(entry5.o)
    0x08000190   0x00000000   Code   RO         7791    .ARM.Collect$$$$00000008  mc_w.l(entry7b.o)
    0x08000190   0x00000000   Code   RO         7793    .ARM.Collect$$$$0000000A  mc_w.l(entry8b.o)
    0x08000190   0x00000008   Code   RO         7794    .ARM.Collect$$$$0000000B  mc_w.l(entry9a.o)
    0x08000198   0x00000000   Code   RO         7796    .ARM.Collect$$$$0000000D  mc_w.l(entry10a.o)
    0x08000198   0x00000000   Code   RO         7798    .ARM.Collect$$$$0000000F  mc_w.l(entry11a.o)
    0x08000198   0x00000004   Code   RO         7787    .ARM.Collect$$$$00002712  mc_w.l(entry2.o)
    0x0800019c   0x000000be   Code   RO         5414    .emb_text           port.o
    0x0800025a   0x00000002   PAD
    0x0800025c   0x00000024   Code   RO            4    .text               startup_stm32f405xx.o
    0x08000280   0x00000062   Code   RO         7756    .text               mc_w.l(uldiv.o)
    0x080002e2   0x00000024   Code   RO         7758    .text               mc_w.l(memcpya.o)
    0x08000306   0x00000024   Code   RO         7762    .text               mc_w.l(memseta.o)
    0x0800032a   0x0000014e   Code   RO         7768    .text               mf_w.l(dadd.o)
    0x08000478   0x000000e4   Code   RO         7770    .text               mf_w.l(dmul.o)
    0x0800055c   0x000000de   Code   RO         7772    .text               mf_w.l(ddiv.o)
    0x0800063a   0x00000022   Code   RO         7774    .text               mf_w.l(dflti.o)
    0x0800065c   0x0000001a   Code   RO         7776    .text               mf_w.l(dfltui.o)
    0x08000676   0x00000032   Code   RO         7778    .text               mf_w.l(dfixui.o)
    0x080006a8   0x00000026   Code   RO         7780    .text               mf_w.l(f2d.o)
    0x080006ce   0x00000002   PAD
    0x080006d0   0x00000030   Code   RO         7782    .text               mf_w.l(cdrcmple.o)
    0x08000700   0x00000038   Code   RO         7784    .text               mf_w.l(d2f.o)
    0x08000738   0x0000001e   Code   RO         7800    .text               mc_w.l(llshl.o)
    0x08000756   0x00000020   Code   RO         7802    .text               mc_w.l(llushr.o)
    0x08000776   0x00000024   Code   RO         7804    .text               mc_w.l(llsshr.o)
    0x0800079a   0x00000000   Code   RO         7806    .text               mc_w.l(iusefp.o)
    0x0800079a   0x0000006e   Code   RO         7807    .text               mf_w.l(fepilogue.o)
    0x08000808   0x000000ba   Code   RO         7809    .text               mf_w.l(depilogue.o)
    0x080008c2   0x00000002   PAD
    0x080008c4   0x00000024   Code   RO         7811    .text               mc_w.l(init.o)
    0x080008e8   0x00000056   Code   RO         7821    .text               mc_w.l(__dczerorl2.o)
    0x0800093e   0x00000002   PAD
    0x08000940   0x000000be   Code   RO         7695    .text.arm_mat_add_f32  arm_cortexM4lf_math.lib(arm_mat_add_f32.o)
    0x080009fe   0x00000008   Code   RO         7705    .text.arm_mat_init_f32  arm_cortexM4lf_math.lib(arm_mat_init_f32.o)
    0x08000a06   0x00000002   PAD
    0x08000a08   0x000002d0   Code   RO         7714    .text.arm_mat_inverse_f32  arm_cortexM4lf_math.lib(arm_mat_inverse_f32.o)
    0x08000cd8   0x0000013c   Code   RO         7724    .text.arm_mat_mult_f32  arm_cortexM4lf_math.lib(arm_mat_mult_f32.o)
    0x08000e14   0x000000be   Code   RO         7734    .text.arm_mat_sub_f32  arm_cortexM4lf_math.lib(arm_mat_sub_f32.o)
    0x08000ed2   0x00000002   PAD
    0x08000ed4   0x000000b2   Code   RO         7744    .text.arm_mat_trans_f32  arm_cortexM4lf_math.lib(arm_mat_trans_f32.o)
    0x08000f86   0x00000002   PAD
    0x08000f88   0x00000128   Code   RO          990    i.ADC_Init          stm32f4xx_hal_adc.o
    0x080010b0   0x00000018   Code   RO         7335    i.BusComm_CANRxCallback  buscomm_ctrl.o
    0x080010c8   0x00000068   Code   RO         7336    i.BusComm_DecodeBusCommData  buscomm_ctrl.o
    0x08001130   0x00000008   Code   RO         7337    i.BusComm_GetBusDataPtr  buscomm_ctrl.o
    0x08001138   0x00000038   Code   RO         7338    i.BusComm_InitBusComm  buscomm_ctrl.o
    0x08001170   0x00000050   Code   RO         7340    i.BusComm_ResetBusCommData  buscomm_ctrl.o
    0x080011c0   0x00000060   Code   RO         7341    i.BusComm_SendBusCommData  buscomm_ctrl.o
    0x08001220   0x0000000c   Code   RO          265    i.BusComm_Task      freertos.o
    0x0800122c   0x0000003c   Code   RO         7342    i.BusComm_Update    buscomm_ctrl.o
    0x08001268   0x00000030   Code   RO         7343    i.BusComm_VerifyBusCommData  buscomm_ctrl.o
    0x08001298   0x00000002   Code   RO          794    i.BusFault_Handler  stm32f4xx_it.o
    0x0800129a   0x00000002   PAD
    0x0800129c   0x0000000c   Code   RO          795    i.CAN1_RX0_IRQHandler  stm32f4xx_it.o
    0x080012a8   0x0000000c   Code   RO          796    i.CAN2_RX0_IRQHandler  stm32f4xx_it.o
    0x080012b4   0x0000003e   Code   RO         6783    i.CRC_VerifyIMU_HI229  crc_alg.o
    0x080012f2   0x00000002   PAD
    0x080012f4   0x00000048   Code   RO         5495    i.Can_InitFilterAndStart  can_util.o
    0x0800133c   0x00000010   Code   RO         5496    i.Can_InitTxHeader  can_util.o
    0x0800134c   0x00000020   Code   RO         5497    i.Can_RxMessageCallback  can_util.o
    0x0800136c   0x0000000a   Code   RO         5498    i.Can_SendMessage   can_util.o
    0x08001376   0x00000008   Code   RO          266    i.Chassis_Task      freertos.o
    0x0800137e   0x00000002   PAD
    0x08001380   0x00000070   Code   RO         6338    i.Const_SetGimbalPitchMotorParam  const_lib.o
    0x080013f0   0x00000048   Code   RO         6339    i.Const_SetShooterPIDParam  const_lib.o
    0x08001438   0x0000000c   Code   RO          797    i.DMA1_Stream0_IRQHandler  stm32f4xx_it.o
    0x08001444   0x0000000c   Code   RO          798    i.DMA1_Stream1_IRQHandler  stm32f4xx_it.o
    0x08001450   0x0000000c   Code   RO          799    i.DMA2_Stream0_IRQHandler  stm32f4xx_it.o
    0x0800145c   0x0000000c   Code   RO          800    i.DMA2_Stream1_IRQHandler  stm32f4xx_it.o
    0x08001468   0x0000000c   Code   RO          801    i.DMA2_Stream2_IRQHandler  stm32f4xx_it.o
    0x08001474   0x00000028   Code   RO         1721    i.DMA_CalcBaseAndBitshift  stm32f4xx_hal_dma.o
    0x0800149c   0x00000054   Code   RO         1722    i.DMA_CheckFifoParam  stm32f4xx_hal_dma.o
    0x080014f0   0x00000028   Code   RO         1723    i.DMA_SetConfig     stm32f4xx_hal_dma.o
    0x08001518   0x00000002   Code   RO          802    i.DebugMon_Handler  stm32f4xx_it.o
    0x0800151a   0x00000004   Code   RO           13    i.Error_Handler     main.o
    0x0800151e   0x00000002   PAD
    0x08001520   0x00000130   Code   RO         6613    i.Filter_Bessel     filter_alg.o
    0x08001650   0x0000006c   Code   RO         6614    i.Filter_LowPass    filter_alg.o
    0x080016bc   0x00000006   Code   RO         6615    i.Filter_LowPassInit  filter_alg.o
    0x080016c2   0x0000000a   Code   RO         5687    i.GPIO_Close        gpio_util.o
    0x080016cc   0x0000000a   Code   RO         5688    i.GPIO_Open         gpio_util.o
    0x080016d6   0x00000002   PAD
    0x080016d8   0x00000018   Code   RO         6851    i.GimbalPitch_Output  gim_gimbal_ctrl.o
    0x080016f0   0x00000018   Code   RO         6852    i.Gimbal_ChangeMode  gim_gimbal_ctrl.o
    0x08001708   0x000000cc   Code   RO         6853    i.Gimbal_CtrlPitch  gim_gimbal_ctrl.o
    0x080017d4   0x00000034   Code   RO         6854    i.Gimbal_CtrlYaw    gim_gimbal_ctrl.o
    0x08001808   0x00000008   Code   RO         6855    i.Gimbal_GetGimbalControlPtr  gim_gimbal_ctrl.o
    0x08001810   0x0000004c   Code   RO         6856    i.Gimbal_Init_Offset  gim_gimbal_ctrl.o
    0x0800185c   0x00000050   Code   RO         6857    i.Gimbal_LimitPitch  gim_gimbal_ctrl.o
    0x080018ac   0x00000070   Code   RO         6858    i.Gimbal_LimitYaw   gim_gimbal_ctrl.o
    0x0800191c   0x00000050   Code   RO         6859    i.Gimbal_SetPitchAutoRef  gim_gimbal_ctrl.o
    0x0800196c   0x00000014   Code   RO         6860    i.Gimbal_SetPitchRef  gim_gimbal_ctrl.o
    0x08001980   0x0000002c   Code   RO         6861    i.Gimbal_SetYawAutoRef  gim_gimbal_ctrl.o
    0x080019ac   0x00000014   Code   RO         6862    i.Gimbal_SetYawRef  gim_gimbal_ctrl.o
    0x080019c0   0x00000018   Code   RO          267    i.Gimbal_Task       freertos.o
    0x080019d8   0x0000014c   Code   RO          992    i.HAL_ADC_ConfigChannel  stm32f4xx_hal_adc.o
    0x08001b24   0x00000054   Code   RO         1001    i.HAL_ADC_Init      stm32f4xx_hal_adc.o
    0x08001b78   0x000000a0   Code   RO          476    i.HAL_ADC_MspInit   adc.o
    0x08001c18   0x00000024   Code   RO         2395    i.HAL_CAN_ActivateNotification  stm32f4xx_hal_can.o
    0x08001c3c   0x000000c8   Code   RO         2396    i.HAL_CAN_AddTxMessage  stm32f4xx_hal_can.o
    0x08001d04   0x0000010c   Code   RO         2397    i.HAL_CAN_ConfigFilter  stm32f4xx_hal_can.o
    0x08001e10   0x00000002   Code   RO         2400    i.HAL_CAN_ErrorCallback  stm32f4xx_hal_can.o
    0x08001e12   0x000000e8   Code   RO         2403    i.HAL_CAN_GetRxMessage  stm32f4xx_hal_can.o
    0x08001efa   0x0000002c   Code   RO         2405    i.HAL_CAN_GetTxMailboxesFreeLevel  stm32f4xx_hal_can.o
    0x08001f26   0x000001fc   Code   RO         2407    i.HAL_CAN_IRQHandler  stm32f4xx_hal_can.o
    0x08002122   0x0000011a   Code   RO         2408    i.HAL_CAN_Init      stm32f4xx_hal_can.o
    0x0800223c   0x00000100   Code   RO          518    i.HAL_CAN_MspInit   can.o
    0x0800233c   0x00000002   Code   RO         2415    i.HAL_CAN_RxFifo0FullCallback  stm32f4xx_hal_can.o
    0x0800233e   0x00000002   PAD
    0x08002340   0x00000024   Code   RO         5499    i.HAL_CAN_RxFifo0MsgPendingCallback  can_util.o
    0x08002364   0x00000002   Code   RO         2417    i.HAL_CAN_RxFifo1FullCallback  stm32f4xx_hal_can.o
    0x08002366   0x00000002   Code   RO         2418    i.HAL_CAN_RxFifo1MsgPendingCallback  stm32f4xx_hal_can.o
    0x08002368   0x00000002   Code   RO         2419    i.HAL_CAN_SleepCallback  stm32f4xx_hal_can.o
    0x0800236a   0x00000002   PAD
    0x0800236c   0x00000058   Code   RO         2420    i.HAL_CAN_Start     stm32f4xx_hal_can.o
    0x080023c4   0x00000002   Code   RO         2422    i.HAL_CAN_TxMailbox0AbortCallback  stm32f4xx_hal_can.o
    0x080023c6   0x00000002   Code   RO         2423    i.HAL_CAN_TxMailbox0CompleteCallback  stm32f4xx_hal_can.o
    0x080023c8   0x00000002   Code   RO         2424    i.HAL_CAN_TxMailbox1AbortCallback  stm32f4xx_hal_can.o
    0x080023ca   0x00000002   Code   RO         2425    i.HAL_CAN_TxMailbox1CompleteCallback  stm32f4xx_hal_can.o
    0x080023cc   0x00000002   Code   RO         2426    i.HAL_CAN_TxMailbox2AbortCallback  stm32f4xx_hal_can.o
    0x080023ce   0x00000002   Code   RO         2427    i.HAL_CAN_TxMailbox2CompleteCallback  stm32f4xx_hal_can.o
    0x080023d0   0x00000002   Code   RO         2429    i.HAL_CAN_WakeUpFromRxMsgCallback  stm32f4xx_hal_can.o
    0x080023d2   0x00000042   Code   RO         2631    i.HAL_DAC_ConfigChannel  stm32f4xx_hal_dac.o
    0x08002414   0x00000028   Code   RO         2641    i.HAL_DAC_Init      stm32f4xx_hal_dac.o
    0x0800243c   0x00000060   Code   RO          567    i.HAL_DAC_MspInit   dac.o
    0x0800249c   0x00000024   Code   RO         1725    i.HAL_DMA_Abort_IT  stm32f4xx_hal_dma.o
    0x080024c0   0x000001a0   Code   RO         1729    i.HAL_DMA_IRQHandler  stm32f4xx_hal_dma.o
    0x08002660   0x000000d4   Code   RO         1730    i.HAL_DMA_Init      stm32f4xx_hal_dma.o
    0x08002734   0x00000046   Code   RO         1733    i.HAL_DMA_Start     stm32f4xx_hal_dma.o
    0x0800277a   0x00000002   PAD
    0x0800277c   0x00000024   Code   RO         2143    i.HAL_Delay         stm32f4xx_hal.o
    0x080027a0   0x000001b8   Code   RO         1617    i.HAL_GPIO_Init     stm32f4xx_hal_gpio.o
    0x08002958   0x0000000a   Code   RO         1621    i.HAL_GPIO_WritePin  stm32f4xx_hal_gpio.o
    0x08002962   0x00000002   PAD
    0x08002964   0x0000000c   Code   RO         2149    i.HAL_GetTick       stm32f4xx_hal.o
    0x08002970   0x00000010   Code   RO         2155    i.HAL_IncTick       stm32f4xx_hal.o
    0x08002980   0x00000034   Code   RO         2156    i.HAL_Init          stm32f4xx_hal.o
    0x080029b4   0x00000074   Code   RO          948    i.HAL_InitTick      stm32f4xx_hal_timebase_tim.o
    0x08002a28   0x00000038   Code   RO          924    i.HAL_MspInit       stm32f4xx_hal_msp.o
    0x08002a60   0x0000001a   Code   RO         2006    i.HAL_NVIC_EnableIRQ  stm32f4xx_hal_cortex.o
    0x08002a7a   0x00000002   PAD
    0x08002a7c   0x00000040   Code   RO         2012    i.HAL_NVIC_SetPriority  stm32f4xx_hal_cortex.o
    0x08002abc   0x00000024   Code   RO         2013    i.HAL_NVIC_SetPriorityGrouping  stm32f4xx_hal_cortex.o
    0x08002ae0   0x00000134   Code   RO         1263    i.HAL_RCC_ClockConfig  stm32f4xx_hal_rcc.o
    0x08002c14   0x00000040   Code   RO         1267    i.HAL_RCC_GetClockConfig  stm32f4xx_hal_rcc.o
    0x08002c54   0x00000020   Code   RO         1270    i.HAL_RCC_GetPCLK1Freq  stm32f4xx_hal_rcc.o
    0x08002c74   0x00000020   Code   RO         1271    i.HAL_RCC_GetPCLK2Freq  stm32f4xx_hal_rcc.o
    0x08002c94   0x00000064   Code   RO         1272    i.HAL_RCC_GetSysClockFreq  stm32f4xx_hal_rcc.o
    0x08002cf8   0x0000035c   Code   RO         1275    i.HAL_RCC_OscConfig  stm32f4xx_hal_rcc.o
    0x08003054   0x00000002   Code   RO         3530    i.HAL_TIMEx_BreakCallback  stm32f4xx_hal_tim_ex.o
    0x08003056   0x00000002   Code   RO         3531    i.HAL_TIMEx_CommutCallback  stm32f4xx_hal_tim_ex.o
    0x08003058   0x00000090   Code   RO         3548    i.HAL_TIMEx_MasterConfigSynchronization  stm32f4xx_hal_tim_ex.o
    0x080030e8   0x00000036   Code   RO         2855    i.HAL_TIM_Base_Init  stm32f4xx_hal_tim.o
    0x0800311e   0x00000002   PAD
    0x08003120   0x000000a0   Code   RO          633    i.HAL_TIM_Base_MspInit  tim.o
    0x080031c0   0x00000022   Code   RO         2860    i.HAL_TIM_Base_Start_IT  stm32f4xx_hal_tim.o
    0x080031e2   0x000000d6   Code   RO         2864    i.HAL_TIM_ConfigClockSource  stm32f4xx_hal_tim.o
    0x080032b8   0x00000098   Code   RO         2873    i.HAL_TIM_Encoder_Init  stm32f4xx_hal_tim.o
    0x08003350   0x000000a0   Code   RO          635    i.HAL_TIM_Encoder_MspInit  tim.o
    0x080033f0   0x00000034   Code   RO         2876    i.HAL_TIM_Encoder_Start  stm32f4xx_hal_tim.o
    0x08003424   0x00000002   Code   RO         2884    i.HAL_TIM_IC_CaptureCallback  stm32f4xx_hal_tim.o
    0x08003426   0x00000166   Code   RO         2898    i.HAL_TIM_IRQHandler  stm32f4xx_hal_tim.o
    0x0800358c   0x000000ac   Code   RO          636    i.HAL_TIM_MspPostInit  tim.o
    0x08003638   0x00000002   Code   RO         2901    i.HAL_TIM_OC_DelayElapsedCallback  stm32f4xx_hal_tim.o
    0x0800363a   0x000000d0   Code   RO         2922    i.HAL_TIM_PWM_ConfigChannel  stm32f4xx_hal_tim.o
    0x0800370a   0x00000036   Code   RO         2925    i.HAL_TIM_PWM_Init  stm32f4xx_hal_tim.o
    0x08003740   0x00000002   Code   RO         2927    i.HAL_TIM_PWM_MspInit  stm32f4xx_hal_tim.o
    0x08003742   0x00000002   Code   RO         2928    i.HAL_TIM_PWM_PulseFinishedCallback  stm32f4xx_hal_tim.o
    0x08003744   0x00000044   Code   RO         2930    i.HAL_TIM_PWM_Start  stm32f4xx_hal_tim.o
    0x08003788   0x0000005c   Code   RO         2933    i.HAL_TIM_PWM_Stop  stm32f4xx_hal_tim.o
    0x080037e4   0x00000014   Code   RO           14    i.HAL_TIM_PeriodElapsedCallback  main.o
    0x080037f8   0x00000002   Code   RO         2941    i.HAL_TIM_TriggerCallback  stm32f4xx_hal_tim.o
    0x080037fa   0x00000002   Code   RO         3802    i.HAL_UART_ErrorCallback  stm32f4xx_hal_uart.o
    0x080037fc   0x0000000a   Code   RO         3804    i.HAL_UART_GetState  stm32f4xx_hal_uart.o
    0x08003806   0x00000002   PAD
    0x08003808   0x00000114   Code   RO         3805    i.HAL_UART_IRQHandler  stm32f4xx_hal_uart.o
    0x0800391c   0x00000062   Code   RO         3806    i.HAL_UART_Init     stm32f4xx_hal_uart.o
    0x0800397e   0x00000002   PAD
    0x08003980   0x000002c4   Code   RO          735    i.HAL_UART_MspInit  usart.o
    0x08003c44   0x00000002   Code   RO         3812    i.HAL_UART_RxCpltCallback  stm32f4xx_hal_uart.o
    0x08003c46   0x0000003e   Code   RO         3816    i.HAL_UART_Transmit_IT  stm32f4xx_hal_uart.o
    0x08003c84   0x00000002   Code   RO         3817    i.HAL_UART_TxCpltCallback  stm32f4xx_hal_uart.o
    0x08003c86   0x00000002   Code   RO          803    i.HardFault_Handler  stm32f4xx_it.o
    0x08003c88   0x00000198   Code   RO         5744    i.IMU_DecodeIMUData  imu_periph.o
    0x08003e20   0x00000008   Code   RO         5745    i.IMU_GetIMUDataPtr  imu_periph.o
    0x08003e28   0x00000034   Code   RO         5746    i.IMU_InitAngelOffset  imu_periph.o
    0x08003e5c   0x00000030   Code   RO         5747    i.IMU_InitIMU       imu_periph.o
    0x08003e8c   0x00000040   Code   RO         5749    i.IMU_RXCallback    imu_periph.o
    0x08003ecc   0x0000002c   Code   RO         5750    i.IMU_ResetIMUData  imu_periph.o
    0x08003ef8   0x00000048   Code   RO         7463    i.Init_InitAll      init_ctrl.o
    0x08003f40   0x00000058   Code   RO         6654    i.Kalman_CVInitSetPitch  kalman_alg.o
    0x08003f98   0x00000058   Code   RO         6655    i.Kalman_CVInitSetYaw  kalman_alg.o
    0x08003ff0   0x000000d8   Code   RO         6656    i.Kalman_CVKalmanInit  kalman_alg.o
    0x080040c8   0x000000f8   Code   RO         6657    i.Kalman_CVKalmanInitPitchParam  kalman_alg.o
    0x080041c0   0x000000f8   Code   RO         6658    i.Kalman_CVKalmanInitYawParam  kalman_alg.o
    0x080042b8   0x000000cc   Code   RO         6660    i.Kalman_CalcCorrect  kalman_alg.o
    0x08004384   0x000000a6   Code   RO         6661    i.Kalman_CalcKFGain  kalman_alg.o
    0x0800442a   0x0000007a   Code   RO         6662    i.Kalman_CalcPredict  kalman_alg.o
    0x080044a4   0x00000094   Code   RO         6663    i.Kalman_JudgeChange  kalman_alg.o
    0x08004538   0x00000030   Code   RO         6664    i.Kalman_MeasurementCalc  kalman_alg.o
    0x08004568   0x00000004   Code   RO         6665    i.Kalman_NonMeasurementCalc  kalman_alg.o
    0x0800456c   0x00000076   Code   RO         6666    i.Kalman_Predict_nT  kalman_alg.o
    0x080045e2   0x00000006   Code   RO         6667    i.Kalman_TurnOffCVKF  kalman_alg.o
    0x080045e8   0x00000006   Code   RO         6668    i.Kalman_TurnOnCVKF  kalman_alg.o
    0x080045ee   0x00000006   Code   RO         6669    i.Kalman_TurnOnMeasureUpdate  kalman_alg.o
    0x080045f4   0x00000062   Code   RO         6670    i.Kalman_Update     kalman_alg.o
    0x08004656   0x00000002   PAD
    0x08004658   0x00000038   Code   RO         5822    i.LED_InitAllLEDs   led_periph.o
    0x08004690   0x00000016   Code   RO         5823    i.LED_InitLED       led_periph.o
    0x080046a6   0x00000020   Code   RO         5824    i.LED_SetLEDState   led_periph.o
    0x080046c6   0x00000002   PAD
    0x080046c8   0x0000008c   Code   RO          477    i.MX_ADC1_Init      adc.o
    0x08004754   0x00000044   Code   RO          519    i.MX_CAN1_Init      can.o
    0x08004798   0x00000044   Code   RO          520    i.MX_CAN2_Init      can.o
    0x080047dc   0x0000003c   Code   RO          568    i.MX_DAC_Init       dac.o
    0x08004818   0x0000007c   Code   RO          608    i.MX_DMA_Init       dma.o
    0x08004894   0x00000104   Code   RO          268    i.MX_FREERTOS_Init  freertos.o
    0x08004998   0x000000e0   Code   RO          241    i.MX_GPIO_Init      gpio.o
    0x08004a78   0x0000004c   Code   RO          637    i.MX_TIM12_Init     tim.o
    0x08004ac4   0x00000068   Code   RO          638    i.MX_TIM1_Init      tim.o
    0x08004b2c   0x00000094   Code   RO          639    i.MX_TIM2_Init      tim.o
    0x08004bc0   0x000000a8   Code   RO          640    i.MX_TIM3_Init      tim.o
    0x08004c68   0x0000006c   Code   RO          641    i.MX_TIM4_Init      tim.o
    0x08004cd4   0x0000006c   Code   RO          642    i.MX_TIM5_Init      tim.o
    0x08004d40   0x00000068   Code   RO          643    i.MX_TIM8_Init      tim.o
    0x08004da8   0x0000004c   Code   RO          644    i.MX_TIM9_Init      tim.o
    0x08004df4   0x00000038   Code   RO          736    i.MX_UART5_Init     usart.o
    0x08004e2c   0x00000040   Code   RO          737    i.MX_USART1_UART_Init  usart.o
    0x08004e6c   0x00000038   Code   RO          738    i.MX_USART3_UART_Init  usart.o
    0x08004ea4   0x0000003c   Code   RO          739    i.MX_USART6_UART_Init  usart.o
    0x08004ee0   0x0000005a   Code   RO         6571    i.Math_CalcSlopeRef  math_alg.o
    0x08004f3a   0x0000002c   Code   RO         6572    i.Math_Differential  math_alg.o
    0x08004f66   0x00000006   Code   RO         6573    i.Math_InitSlopeParam  math_alg.o
    0x08004f6c   0x00000002   Code   RO          804    i.MemManage_Handler  stm32f4xx_it.o
    0x08004f6e   0x00000002   PAD
    0x08004f70   0x00000074   Code   RO         5874    i.MiniPC_ArmorPacketDecode  minipc_periph.o
    0x08004fe4   0x0000002c   Code   RO         6950    i.MiniPC_CalcAutoAim  gim_minipc_ctrl.o
    0x08005010   0x00000018   Code   RO         6951    i.MiniPC_ChangeAimMode  gim_minipc_ctrl.o
    0x08005028   0x00000034   Code   RO         5875    i.MiniPC_DecodeMiniPCPacket  minipc_periph.o
    0x0800505c   0x00000008   Code   RO         6952    i.MiniPC_GetMiniPCControlDataPtr  gim_minipc_ctrl.o
    0x08005064   0x00000008   Code   RO         5876    i.MiniPC_GetMiniPCDataPtr  minipc_periph.o
    0x0800506c   0x00000018   Code   RO         5877    i.MiniPC_HeartPacketDecode  minipc_periph.o
    0x08005084   0x00000088   Code   RO         6953    i.MiniPC_InitControl  gim_minipc_ctrl.o
    0x0800510c   0x00000024   Code   RO         5878    i.MiniPC_InitMiniPC  minipc_periph.o
    0x08005130   0x00000158   Code   RO         6954    i.MiniPC_KalmanPrediction  gim_minipc_ctrl.o
    0x08005288   0x00000044   Code   RO         5880    i.MiniPC_RXCallback  minipc_periph.o
    0x080052cc   0x00000030   Code   RO         5881    i.MiniPC_ResetMiniPCData  minipc_periph.o
    0x080052fc   0x00000078   Code   RO         5882    i.MiniPC_SendHeartPacket  minipc_periph.o
    0x08005374   0x000000ec   Code   RO         6956    i.MiniPC_SetGimbalRef  gim_minipc_ctrl.o
    0x08005460   0x00000048   Code   RO         6957    i.MiniPC_SetTargetFollowMode  gim_minipc_ctrl.o
    0x080054a8   0x0000000c   Code   RO          269    i.MiniPC_Task       freertos.o
    0x080054b4   0x00000048   Code   RO         5883    i.MiniPC_Update     minipc_periph.o
    0x080054fc   0x00000004   Code   RO         6958    i.MiniPC_UpdateAutoAim  gim_minipc_ctrl.o
    0x08005500   0x00000048   Code   RO         6959    i.MiniPC_UpdateControlData  gim_minipc_ctrl.o
    0x08005548   0x00000086   Code   RO         5985    i.Motor_CalcMotorOutput  motor_periph.o
    0x080055ce   0x0000006e   Code   RO         5986    i.Motor_CalcMotorOutputRingOverrided  motor_periph.o
    0x0800563c   0x0000003e   Code   RO         5987    i.Motor_DecodeEncoder  motor_periph.o
    0x0800567a   0x00000002   PAD
    0x0800567c   0x00000030   Code   RO         5988    i.Motor_EncoderDecodeCallback  motor_periph.o
    0x080056ac   0x00000024   Code   RO         5990    i.Motor_GetMotorOutput  motor_periph.o
    0x080056d0   0x000001cc   Code   RO         5992    i.Motor_InitAllMotors  motor_periph.o
    0x0800589c   0x000000ac   Code   RO         5993    i.Motor_InitMotor   motor_periph.o
    0x08005948   0x00000036   Code   RO         5994    i.Motor_InitMotorGroup  motor_periph.o
    0x0800597e   0x00000074   Code   RO         5995    i.Motor_InitMotorParam  motor_periph.o
    0x080059f2   0x00000002   PAD
    0x080059f4   0x00000068   Code   RO         5998    i.Motor_ReadPWMEncoder  motor_periph.o
    0x08005a5c   0x0000002a   Code   RO         6000    i.Motor_ResetMotorPID  motor_periph.o
    0x08005a86   0x00000002   PAD
    0x08005a88   0x000000d0   Code   RO         6001    i.Motor_SendMotorGroupOutput  motor_periph.o
    0x08005b58   0x00000064   Code   RO         6002    i.Motor_SendMotorPWMOutput  motor_periph.o
    0x08005bbc   0x00000026   Code   RO         6003    i.Motor_SetMotorFdb  motor_periph.o
    0x08005be2   0x00000022   Code   RO         6004    i.Motor_SetMotorRef  motor_periph.o
    0x08005c04   0x00000002   Code   RO          805    i.NMI_Handler       stm32f4xx_it.o
    0x08005c06   0x0000000e   Code   RO         6498    i.PID_AddPIDRef     pid_alg.o
    0x08005c14   0x000002b0   Code   RO         6499    i.PID_CalcPID       pid_alg.o
    0x08005ec4   0x00000040   Code   RO         6500    i.PID_ClearPID      pid_alg.o
    0x08005f04   0x00000006   Code   RO         6502    i.PID_GetPIDOutput  pid_alg.o
    0x08005f0a   0x00000062   Code   RO         6504    i.PID_InitPIDParam  pid_alg.o
    0x08005f6c   0x00000006   Code   RO         6505    i.PID_SetPIDFdb     pid_alg.o
    0x08005f72   0x00000006   Code   RO         6506    i.PID_SetPIDRef     pid_alg.o
    0x08005f78   0x00000050   Code   RO         5640    i.PWM_InitPWM       pwm_util.o
    0x08005fc8   0x00000054   Code   RO         5641    i.PWM_SetPWMDuty    pwm_util.o
    0x0800601c   0x00000048   Code   RO         5642    i.PWM_SetPWMFreq    pwm_util.o
    0x08006064   0x0000001c   Code   RO         5643    i.PWM_StartPWM      pwm_util.o
    0x08006080   0x0000001c   Code   RO         5644    i.PWM_StopPWM       pwm_util.o
    0x0800609c   0x00000008   Code   RO          270    i.Referee_Task      freertos.o
    0x080060a4   0x00000010   Code   RO         6173    i.Remote_CancelChannelOffset  remote_periph.o
    0x080060b4   0x00000078   Code   RO         7040    i.Remote_ControlCom  gim_remote_ctrl.o
    0x0800612c   0x00000060   Code   RO         6174    i.Remote_DecodeKeyboardData  remote_periph.o
    0x0800618c   0x000000c6   Code   RO         6175    i.Remote_DecodeRemoteData  remote_periph.o
    0x08006252   0x00000036   Code   RO         7041    i.Remote_Gesture    gim_remote_ctrl.o
    0x08006288   0x00000014   Code   RO         7042    i.Remote_GestureFunction_1  gim_remote_ctrl.o
    0x0800629c   0x00000014   Code   RO         7043    i.Remote_GestureFunction_2  gim_remote_ctrl.o
    0x080062b0   0x00000014   Code   RO         7044    i.Remote_GestureFunction_3  gim_remote_ctrl.o
    0x080062c4   0x00000014   Code   RO         7045    i.Remote_GestureFunction_4  gim_remote_ctrl.o
    0x080062d8   0x000000e4   Code   RO         7046    i.Remote_Gesturejudge  gim_remote_ctrl.o
    0x080063bc   0x00000008   Code   RO         6176    i.Remote_GetRemoteDataPtr  remote_periph.o
    0x080063c4   0x00000030   Code   RO         6177    i.Remote_InitRemote  remote_periph.o
    0x080063f4   0x00000030   Code   RO         6178    i.Remote_IsRemoteError  remote_periph.o
    0x08006424   0x000002b8   Code   RO         7048    i.Remote_KeyMouseProcess  gim_remote_ctrl.o
    0x080066dc   0x00000078   Code   RO         7049    i.Remote_MouseShooterModeSet  gim_remote_ctrl.o
    0x08006754   0x00000040   Code   RO         6180    i.Remote_RXCallback  remote_periph.o
    0x08006794   0x00000104   Code   RO         7050    i.Remote_RemoteProcess  gim_remote_ctrl.o
    0x08006898   0x00000058   Code   RO         7051    i.Remote_RemoteShooterModeSet  gim_remote_ctrl.o
    0x080068f0   0x00000034   Code   RO         6181    i.Remote_ResetRemoteData  remote_periph.o
    0x08006924   0x0000000c   Code   RO          271    i.Remote_Task       freertos.o
    0x08006930   0x00000034   Code   RO         7052    i.Remotr_RemotrControlInit  gim_remote_ctrl.o
    0x08006964   0x00000006   Code   RO         6274    i.Servo_GetServoAngle  servo_periph.o
    0x0800696a   0x00000002   PAD
    0x0800696c   0x00000014   Code   RO         6276    i.Servo_InitAllServos  servo_periph.o
    0x08006980   0x00000034   Code   RO         6277    i.Servo_InitServo   servo_periph.o
    0x080069b4   0x0000002c   Code   RO         6278    i.Servo_SetServoAngle  servo_periph.o
    0x080069e0   0x0000000a   Code   RO         6279    i.Servo_StartServo  servo_periph.o
    0x080069ea   0x0000000c   Code   RO          272    i.Shoot_Task        freertos.o
    0x080069f6   0x00000002   PAD
    0x080069f8   0x0000003c   Code   RO         7139    i.Shooter_AngleCorrect  gim_shoot_ctrl.o
    0x08006a34   0x0000002c   Code   RO         7140    i.Shooter_ChangeFeederMode  gim_shoot_ctrl.o
    0x08006a60   0x0000000c   Code   RO         7141    i.Shooter_ChangeShooterMode  gim_shoot_ctrl.o
    0x08006a6c   0x00000012   Code   RO         7142    i.Shooter_Control   gim_shoot_ctrl.o
    0x08006a7e   0x00000002   PAD
    0x08006a80   0x0000007c   Code   RO         7143    i.Shooter_FeederControl  gim_shoot_ctrl.o
    0x08006afc   0x00000094   Code   RO         7144    i.Shooter_FeederMotorLockedJudge  gim_shoot_ctrl.o
    0x08006b90   0x00000030   Code   RO         7146    i.Shooter_GetRefereeSpeed  gim_shoot_ctrl.o
    0x08006bc0   0x00000008   Code   RO         7147    i.Shooter_GetShooterControlPtr  gim_shoot_ctrl.o
    0x08006bc8   0x000000f8   Code   RO         7148    i.Shooter_HeatCtrl  gim_shoot_ctrl.o
    0x08006cc0   0x0000003c   Code   RO         7150    i.Shooter_InitShooter  gim_shoot_ctrl.o
    0x08006cfc   0x00000084   Code   RO         7151    i.Shooter_InitShooterMotor  gim_shoot_ctrl.o
    0x08006d80   0x00000048   Code   RO         7152    i.Shooter_MotorLockedHandle  gim_shoot_ctrl.o
    0x08006dc8   0x0000000c   Code   RO         7153    i.Shooter_SetFeederSpeed  gim_shoot_ctrl.o
    0x08006dd4   0x00000010   Code   RO         7154    i.Shooter_SetShooterSpeed  gim_shoot_ctrl.o
    0x08006de4   0x000000ac   Code   RO         7155    i.Shooter_ShootControl  gim_shoot_ctrl.o
    0x08006e90   0x0000002c   Code   RO         7157    i.Shooter_SingleShootCtrl  gim_shoot_ctrl.o
    0x08006ebc   0x0000000c   Code   RO         7158    i.Shooter_SingleShootReset  gim_shoot_ctrl.o
    0x08006ec8   0x00000044   Code   RO         7159    i.Shooter_UpdataControlData  gim_shoot_ctrl.o
    0x08006f0c   0x00000008   Code   RO          273    i.StartDefaultTask  freertos.o
    0x08006f14   0x00000008   Code   RO          274    i.SuperCap_Task     freertos.o
    0x08006f1c   0x0000002c   Code   RO         5415    i.SysTick_Handler   port.o
    0x08006f48   0x00000094   Code   RO           15    i.SystemClock_Config  main.o
    0x08006fdc   0x0000001c   Code   RO         4108    i.SystemInit        system_stm32f4xx.o
    0x08006ff8   0x0000000c   Code   RO          806    i.TIM7_IRQHandler   stm32f4xx_it.o
    0x08007004   0x000000c8   Code   RO         2943    i.TIM_Base_SetConfig  stm32f4xx_hal_tim.o
    0x080070cc   0x0000001a   Code   RO         2944    i.TIM_CCxChannelCmd  stm32f4xx_hal_tim.o
    0x080070e6   0x00000014   Code   RO         2954    i.TIM_ETR_SetConfig  stm32f4xx_hal_tim.o
    0x080070fa   0x00000010   Code   RO         2955    i.TIM_ITRx_SetConfig  stm32f4xx_hal_tim.o
    0x0800710a   0x00000002   PAD
    0x0800710c   0x00000060   Code   RO         2956    i.TIM_OC1_SetConfig  stm32f4xx_hal_tim.o
    0x0800716c   0x0000006c   Code   RO         2957    i.TIM_OC2_SetConfig  stm32f4xx_hal_tim.o
    0x080071d8   0x00000068   Code   RO         2958    i.TIM_OC3_SetConfig  stm32f4xx_hal_tim.o
    0x08007240   0x00000050   Code   RO         2959    i.TIM_OC4_SetConfig  stm32f4xx_hal_tim.o
    0x08007290   0x00000022   Code   RO         2961    i.TIM_TI1_ConfigInputStage  stm32f4xx_hal_tim.o
    0x080072b2   0x00000024   Code   RO         2963    i.TIM_TI2_ConfigInputStage  stm32f4xx_hal_tim.o
    0x080072d6   0x00000002   PAD
    0x080072d8   0x00000018   Code   RO          807    i.UART5_IRQHandler  stm32f4xx_it.o
    0x080072f0   0x00000010   Code   RO         3819    i.UART_DMAAbortOnError  stm32f4xx_hal_uart.o
    0x08007300   0x0000001c   Code   RO         3829    i.UART_EndRxTransfer  stm32f4xx_hal_uart.o
    0x0800731c   0x00000096   Code   RO         3831    i.UART_Receive_IT   stm32f4xx_hal_uart.o
    0x080073b2   0x00000002   PAD
    0x080073b4   0x00000128   Code   RO         3832    i.UART_SetConfig    stm32f4xx_hal_uart.o
    0x080074dc   0x00000062   Code   RO         3833    i.UART_Transmit_IT  stm32f4xx_hal_uart.o
    0x0800753e   0x00000002   PAD
    0x08007540   0x00000018   Code   RO          808    i.USART1_IRQHandler  stm32f4xx_it.o
    0x08007558   0x00000018   Code   RO          809    i.USART3_IRQHandler  stm32f4xx_it.o
    0x08007570   0x00000018   Code   RO          810    i.USART6_IRQHandler  stm32f4xx_it.o
    0x08007588   0x00000006   Code   RO         5558    i.Uart_DMACurrentDataCounter  uart_util.o
    0x0800758e   0x00000014   Code   RO         5560    i.Uart_InitUartDMA  uart_util.o
    0x080075a2   0x00000038   Code   RO         5561    i.Uart_ReceiveDMA   uart_util.o
    0x080075da   0x00000020   Code   RO         5562    i.Uart_ReceiveHandler  uart_util.o
    0x080075fa   0x00000002   PAD
    0x080075fc   0x00000040   Code   RO         5563    i.Uart_RxIdleCallback  uart_util.o
    0x0800763c   0x00000004   Code   RO         5565    i.Uart_SendMessage_IT  uart_util.o
    0x08007640   0x00000002   Code   RO          811    i.UsageFault_Handler  stm32f4xx_it.o
    0x08007642   0x00000002   Code   RO         7496    i.WatchDog_FeedDog  watchdog_ctrl.o
    0x08007644   0x0000000c   Code   RO          275    i.WatchDog_Task     freertos.o
    0x08007650   0x00000020   Code   RO         2019    i.__NVIC_SetPriority  stm32f4xx_hal_cortex.o
    0x08007670   0x0000000e   Code   RO         7815    i.__scatterload_copy  mc_w.l(handlers.o)
    0x0800767e   0x00000002   Code   RO         7816    i.__scatterload_null  mc_w.l(handlers.o)
    0x08007680   0x0000000e   Code   RO         7817    i.__scatterload_zeroinit  mc_w.l(handlers.o)
    0x0800768e   0x00000002   Code   RO         7344    i._cmd_mode_control  buscomm_ctrl.o
    0x08007690   0x00000002   Code   RO         7345    i._cmd_ui_mode_control  buscomm_ctrl.o
    0x08007692   0x00000002   PAD
    0x08007694   0x00000080   Code   RO         7526    i._send_chassis_fb  buscomm_cmd.o
    0x08007714   0x00000080   Code   RO         7527    i._send_chassis_lr  buscomm_cmd.o
    0x08007794   0x00000080   Code   RO         7529    i._send_imu_pos     buscomm_cmd.o
    0x08007814   0x00000080   Code   RO         7530    i._send_imu_spd     buscomm_cmd.o
    0x08007894   0x0000008c   Code   RO         7531    i._send_mode        buscomm_cmd.o
    0x08007920   0x00000084   Code   RO         7533    i._send_ui_data     buscomm_cmd.o
    0x080079a4   0x00000080   Code   RO         7534    i._send_yaw_ref     buscomm_cmd.o
    0x08007a24   0x00000044   Code   RO         7536    i._set_17mm_data    buscomm_cmd.o
    0x08007a68   0x0000003c   Code   RO         7537    i._set_cap_state    buscomm_cmd.o
    0x08007aa4   0x00000040   Code   RO         7538    i._set_cha_fb       buscomm_cmd.o
    0x08007ae4   0x00000040   Code   RO         7539    i._set_cha_lr       buscomm_cmd.o
    0x08007b24   0x00000044   Code   RO         7540    i._set_colling_data  buscomm_cmd.o
    0x08007b68   0x00000040   Code   RO         7541    i._set_imu_pos      buscomm_cmd.o
    0x08007ba8   0x00000040   Code   RO         7542    i._set_imu_spd      buscomm_cmd.o
    0x08007be8   0x00000050   Code   RO         7543    i._set_mode         buscomm_cmd.o
    0x08007c38   0x0000003c   Code   RO         7544    i._set_robot_id_power_limit  buscomm_cmd.o
    0x08007c74   0x0000004c   Code   RO         7545    i._set_ui_data      buscomm_cmd.o
    0x08007cc0   0x00000040   Code   RO         7546    i._set_yaw_ref      buscomm_cmd.o
    0x08007d00   0x00000040   Code   RO         7547    i._set_yaw_relative_angle  buscomm_cmd.o
    0x08007d40   0x00000008   Code   RO         6438    i.buff2float        buff_lib.o
    0x08007d48   0x00000006   Code   RO         6439    i.buff2i16          buff_lib.o
    0x08007d4e   0x00000004   Code   RO         6440    i.buff2ui16         buff_lib.o
    0x08007d52   0x0000001a   Code   RO         6005    i.chassis_encoder_callback  motor_periph.o
    0x08007d6c   0x0000002e   Code   RO         6784    i.crc16_verify      crc_alg.o
    0x08007d9a   0x00000002   PAD
    0x08007d9c   0x00000104   Code   RO         6006    i.feeder_encoder_callback  motor_periph.o
    0x08007ea0   0x00000008   Code   RO         6442    i.float2buff        buff_lib.o
    0x08007ea8   0x000000f8   Code   RO         6007    i.gimbal_encoder_callback  motor_periph.o
    0x08007fa0   0x0000005e   Code   RO           16    i.main              main.o
    0x08007ffe   0x0000000c   Code   RO         4974    i.makeFreeRtosPriority  cmsis_os.o
    0x0800800a   0x0000000e   Code   RO         4976    i.osDelay           cmsis_os.o
    0x08008018   0x0000000a   Code   RO         4979    i.osKernelStart     cmsis_os.o
    0x08008022   0x00000026   Code   RO         4988    i.osMessageCreate   cmsis_os.o
    0x08008048   0x00000054   Code   RO         5013    i.osThreadCreate    cmsis_os.o
    0x0800809c   0x00000078   Code   RO         4623    i.prvAddCurrentTaskToDelayedList  tasks.o
    0x08008114   0x000000d0   Code   RO         4624    i.prvAddNewTaskToReadyList  tasks.o
    0x080081e4   0x00000034   Code   RO         4625    i.prvDeleteTCB      tasks.o
    0x08008218   0x0000004c   Code   RO         5353    i.prvHeapInit       heap_4.o
    0x08008264   0x00000060   Code   RO         4626    i.prvIdleTask       tasks.o
    0x080082c4   0x00000016   Code   RO         4289    i.prvInitialiseNewQueue  queue.o
    0x080082da   0x00000002   PAD
    0x080082dc   0x000000b4   Code   RO         4627    i.prvInitialiseNewTask  tasks.o
    0x08008390   0x0000004c   Code   RO         5354    i.prvInsertBlockIntoFreeList  heap_4.o
    0x080083dc   0x00000020   Code   RO         4628    i.prvResetNextTaskUnblockTime  tasks.o
    0x080083fc   0x00000028   Code   RO         5416    i.prvTaskExitError  port.o
    0x08008424   0x000000d8   Code   RO         5355    i.pvPortMalloc      heap_4.o
    0x080084fc   0x0000002c   Code   RO         5417    i.pxPortInitialiseStack  port.o
    0x08008528   0x00000002   Code   RO         6008    i.shooter_encoder_callback  motor_periph.o
    0x0800852a   0x0000000a   Code   RO         6443    i.ui162buff         buff_lib.o
    0x08008534   0x00000026   Code   RO         4246    i.uxListRemove      list.o
    0x0800855a   0x00000002   PAD
    0x0800855c   0x00000014   Code   RO          276    i.vApplicationGetIdleTaskMemory  freertos.o
    0x08008570   0x00000016   Code   RO         4247    i.vListInitialise   list.o
    0x08008586   0x00000006   Code   RO         4248    i.vListInitialiseItem  list.o
    0x0800858c   0x00000030   Code   RO         4249    i.vListInsert       list.o
    0x080085bc   0x00000018   Code   RO         4250    i.vListInsertEnd    list.o
    0x080085d4   0x00000040   Code   RO         5419    i.vPortEnterCritical  port.o
    0x08008614   0x00000028   Code   RO         5420    i.vPortExitCritical  port.o
    0x0800863c   0x0000005c   Code   RO         5356    i.vPortFree         heap_4.o
    0x08008698   0x00000024   Code   RO         5421    i.vPortSetupTimerInterrupt  port.o
    0x080086bc   0x0000004c   Code   RO         4640    i.vTaskDelay        tasks.o
    0x08008708   0x0000006c   Code   RO         4654    i.vTaskStartScheduler  tasks.o
    0x08008774   0x00000010   Code   RO         4656    i.vTaskSuspendAll   tasks.o
    0x08008784   0x0000005c   Code   RO         4657    i.vTaskSwitchContext  tasks.o
    0x080087e0   0x000000f4   Code   RO         5423    i.xPortStartScheduler  port.o
    0x080088d4   0x00000048   Code   RO         4300    i.xQueueGenericCreate  queue.o
    0x0800891c   0x00000066   Code   RO         4301    i.xQueueGenericCreateStatic  queue.o
    0x08008982   0x00000002   PAD
    0x08008984   0x00000088   Code   RO         4302    i.xQueueGenericReset  queue.o
    0x08008a0c   0x0000005a   Code   RO         4660    i.xTaskCreate       tasks.o
    0x08008a66   0x00000056   Code   RO         4661    i.xTaskCreateStatic  tasks.o
    0x08008abc   0x000000c8   Code   RO         4669    i.xTaskIncrementTick  tasks.o
    0x08008b84   0x00000074   Code   RO         4674    i.xTaskRemoveFromEventList  tasks.o
    0x08008bf8   0x000000c4   Code   RO         4675    i.xTaskResumeAll    tasks.o
    0x08008cbc   0x00000128   Data   RO          278    .constdata          freertos.o
    0x08008de4   0x00000008   Data   RO         1736    .constdata          stm32f4xx_hal_dma.o
    0x08008dec   0x00000010   Data   RO         4109    .constdata          system_stm32f4xx.o
    0x08008dfc   0x00000008   Data   RO         4110    .constdata          system_stm32f4xx.o
    0x08008e04   0x00000004   Data   RO         6343    .constdata          const_lib.o
    0x08008e08   0x00000004   Data   RO         6344    .constdata          const_lib.o
    0x08008e0c   0x00000004   Data   RO         6345    .constdata          const_lib.o
    0x08008e10   0x00000004   Data   RO         6346    .constdata          const_lib.o
    0x08008e14   0x00000004   Data   RO         6347    .constdata          const_lib.o
    0x08008e18   0x00000004   Data   RO         6348    .constdata          const_lib.o
    0x08008e1c   0x00000004   Data   RO         6349    .constdata          const_lib.o
    0x08008e20   0x00000004   Data   RO         6350    .constdata          const_lib.o
    0x08008e24   0x00000004   Data   RO         6351    .constdata          const_lib.o
    0x08008e28   0x00000004   Data   RO         6352    .constdata          const_lib.o
    0x08008e2c   0x00000004   Data   RO         6354    .constdata          const_lib.o
    0x08008e30   0x00000004   Data   RO         6355    .constdata          const_lib.o
    0x08008e34   0x00000004   Data   RO         6356    .constdata          const_lib.o
    0x08008e38   0x00000004   Data   RO         6357    .constdata          const_lib.o
    0x08008e3c   0x00000004   Data   RO         6358    .constdata          const_lib.o
    0x08008e40   0x00000004   Data   RO         6359    .constdata          const_lib.o
    0x08008e44   0x00000780   Data   RO         6360    .constdata          const_lib.o
    0x080095c4   0x00000098   Data   RO         6672    .constdata          kalman_alg.o
    0x0800965c   0x00000001   Data   RO         7354    .constdata          buscomm_ctrl.o
    0x0800965d   0x00000001   Data   RO         7355    .constdata          buscomm_ctrl.o
    0x0800965e   0x00000001   Data   RO         7356    .constdata          buscomm_ctrl.o
    0x0800965f   0x00000001   Data   RO         7362    .constdata          buscomm_ctrl.o
    0x08009660   0x00000001   Data   RO         7363    .constdata          buscomm_ctrl.o
    0x08009661   0x00000001   Data   RO         7364    .constdata          buscomm_ctrl.o
    0x08009662   0x00000001   Data   RO         7365    .constdata          buscomm_ctrl.o
    0x08009663   0x00000001   Data   RO         7366    .constdata          buscomm_ctrl.o
    0x08009664   0x00000001   Data   RO         7367    .constdata          buscomm_ctrl.o
    0x08009665   0x00000001   Data   RO         7368    .constdata          buscomm_ctrl.o
    0x08009666   0x00000001   Data   RO         7370    .constdata          buscomm_ctrl.o
    0x08009667   0x00000001   PAD
    0x08009668   0x0000005a   Data   RO          279    .conststring        freertos.o
    0x080096c2   0x00000002   PAD
    0x080096c4   0x00000020   Data   RO         7813    Region$$Table       anon$$obj.o


    Execution Region RW_IRAM1 (Base: 0x20000000, Size: 0x0000d6f8, Max: 0x00020000, ABSOLUTE, COMPRESSED[0x000000cc])

    Base Addr    Size         Type   Attr      Idx    E Section Name        Object

    0x20000000   0x0000002c   Data   RW          280    .data               freertos.o
    0x2000002c   0x00000004   Data   RW          522    .data               can.o
    0x20000030   0x0000000c   Data   RW         2163    .data               stm32f4xx_hal.o
    0x2000003c   0x00000004   Data   RW         4111    .data               system_stm32f4xx.o
    0x20000040   0x0000003c   Data   RW         4678    .data               tasks.o
    0x2000007c   0x00000018   Data   RW         5361    .data               heap_4.o
    0x20000094   0x0000000c   Data   RW         5424    .data               port.o
    0x200000a0   0x00000008   Data   RW         5689    .data               gpio_util.o
    0x200000a8   0x00000008   Data   RW         5690    .data               gpio_util.o
    0x200000b0   0x00000004   Data   RW         5691    .data               gpio_util.o
    0x200000b4   0x00000004   Data   RW         5692    .data               gpio_util.o
    0x200000b8   0x00000001   Data   RW         5754    .data               imu_periph.o
    0x200000b9   0x00000003   PAD
    0x200000bc   0x00000004   Data   RW         6015    .data               motor_periph.o
    0x200000c0   0x00000004   Data   RW         6361    .data               const_lib.o
    0x200000c4   0x00000004   Data   RW         6362    .data               const_lib.o
    0x200000c8   0x00000004   Data   RW         6363    .data               const_lib.o
    0x200000cc   0x00000004   Data   RW         6364    .data               const_lib.o
    0x200000d0   0x00000004   Data   RW         6365    .data               const_lib.o
    0x200000d4   0x00000004   Data   RW         6366    .data               const_lib.o
    0x200000d8   0x00000004   Data   RW         6367    .data               const_lib.o
    0x200000dc   0x00000004   Data   RW         6368    .data               const_lib.o
    0x200000e0   0x00000004   Data   RW         6369    .data               const_lib.o
    0x200000e4   0x00000004   Data   RW         6370    .data               const_lib.o
    0x200000e8   0x00000004   Data   RW         6371    .data               const_lib.o
    0x200000ec   0x00000004   Data   RW         6372    .data               const_lib.o
    0x200000f0   0x00000004   Data   RW         6373    .data               const_lib.o
    0x200000f4   0x00000004   Data   RW         6374    .data               const_lib.o
    0x200000f8   0x00000004   Data   RW         6375    .data               const_lib.o
    0x200000fc   0x00000004   Data   RW         6376    .data               const_lib.o
    0x20000100   0x00000002   Data   RW         6377    .data               const_lib.o
    0x20000102   0x00000002   Data   RW         6378    .data               const_lib.o
    0x20000104   0x00000002   Data   RW         6379    .data               const_lib.o
    0x20000106   0x00000002   Data   RW         6380    .data               const_lib.o
    0x20000108   0x0000002c   Data   RW         6673    .data               kalman_alg.o
    0x20000134   0x00000014   Data   RW         6961    .data               gim_minipc_ctrl.o
    0x20000148   0x00000034   Data   RW         7053    .data               gim_remote_ctrl.o
    0x2000017c   0x00000008   Data   RW         7161    .data               gim_shoot_ctrl.o
    0x20000184   0x00000068   Data   RW         7572    .data               buscomm_cmd.o
    0x200001ec   0x00000038   Data   RW         7573    .data               buscomm_cmd.o
    0x20000224   0x000000c0   Data   RW         7576    .data               buscomm_cmd.o
    0x200002e4   0x00000254   Zero   RW          277    .bss                freertos.o
    0x20000538   0x000000a8   Zero   RW          478    .bss                adc.o
    0x200005e0   0x00000050   Zero   RW          521    .bss                can.o
    0x20000630   0x00000014   Zero   RW          569    .bss                dac.o
    0x20000644   0x00000200   Zero   RW          645    .bss                tim.o
    0x20000844   0x00000280   Zero   RW          740    .bss                usart.o
    0x20000ac4   0x00000040   Zero   RW          951    .bss                stm32f4xx_hal_timebase_tim.o
    0x20000b04   0x000000f0   Zero   RW         4677    .bss                tasks.o
    0x20000bf4   0x00003c00   Zero   RW         5360    .bss                heap_4.o
    0x200047f4   0x000000e4   Zero   RW         5500    .bss                can_util.o
    0x200048d8   0x00000064   Zero   RW         5751    .bss                imu_periph.o
    0x2000493c   0x00000018   Zero   RW         5825    .bss                led_periph.o
    0x20004954   0x000001a8   Zero   RW         5885    .bss                minipc_periph.o
    0x20004afc   0x00000e60   Zero   RW         6009    .bss                motor_periph.o
    0x2000595c   0x00000064   Zero   RW         6183    .bss                remote_periph.o
    0x200059c0   0x00000040   Zero   RW         6281    .bss                servo_periph.o
    0x20005a00   0x00000048   Zero   RW         6340    .bss                const_lib.o
    0x20005a48   0x00000048   Zero   RW         6341    .bss                const_lib.o
    0x20005a90   0x00000048   Zero   RW         6342    .bss                const_lib.o
    0x20005ad8   0x00000010   Zero   RW         6671    .bss                kalman_alg.o
    0x20005ae8   0x000004c8   Zero   RW         6863    .bss                gim_gimbal_ctrl.o
    0x20005fb0   0x0000023c   Zero   RW         6960    .bss                gim_minipc_ctrl.o
    0x200061ec   0x000002f8   Zero   RW         7160    .bss                gim_shoot_ctrl.o
    0x200064e4   0x00000214   Zero   RW         7346    .bss                buscomm_ctrl.o
    0x200066f8   0x00007000   Zero   RW            1    STACK               startup_stm32f405xx.o


==============================================================================

Image component sizes


      Code (inc. data)   RO Data    RW Data    ZI Data      Debug   Object Name

       300         32          0          0        168       1899   adc.o
        36          0          0          0          0       3105   buff_lib.o
      1708        190          0        352          0      16274   buscomm_cmd.o
       480         58         11          0        532      11143   buscomm_ctrl.o
       392         40          0          4         80       2614   can.o
       166          8          0          0        228       6597   can_util.o
       158          0          0          0          0      23819   cmsis_os.o
       184         54       1984         72        216       4901   const_lib.o
       108          0          0          0          0       2516   crc_alg.o
       156         22          0          0         20       1747   dac.o
       124          4          0          0          0        902   dma.o
         0          0          0          0          0      18680   event_groups.o
       418         58          0          0          0       2310   filter_alg.o
       396         16        386         44        596      41777   freertos.o
       744        122          0          0       1224      10479   gim_gimbal_ctrl.o
       940         62          0         20        572       7780   gim_minipc_ctrl.o
      1698        208          0         52          0      10409   gim_remote_ctrl.o
      1298        244          0          8        760      14087   gim_shoot_ctrl.o
       224         16          0          0          0       1083   gpio.o
        20          0          0         24          0       2179   gpio_util.o
       460         24          0         24      15360       7295   heap_4.o
       624         60          0          1        100       6216   imu_periph.o
        72         10          0          0          0        603   init_ctrl.o
      1814         44        152         44         16      12240   kalman_alg.o
       110         14          0          0         24       3022   led_periph.o
       138          0          0          0          0       3542   list.o
       266         14          0          0          0     699980   main.o
       140          0          0          0          0       2254   math_alg.o
       544         60          0          0        424       8882   minipc_periph.o
      2254        118          0          4       3680      16256   motor_periph.o
       882          6          0          0          0       4979   pid_alg.o
       702         72          0         12          0      11360   port.o
       292         22          0          0          0       3371   pwm_util.o
       332          4          0          0          0       8399   queue.o
       530         22          0          0        100       7936   remote_periph.o
       132         32          0          0         64       4021   servo_periph.o
        36          8        392          0      28672        864   startup_stm32f405xx.o
       116         18          0         12          0       8886   stm32f4xx_hal.o
       712         28          0          0          0       2799   stm32f4xx_hal_adc.o
      1682          6          0          0          0      14633   stm32f4xx_hal_can.o
       158         14          0          0          0      32974   stm32f4xx_hal_cortex.o
       106          0          0          0          0       1879   stm32f4xx_hal_dac.o
       898         16          8          0          0       5967   stm32f4xx_hal_dma.o
       450         46          0          0          0       2264   stm32f4xx_hal_gpio.o
        56          4          0          0          0        926   stm32f4xx_hal_msp.o
      1396         86          0          0          0       5833   stm32f4xx_hal_rcc.o
      2016         98          0          0          0      18384   stm32f4xx_hal_tim.o
       148         28          0          0          0       2525   stm32f4xx_hal_tim_ex.o
       116         16          0          0         64       1491   stm32f4xx_hal_timebase_tim.o
      1040         16          0          0          0       8758   stm32f4xx_hal_uart.o
       204         72          0          0          0       9176   stm32f4xx_it.o
         0          0          0          0          0        388   stream_buffer.o
        28          6         24          4          0       1247   system_stm32f4xx.o
      1668        118          0         60        240      20061   tasks.o
      1384        136          0          0        512       8319   tim.o
       182         12          0          0          0       4316   uart_util.o
       944         92          0          0        640       4370   usart.o
         2          0          0          0          0        527   watchdog_ctrl.o

    ----------------------------------------------------------------------
     32250       2456       2992        740      54292    1141244   Object Totals
         0          0         32          0          0          0   (incl. Generated)
        66          0          3          3          0          0   (incl. Padding)

    ----------------------------------------------------------------------

      Code (inc. data)   RO Data    RW Data    ZI Data      Debug   Library Member Name

       190          0          0          0          0       1726   arm_mat_add_f32.o
         8          0          0          0          0        845   arm_mat_init_f32.o
       720          4          0          0          0       3399   arm_mat_inverse_f32.o
       316          4          0          0          0       2307   arm_mat_mult_f32.o
       190          0          0          0          0       1726   arm_mat_sub_f32.o
       178          0          0          0          0       1817   arm_mat_trans_f32.o
        86          0          0          0          0          0   __dczerorl2.o
         0          0          0          0          0          0   entry.o
         0          0          0          0          0          0   entry10a.o
         0          0          0          0          0          0   entry11a.o
         8          4          0          0          0          0   entry2.o
         4          0          0          0          0          0   entry5.o
         0          0          0          0          0          0   entry7b.o
         0          0          0          0          0          0   entry8b.o
         8          4          0          0          0          0   entry9a.o
        30          0          0          0          0          0   handlers.o
        36          8          0          0          0         68   init.o
         0          0          0          0          0          0   iusefp.o
        30          0          0          0          0         68   llshl.o
        36          0          0          0          0         68   llsshr.o
        32          0          0          0          0         68   llushr.o
        36          0          0          0          0         68   memcpya.o
        36          0          0          0          0        108   memseta.o
        98          0          0          0          0         92   uldiv.o
        48          0          0          0          0         68   cdrcmple.o
        56          0          0          0          0         88   d2f.o
       334          0          0          0          0        148   dadd.o
       222          0          0          0          0        100   ddiv.o
       186          0          0          0          0        176   depilogue.o
        50          0          0          0          0         76   dfixui.o
        34          0          0          0          0         76   dflti.o
        26          0          0          0          0         76   dfltui.o
       228          0          0          0          0         96   dmul.o
        38          0          0          0          0         68   f2d.o
       110          0          0          0          0        168   fepilogue.o

    ----------------------------------------------------------------------
      3386         24          0          0          0      13500   Library Totals
        12          0          0          0          0          0   (incl. Padding)

    ----------------------------------------------------------------------

      Code (inc. data)   RO Data    RW Data    ZI Data      Debug   Library Name

      1602          8          0          0          0      11820   arm_cortexM4lf_math.lib
       440         16          0          0          0        540   mc_w.l
      1332          0          0          0          0       1140   mf_w.l

    ----------------------------------------------------------------------
      3386         24          0          0          0      13500   Library Totals

    ----------------------------------------------------------------------

==============================================================================


      Code (inc. data)   RO Data    RW Data    ZI Data      Debug   

     35636       2480       2992        740      54292    1118168   Grand Totals
     35636       2480       2992        204      54292    1118168   ELF Image Totals (compressed)
     35636       2480       2992        204          0          0   ROM Totals

==============================================================================

    Total RO  Size (Code + RO Data)                38628 (  37.72kB)
    Total RW  Size (RW Data + ZI Data)             55032 (  53.74kB)
    Total ROM Size (Code + RO Data + RW Data)      38832 (  37.92kB)

==============================================================================

